******************************************************************************
             TMS320C2000 Linker PC v22.6.1                     
******************************************************************************
>> Linked Thu Jul 11 16:14:56 2024

OUTPUT FILE NAME:   <F28P55X_DEMO.out>
ENTRY POINT SYMBOL: "_c_int00"  address: 00000040


MEMORY CONFIGURATION

         name            origin    length      used     unused   attr    fill
----------------------  --------  ---------  --------  --------  ----  --------
PAGE 0:
  PROG                  00000040   003fffc0  000000fb  003ffec5  RWIX

PAGE 1:
  DATA                  00000000   00010000  0000020a  0000fdf6  RW  
  DATA1                 00010000   003f0000  00000000  003f0000  RW  


SECTION ALLOCATION MAP

 output                                  attributes/
section   page    origin      length       input sections
--------  ----  ----------  ----------   ----------------
.text      0    00000040    000000df     
                  00000040    00000056     rts2800_fpu32.lib : boot28.asm.obj (.text)
                  00000096    00000029                       : exit.c.obj (.text)
                  000000bf    00000024                       : cpy_tbl.c.obj (.text)
                  000000e3    0000001d                       : memcpy.c.obj (.text)
                  00000100    00000012                       : args_main.c.obj (.text)
                  00000112    00000009                       : _lock.c.obj (.text)
                  0000011b    00000002                       : pre_init.c.obj (.text)
                  0000011d    00000001     Main.obj (.text)
                  0000011e    00000001     rts2800_fpu32.lib : startup.c.obj (.text)

.data      0    00000040    00000000     UNINITIALIZED

.cinit     0    0000011f    0000001a     
                  0000011f    0000000e     rts2800_fpu32.lib : exit.c.obj (.cinit)
                  0000012d    00000005                       : _lock.c.obj (.cinit:__lock)
                  00000132    00000005                       : _lock.c.obj (.cinit:__unlock)
                  00000137    00000002     --HOLE-- [fill = 0]

.bss       1    00000000    00000000     UNINITIALIZED

.pinit     0    00000040    00000000     UNINITIALIZED

.stack     1    00000000    00000200     UNINITIALIZED
                  00000000    00000200     --HOLE--

.reset     0    0000013a    00000002     
                  0000013a    00000002     rts2800_fpu32.lib : boot28.asm.obj (.reset)

.ebss      1    00000200    0000000a     UNINITIALIZED
                  00000200    00000006     rts2800_fpu32.lib : exit.c.obj (.ebss)
                  00000206    00000002                       : _lock.c.obj (.ebss:__lock)
                  00000208    00000002                       : _lock.c.obj (.ebss:__unlock)

MODULE SUMMARY

       Module            code   initialized data   uninitialized data
       ------            ----   ----------------   ------------------
    .\APP\
       Main.obj          1      0                  0                 
    +--+-----------------+------+------------------+--------------------+
       Total:            1      0                  0                 
                                                                     
    C:\ti\ccs1271\ccs\tools\compiler\ti-cgt-c2000_22.6.1.LTS\lib\rts2800_fpu32.lib
       boot28.asm.obj    86     2                  0                 
       exit.c.obj        41     14                 6                 
       cpy_tbl.c.obj     36     0                  0                 
       memcpy.c.obj      29     0                  0                 
       _lock.c.obj       9      10                 4                 
       args_main.c.obj   18     0                  0                 
       pre_init.c.obj    2      0                  0                 
       startup.c.obj     1      0                  0                 
    +--+-----------------+------+------------------+--------------------+
       Total:            222    26                 10                
                                                                     
       Stack:            0      0                  512               
    +--+-----------------+------+------------------+--------------------+
       Grand Total:      223    26                 522               


GLOBAL DATA SYMBOLS: SORTED BY DATA PAGE

address     data page           name
--------    ----------------    ----
00000000       0 (00000000)     __stack

00000200       8 (00000200)     ___TI_enable_exit_profile_output
00000202       8 (00000200)     ___TI_cleanup_ptr
00000204       8 (00000200)     ___TI_dtors_ptr
00000206       8 (00000200)     __lock
00000208       8 (00000200)     __unlock


GLOBAL SYMBOLS: SORTED ALPHABETICALLY BY Name 

page  address   name                            
----  -------   ----                            
1     00000000  .bss                            
0     00000040  .data                           
0     00000040  .text                           
0     00000096  C$$EXIT                         
1     00000200  __STACK_END                     
abs   00000200  __STACK_SIZE                    
1     00000202  ___TI_cleanup_ptr               
1     00000204  ___TI_dtors_ptr                 
1     00000200  ___TI_enable_exit_profile_output
abs   ffffffff  ___TI_pprof_out_hndl            
abs   ffffffff  ___TI_prof_data_size            
abs   ffffffff  ___TI_prof_data_start           
abs   ffffffff  ___binit__                      
1     00000000  ___bss__                        
abs   ffffffff  ___c_args__                     
0     0000011f  ___cinit__                      
0     00000040  ___data__                       
0     00000040  ___edata__                      
1     00000000  ___end__                        
0     0000011f  ___etext__                      
abs   ffffffff  ___pinit__                      
0     00000040  ___text__                       
0     00000100  __args_main                     
1     00000206  __lock                          
0     0000011a  __nop                           
0     00000116  __register_lock                 
0     00000112  __register_unlock               
1     00000000  __stack                         
0     0000011e  __system_post_cinit             
0     0000011b  __system_pre_init               
1     00000208  __unlock                        
0     00000096  _abort                          
0     00000040  _c_int00                        
0     000000bf  _copy_in                        
0     00000098  _exit                           
0     0000011d  _main                           
0     000000e3  _memcpy                         
abs   ffffffff  binit                           
0     0000011f  cinit                           
0     00000040  edata                           
1     00000000  end                             
0     0000011f  etext                           
abs   ffffffff  pinit                           


GLOBAL SYMBOLS: SORTED BY Symbol Address 

page  address   name                            
----  -------   ----                            
0     00000040  .data                           
0     00000040  .text                           
0     00000040  ___data__                       
0     00000040  ___edata__                      
0     00000040  ___text__                       
0     00000040  _c_int00                        
0     00000040  edata                           
0     00000096  C$$EXIT                         
0     00000096  _abort                          
0     00000098  _exit                           
0     000000bf  _copy_in                        
0     000000e3  _memcpy                         
0     00000100  __args_main                     
0     00000112  __register_unlock               
0     00000116  __register_lock                 
0     0000011a  __nop                           
0     0000011b  __system_pre_init               
0     0000011d  _main                           
0     0000011e  __system_post_cinit             
0     0000011f  ___cinit__                      
0     0000011f  ___etext__                      
0     0000011f  cinit                           
0     0000011f  etext                           
1     00000000  .bss                            
1     00000000  ___bss__                        
1     00000000  ___end__                        
1     00000000  __stack                         
1     00000000  end                             
1     00000200  __STACK_END                     
1     00000200  ___TI_enable_exit_profile_output
1     00000202  ___TI_cleanup_ptr               
1     00000204  ___TI_dtors_ptr                 
1     00000206  __lock                          
1     00000208  __unlock                        
abs   00000200  __STACK_SIZE                    
abs   ffffffff  ___TI_pprof_out_hndl            
abs   ffffffff  ___TI_prof_data_size            
abs   ffffffff  ___TI_prof_data_start           
abs   ffffffff  ___binit__                      
abs   ffffffff  ___c_args__                     
abs   ffffffff  ___pinit__                      
abs   ffffffff  binit                           
abs   ffffffff  pinit                           

[43 symbols]
