<?xml version="1.0" encoding="ISO-8859-1" ?>
<link_info>
   <banner>TMS320C2000 Linker PC v22.6.1.LTS</banner>
   <copyright>Copyright (c) 1996-2018 Texas Instruments Incorporated</copyright>
   <link_time>0x6a164d55</link_time>
   <link_errors>0x0</link_errors>
   <output_file>../RELEASE/HOPE_P55_APP.out</output_file>
   <entry_point>
      <name>_c_int00</name>
      <address>0x8c59b</address>
   </entry_point>
   <input_file_list>
      <input_file id="fl-2">
         <path>.\APP\</path>
         <kind>object</kind>
         <file>AdcProcess.obj</file>
         <name>AdcProcess.obj</name>
      </input_file>
      <input_file id="fl-3">
         <path>.\APP\</path>
         <kind>object</kind>
         <file>AdjProcess.obj</file>
         <name>AdjProcess.obj</name>
      </input_file>
      <input_file id="fl-4">
         <path>.\APP\</path>
         <kind>object</kind>
         <file>DCDCControl.obj</file>
         <name>DCDCControl.obj</name>
      </input_file>
      <input_file id="fl-5">
         <path>.\APP\</path>
         <kind>object</kind>
         <file>DeratingProcess.obj</file>
         <name>DeratingProcess.obj</name>
      </input_file>
      <input_file id="fl-6">
         <path>.\APP\</path>
         <kind>object</kind>
         <file>EepromProcess.obj</file>
         <name>EepromProcess.obj</name>
      </input_file>
      <input_file id="fl-7">
         <path>.\APP\</path>
         <kind>object</kind>
         <file>FanProcess.obj</file>
         <name>FanProcess.obj</name>
      </input_file>
      <input_file id="fl-8">
         <path>.\APP\</path>
         <kind>object</kind>
         <file>FaultAlarm.obj</file>
         <name>FaultAlarm.obj</name>
      </input_file>
      <input_file id="fl-9">
         <path>.\APP\</path>
         <kind>object</kind>
         <file>INVControl.obj</file>
         <name>INVControl.obj</name>
      </input_file>
      <input_file id="fl-a">
         <path>.\APP\</path>
         <kind>object</kind>
         <file>INVControlNew.obj</file>
         <name>INVControlNew.obj</name>
      </input_file>
      <input_file id="fl-b">
         <path>.\APP\</path>
         <kind>object</kind>
         <file>Initial.obj</file>
         <name>Initial.obj</name>
      </input_file>
      <input_file id="fl-c">
         <path>.\APP\</path>
         <kind>object</kind>
         <file>InverterProcess.obj</file>
         <name>InverterProcess.obj</name>
      </input_file>
      <input_file id="fl-d">
         <path>.\APP\</path>
         <kind>object</kind>
         <file>Main.obj</file>
         <name>Main.obj</name>
      </input_file>
      <input_file id="fl-e">
         <path>.\APP\</path>
         <kind>object</kind>
         <file>ModBusProcess.obj</file>
         <name>ModBusProcess.obj</name>
      </input_file>
      <input_file id="fl-f">
         <path>.\APP\</path>
         <kind>object</kind>
         <file>Oscillograph.obj</file>
         <name>Oscillograph.obj</name>
      </input_file>
      <input_file id="fl-10">
         <path>.\APP\</path>
         <kind>object</kind>
         <file>PVControl.obj</file>
         <name>PVControl.obj</name>
      </input_file>
      <input_file id="fl-11">
         <path>.\APP\</path>
         <kind>object</kind>
         <file>PhaseLock.obj</file>
         <name>PhaseLock.obj</name>
      </input_file>
      <input_file id="fl-12">
         <path>.\APP\</path>
         <kind>object</kind>
         <file>PvMppt.obj</file>
         <name>PvMppt.obj</name>
      </input_file>
      <input_file id="fl-13">
         <path>.\APP\</path>
         <kind>object</kind>
         <file>SciPassthrough.obj</file>
         <name>SciPassthrough.obj</name>
      </input_file>
      <input_file id="fl-14">
         <path>.\APP\</path>
         <kind>object</kind>
         <file>SciRoute.obj</file>
         <name>SciRoute.obj</name>
      </input_file>
      <input_file id="fl-15">
         <path>.\APP\</path>
         <kind>object</kind>
         <file>SoxProcess.obj</file>
         <name>SoxProcess.obj</name>
      </input_file>
      <input_file id="fl-16">
         <path>.\APP\</path>
         <kind>object</kind>
         <file>display_driver.obj</file>
         <name>display_driver.obj</name>
      </input_file>
      <input_file id="fl-17">
         <path>.\APP\</path>
         <kind>object</kind>
         <file>display_vp.obj</file>
         <name>display_vp.obj</name>
      </input_file>
      <input_file id="fl-18">
         <path>.\APP\</path>
         <kind>object</kind>
         <file>f28p55x_codestartbranch.obj</file>
         <name>f28p55x_codestartbranch.obj</name>
      </input_file>
      <input_file id="fl-19">
         <path>.\APP\</path>
         <kind>object</kind>
         <file>f28p55x_globalvariabledefs.obj</file>
         <name>f28p55x_globalvariabledefs.obj</name>
      </input_file>
      <input_file id="fl-1a">
         <path>.\APP\</path>
         <kind>object</kind>
         <file>f28p55x_usdelay.obj</file>
         <name>f28p55x_usdelay.obj</name>
      </input_file>
      <input_file id="fl-1b">
         <path>.\APP\</path>
         <kind>object</kind>
         <file>interrupt.obj</file>
         <name>interrupt.obj</name>
      </input_file>
      <input_file id="fl-1c">
         <path>.\CPU\DriveLib\</path>
         <kind>object</kind>
         <file>adc.obj</file>
         <name>adc.obj</name>
      </input_file>
      <input_file id="fl-1d">
         <path>.\CPU\DriveLib\</path>
         <kind>object</kind>
         <file>aes.obj</file>
         <name>aes.obj</name>
      </input_file>
      <input_file id="fl-1e">
         <path>.\CPU\DriveLib\</path>
         <kind>object</kind>
         <file>asysctl.obj</file>
         <name>asysctl.obj</name>
      </input_file>
      <input_file id="fl-1f">
         <path>.\CPU\DriveLib\</path>
         <kind>object</kind>
         <file>cla.obj</file>
         <name>cla.obj</name>
      </input_file>
      <input_file id="fl-20">
         <path>.\CPU\DriveLib\</path>
         <kind>object</kind>
         <file>clb.obj</file>
         <name>clb.obj</name>
      </input_file>
      <input_file id="fl-21">
         <path>.\CPU\DriveLib\</path>
         <kind>object</kind>
         <file>cmpss.obj</file>
         <name>cmpss.obj</name>
      </input_file>
      <input_file id="fl-22">
         <path>.\CPU\DriveLib\</path>
         <kind>object</kind>
         <file>cputimer.obj</file>
         <name>cputimer.obj</name>
      </input_file>
      <input_file id="fl-23">
         <path>.\CPU\DriveLib\</path>
         <kind>object</kind>
         <file>dac.obj</file>
         <name>dac.obj</name>
      </input_file>
      <input_file id="fl-24">
         <path>.\CPU\DriveLib\</path>
         <kind>object</kind>
         <file>dcc.obj</file>
         <name>dcc.obj</name>
      </input_file>
      <input_file id="fl-25">
         <path>.\CPU\DriveLib\</path>
         <kind>object</kind>
         <file>dcsm.obj</file>
         <name>dcsm.obj</name>
      </input_file>
      <input_file id="fl-26">
         <path>.\CPU\DriveLib\</path>
         <kind>object</kind>
         <file>dma.obj</file>
         <name>dma.obj</name>
      </input_file>
      <input_file id="fl-27">
         <path>.\CPU\DriveLib\</path>
         <kind>object</kind>
         <file>ecap.obj</file>
         <name>ecap.obj</name>
      </input_file>
      <input_file id="fl-28">
         <path>.\CPU\DriveLib\</path>
         <kind>object</kind>
         <file>epg.obj</file>
         <name>epg.obj</name>
      </input_file>
      <input_file id="fl-29">
         <path>.\CPU\DriveLib\</path>
         <kind>object</kind>
         <file>epwm.obj</file>
         <name>epwm.obj</name>
      </input_file>
      <input_file id="fl-2a">
         <path>.\CPU\DriveLib\</path>
         <kind>object</kind>
         <file>eqep.obj</file>
         <name>eqep.obj</name>
      </input_file>
      <input_file id="fl-2b">
         <path>.\CPU\DriveLib\</path>
         <kind>object</kind>
         <file>erad.obj</file>
         <name>erad.obj</name>
      </input_file>
      <input_file id="fl-2c">
         <path>.\CPU\DriveLib\</path>
         <kind>object</kind>
         <file>flash.obj</file>
         <name>flash.obj</name>
      </input_file>
      <input_file id="fl-2d">
         <path>.\CPU\DriveLib\</path>
         <kind>object</kind>
         <file>fsi.obj</file>
         <name>fsi.obj</name>
      </input_file>
      <input_file id="fl-2e">
         <path>.\CPU\DriveLib\</path>
         <kind>object</kind>
         <file>gpio.obj</file>
         <name>gpio.obj</name>
      </input_file>
      <input_file id="fl-2f">
         <path>.\CPU\DriveLib\</path>
         <kind>object</kind>
         <file>hrpwm.obj</file>
         <name>hrpwm.obj</name>
      </input_file>
      <input_file id="fl-30">
         <path>.\CPU\DriveLib\</path>
         <kind>object</kind>
         <file>i2c.obj</file>
         <name>i2c.obj</name>
      </input_file>
      <input_file id="fl-31">
         <path>.\CPU\DriveLib\</path>
         <kind>object</kind>
         <file>interrupt.obj</file>
         <name>interrupt.obj</name>
      </input_file>
      <input_file id="fl-32">
         <path>.\CPU\DriveLib\</path>
         <kind>object</kind>
         <file>lin.obj</file>
         <name>lin.obj</name>
      </input_file>
      <input_file id="fl-33">
         <path>.\CPU\DriveLib\</path>
         <kind>object</kind>
         <file>mcan.obj</file>
         <name>mcan.obj</name>
      </input_file>
      <input_file id="fl-34">
         <path>.\CPU\DriveLib\</path>
         <kind>object</kind>
         <file>memcfg.obj</file>
         <name>memcfg.obj</name>
      </input_file>
      <input_file id="fl-35">
         <path>.\CPU\DriveLib\</path>
         <kind>object</kind>
         <file>pga.obj</file>
         <name>pga.obj</name>
      </input_file>
      <input_file id="fl-36">
         <path>.\CPU\DriveLib\</path>
         <kind>object</kind>
         <file>pmbus.obj</file>
         <name>pmbus.obj</name>
      </input_file>
      <input_file id="fl-37">
         <path>.\CPU\DriveLib\</path>
         <kind>object</kind>
         <file>sci.obj</file>
         <name>sci.obj</name>
      </input_file>
      <input_file id="fl-38">
         <path>.\CPU\DriveLib\</path>
         <kind>object</kind>
         <file>spi.obj</file>
         <name>spi.obj</name>
      </input_file>
      <input_file id="fl-39">
         <path>.\CPU\DriveLib\</path>
         <kind>object</kind>
         <file>sysctl.obj</file>
         <name>sysctl.obj</name>
      </input_file>
      <input_file id="fl-3a">
         <path>.\CPU\DriveLib\</path>
         <kind>object</kind>
         <file>usb.obj</file>
         <name>usb.obj</name>
      </input_file>
      <input_file id="fl-3b">
         <path>.\CPU\DriveLib\</path>
         <kind>object</kind>
         <file>version.obj</file>
         <name>version.obj</name>
      </input_file>
      <input_file id="fl-3c">
         <path>.\CPU\DriveLib\</path>
         <kind>object</kind>
         <file>xbar.obj</file>
         <name>xbar.obj</name>
      </input_file>
      <input_file id="fl-3d">
         <path>.\CPU\</path>
         <kind>object</kind>
         <file>f28p55x_defaultisr.obj</file>
         <name>f28p55x_defaultisr.obj</name>
      </input_file>
      <input_file id="fl-3e">
         <path>.\DRIVER\Eeprom\</path>
         <kind>object</kind>
         <file>eeprom_driver.obj</file>
         <name>eeprom_driver.obj</name>
      </input_file>
      <input_file id="fl-3f">
         <path>.\DRIVER\RlyDriver\</path>
         <kind>object</kind>
         <file>rly_driver.obj</file>
         <name>rly_driver.obj</name>
      </input_file>
      <input_file id="fl-40">
         <path>.\DRIVER\Sci\</path>
         <kind>object</kind>
         <file>sci_driver.obj</file>
         <name>sci_driver.obj</name>
      </input_file>
      <input_file id="fl-41">
         <path>.\DRIVER\Soc\</path>
         <kind>object</kind>
         <file>Soc.obj</file>
         <name>Soc.obj</name>
      </input_file>
      <input_file id="fl-42">
         <path>.\DRIVER\Soc\</path>
         <kind>object</kind>
         <file>Soc_cali.obj</file>
         <name>Soc_cali.obj</name>
      </input_file>
      <input_file id="fl-43">
         <path>.\DRIVER\Soc\</path>
         <kind>object</kind>
         <file>Soc_data.obj</file>
         <name>Soc_data.obj</name>
      </input_file>
      <input_file id="fl-44">
         <path>.\DRIVER\Soc\</path>
         <kind>object</kind>
         <file>Soc_tables.obj</file>
         <name>Soc_tables.obj</name>
      </input_file>
      <input_file id="fl-45">
         <path>.\KERNEL\SOURCE\</path>
         <kind>object</kind>
         <file>OS_CORE.obj</file>
         <name>OS_CORE.obj</name>
      </input_file>
      <input_file id="fl-46">
         <path>.\KERNEL\SOURCE\</path>
         <kind>object</kind>
         <file>OS_EVENT.obj</file>
         <name>OS_EVENT.obj</name>
      </input_file>
      <input_file id="fl-47">
         <path>.\KERNEL\SOURCE\</path>
         <kind>object</kind>
         <file>OS_SHELL.obj</file>
         <name>OS_SHELL.obj</name>
      </input_file>
      <input_file id="fl-48">
         <path>.\KERNEL\SOURCE\</path>
         <kind>object</kind>
         <file>OS_TIMER.obj</file>
         <name>OS_TIMER.obj</name>
      </input_file>
      <input_file id="fl-49">
         <path>.\KERNEL\ports\</path>
         <kind>object</kind>
         <file>OS_CPU.obj</file>
         <name>OS_CPU.obj</name>
      </input_file>
      <input_file id="fl-4a">
         <path>.\KERNEL\ports\</path>
         <kind>object</kind>
         <file>OS_CPU_A.obj</file>
         <name>OS_CPU_A.obj</name>
      </input_file>
      <input_file id="fl-4b">
         <path>.\MODULE\BatteryModule\</path>
         <kind>object</kind>
         <file>BatteryModule.obj</file>
         <name>BatteryModule.obj</name>
      </input_file>
      <input_file id="fl-4c">
         <path>.\MODULE\InverterModule\</path>
         <kind>object</kind>
         <file>InverterModule.obj</file>
         <name>InverterModule.obj</name>
      </input_file>
      <input_file id="fl-4d">
         <path>.\MODULE\Library\</path>
         <kind>object</kind>
         <file>Library.obj</file>
         <name>Library.obj</name>
      </input_file>
      <input_file id="fl-4e">
         <path>.\MODULE\LineModule\</path>
         <kind>object</kind>
         <file>LineModule.obj</file>
         <name>LineModule.obj</name>
      </input_file>
      <input_file id="fl-4f">
         <path>.\MODULE\OutputModule\</path>
         <kind>object</kind>
         <file>OutputModule.obj</file>
         <name>OutputModule.obj</name>
      </input_file>
      <input_file id="fl-50">
         <path>.\MODULE\PvModule\</path>
         <kind>object</kind>
         <file>PvModule.obj</file>
         <name>PvModule.obj</name>
      </input_file>
      <input_file id="fl-51">
         <path>.\MODULE\</path>
         <kind>object</kind>
         <file>sincos.obj</file>
         <name>sincos.obj</name>
      </input_file>
      <input_file id="fl-52">
         <path>.\TASK\</path>
         <kind>object</kind>
         <file>BusBatProtJob.obj</file>
         <name>BusBatProtJob.obj</name>
      </input_file>
      <input_file id="fl-53">
         <path>.\TASK\</path>
         <kind>object</kind>
         <file>DisplayJob.obj</file>
         <name>DisplayJob.obj</name>
      </input_file>
      <input_file id="fl-54">
         <path>.\TASK\</path>
         <kind>object</kind>
         <file>GridJob.obj</file>
         <name>GridJob.obj</name>
      </input_file>
      <input_file id="fl-55">
         <path>.\TASK\</path>
         <kind>object</kind>
         <file>IdleJob.obj</file>
         <name>IdleJob.obj</name>
      </input_file>
      <input_file id="fl-56">
         <path>.\TASK\</path>
         <kind>object</kind>
         <file>InterfaceJob.obj</file>
         <name>InterfaceJob.obj</name>
      </input_file>
      <input_file id="fl-57">
         <path>.\TASK\</path>
         <kind>object</kind>
         <file>InvLoadOPJob.obj</file>
         <name>InvLoadOPJob.obj</name>
      </input_file>
      <input_file id="fl-58">
         <path>.\TASK\</path>
         <kind>object</kind>
         <file>ParallelJob.obj</file>
         <name>ParallelJob.obj</name>
      </input_file>
      <input_file id="fl-59">
         <path>.\TASK\</path>
         <kind>object</kind>
         <file>SupervisorJob.obj</file>
         <name>SupervisorJob.obj</name>
      </input_file>
      <input_file id="fl-5d">
         <kind>object</kind>
         <file>&lt;internal&gt;</file>
         <name>&lt;internal&gt;</name>
      </input_file>
      <input_file id="fl-69">
         <path>C:\ti\ccs1281\ccs\tools\compiler\ti-cgt-c2000_22.6.1.LTS\lib\</path>
         <kind>archive</kind>
         <file>rts2800_fpu32.lib</file>
         <name>boot28.asm.obj</name>
      </input_file>
      <input_file id="fl-6a">
         <path>C:\ti\ccs1281\ccs\tools\compiler\ti-cgt-c2000_22.6.1.LTS\lib\</path>
         <kind>archive</kind>
         <file>rts2800_fpu32.lib</file>
         <name>fs_div28.asm.obj</name>
      </input_file>
      <input_file id="fl-6b">
         <path>C:\ti\ccs1281\ccs\tools\compiler\ti-cgt-c2000_22.6.1.LTS\lib\</path>
         <kind>archive</kind>
         <file>rts2800_fpu32.lib</file>
         <name>ll_cmp28.asm.obj</name>
      </input_file>
      <input_file id="fl-6c">
         <path>C:\ti\ccs1281\ccs\tools\compiler\ti-cgt-c2000_22.6.1.LTS\lib\</path>
         <kind>archive</kind>
         <file>rts2800_fpu32.lib</file>
         <name>i_div28.asm.obj</name>
      </input_file>
      <input_file id="fl-6d">
         <path>C:\ti\ccs1281\ccs\tools\compiler\ti-cgt-c2000_22.6.1.LTS\lib\</path>
         <kind>archive</kind>
         <file>rts2800_fpu32.lib</file>
         <name>u_div28.asm.obj</name>
      </input_file>
      <input_file id="fl-6e">
         <path>C:\ti\ccs1281\ccs\tools\compiler\ti-cgt-c2000_22.6.1.LTS\lib\</path>
         <kind>archive</kind>
         <file>rts2800_fpu32.lib</file>
         <name>l_div28.asm.obj</name>
      </input_file>
      <input_file id="fl-6f">
         <path>C:\ti\ccs1281\ccs\tools\compiler\ti-cgt-c2000_22.6.1.LTS\lib\</path>
         <kind>archive</kind>
         <file>rts2800_fpu32.lib</file>
         <name>cpy_tbl.c.obj</name>
      </input_file>
      <input_file id="fl-70">
         <path>C:\ti\ccs1281\ccs\tools\compiler\ti-cgt-c2000_22.6.1.LTS\lib\</path>
         <kind>archive</kind>
         <file>rts2800_fpu32.lib</file>
         <name>memcpy.c.obj</name>
      </input_file>
      <input_file id="fl-71">
         <path>C:\ti\ccs1281\ccs\tools\compiler\ti-cgt-c2000_22.6.1.LTS\lib\</path>
         <kind>archive</kind>
         <file>rts2800_fpu32.lib</file>
         <name>pre_init.c.obj</name>
      </input_file>
      <input_file id="fl-72">
         <path>C:\ti\ccs1281\ccs\tools\compiler\ti-cgt-c2000_22.6.1.LTS\lib\</path>
         <kind>archive</kind>
         <file>rts2800_fpu32.lib</file>
         <name>startup.c.obj</name>
      </input_file>
      <input_file id="fl-73">
         <path>C:\ti\ccs1281\ccs\tools\compiler\ti-cgt-c2000_22.6.1.LTS\lib\</path>
         <kind>archive</kind>
         <file>rts2800_fpu32.lib</file>
         <name>exit.c.obj</name>
      </input_file>
      <input_file id="fl-74">
         <path>C:\ti\ccs1281\ccs\tools\compiler\ti-cgt-c2000_22.6.1.LTS\lib\</path>
         <kind>archive</kind>
         <file>rts2800_fpu32.lib</file>
         <name>_lock.c.obj</name>
      </input_file>
      <input_file id="fl-75">
         <path>C:\ti\ccs1281\ccs\tools\compiler\ti-cgt-c2000_22.6.1.LTS\lib\</path>
         <kind>archive</kind>
         <file>rts2800_fpu32.lib</file>
         <name>args_main.c.obj</name>
      </input_file>
      <input_file id="fl-76">
         <path>C:\ti\ccs1281\ccs\tools\compiler\ti-cgt-c2000_22.6.1.LTS\lib\</path>
         <kind>archive</kind>
         <file>rts2800_fpu32.lib</file>
         <name>memset.c.obj</name>
      </input_file>
   </input_file_list>
   <object_component_list>
      <object_component id="oc-1af">
         <name>PieVectTableFile</name>
         <uninitialized>true</uninitialized>
         <run_address>0xd00</run_address>
         <size>0x1c0</size>
         <input_file_ref idref="fl-19"/>
      </object_component>
      <object_component id="oc-12f">
         <name>codestart</name>
         <load_address>0x80000</load_address>
         <run_address>0x80000</run_address>
         <size>0x2</size>
         <input_file_ref idref="fl-18"/>
      </object_component>
      <object_component id="oc-392">
         <name>.text</name>
         <load_address>0x80008</load_address>
         <run_address>0x80008</run_address>
         <size>0x3006</size>
         <input_file_ref idref="fl-6"/>
      </object_component>
      <object_component id="oc-3b8">
         <name>.text</name>
         <load_address>0x8300e</load_address>
         <run_address>0x8300e</run_address>
         <size>0x1227</size>
         <input_file_ref idref="fl-e"/>
      </object_component>
      <object_component id="oc-39c">
         <name>.text</name>
         <load_address>0x84235</load_address>
         <run_address>0x84235</run_address>
         <size>0xfeb</size>
         <input_file_ref idref="fl-b"/>
      </object_component>
      <object_component id="oc-39e">
         <name>.text</name>
         <load_address>0x85220</load_address>
         <run_address>0x85220</run_address>
         <size>0xb2b</size>
         <input_file_ref idref="fl-57"/>
      </object_component>
      <object_component id="oc-36a">
         <name>.text</name>
         <load_address>0x85d4b</load_address>
         <run_address>0x85d4b</run_address>
         <size>0x829</size>
         <input_file_ref idref="fl-59"/>
      </object_component>
      <object_component id="oc-371">
         <name>.text</name>
         <load_address>0x86574</load_address>
         <run_address>0x86574</run_address>
         <size>0x7ad</size>
         <input_file_ref idref="fl-4b"/>
      </object_component>
      <object_component id="oc-370">
         <name>.text</name>
         <load_address>0x86d21</load_address>
         <run_address>0x86d21</run_address>
         <size>0x77c</size>
         <input_file_ref idref="fl-c"/>
      </object_component>
      <object_component id="oc-367">
         <name>.text</name>
         <load_address>0x8749d</load_address>
         <run_address>0x8749d</run_address>
         <size>0x6ba</size>
         <input_file_ref idref="fl-2"/>
      </object_component>
      <object_component id="oc-360">
         <name>.text</name>
         <load_address>0x87b57</load_address>
         <run_address>0x87b57</run_address>
         <size>0x1</size>
         <input_file_ref idref="fl-72"/>
      </object_component>
      <object_component id="oc-38f">
         <name>.text</name>
         <load_address>0x87b58</load_address>
         <run_address>0x87b58</run_address>
         <size>0x5e8</size>
         <input_file_ref idref="fl-4d"/>
      </object_component>
      <object_component id="oc-3a1">
         <name>.text</name>
         <load_address>0x88140</load_address>
         <run_address>0x88140</run_address>
         <size>0x54f</size>
         <input_file_ref idref="fl-5"/>
      </object_component>
      <object_component id="oc-26a">
         <name>.text:retain</name>
         <load_address>0x8868f</load_address>
         <run_address>0x8868f</run_address>
         <size>0x549</size>
         <input_file_ref idref="fl-3d"/>
      </object_component>
      <object_component id="oc-397">
         <name>.text</name>
         <load_address>0x88bd8</load_address>
         <run_address>0x88bd8</run_address>
         <size>0x45d</size>
         <input_file_ref idref="fl-4e"/>
      </object_component>
      <object_component id="oc-395">
         <name>.text</name>
         <load_address>0x89035</load_address>
         <run_address>0x89035</run_address>
         <size>0x3fa</size>
         <input_file_ref idref="fl-4c"/>
      </object_component>
      <object_component id="oc-3a2">
         <name>.text</name>
         <load_address>0x8942f</load_address>
         <run_address>0x8942f</run_address>
         <size>0x3b1</size>
         <input_file_ref idref="fl-15"/>
      </object_component>
      <object_component id="oc-396">
         <name>.text</name>
         <load_address>0x897e0</load_address>
         <run_address>0x897e0</run_address>
         <size>0x380</size>
         <input_file_ref idref="fl-4f"/>
      </object_component>
      <object_component id="oc-2dc">
         <name>.text</name>
         <load_address>0x89b60</load_address>
         <run_address>0x89b60</run_address>
         <size>0x376</size>
         <input_file_ref idref="fl-51"/>
      </object_component>
      <object_component id="oc-377">
         <name>.text</name>
         <load_address>0x89ed6</load_address>
         <run_address>0x89ed6</run_address>
         <size>0x327</size>
         <input_file_ref idref="fl-f"/>
      </object_component>
      <object_component id="oc-3c0">
         <name>.text</name>
         <load_address>0x8a1fd</load_address>
         <run_address>0x8a1fd</run_address>
         <size>0x316</size>
         <input_file_ref idref="fl-17"/>
      </object_component>
      <object_component id="oc-3ad">
         <name>.text</name>
         <load_address>0x8a513</load_address>
         <run_address>0x8a513</run_address>
         <size>0x311</size>
         <input_file_ref idref="fl-3e"/>
      </object_component>
      <object_component id="oc-3c8">
         <name>.text</name>
         <load_address>0x8a824</load_address>
         <run_address>0x8a824</run_address>
         <size>0x306</size>
         <input_file_ref idref="fl-3"/>
      </object_component>
      <object_component id="oc-3d3">
         <name>.text</name>
         <load_address>0x8ab2a</load_address>
         <run_address>0x8ab2a</run_address>
         <size>0x2c0</size>
         <input_file_ref idref="fl-42"/>
      </object_component>
      <object_component id="oc-363">
         <name>.text</name>
         <load_address>0x8adea</load_address>
         <run_address>0x8adea</run_address>
         <size>0x28d</size>
         <input_file_ref idref="fl-40"/>
      </object_component>
      <object_component id="oc-36b">
         <name>.text</name>
         <load_address>0x8b077</load_address>
         <run_address>0x8b077</run_address>
         <size>0x1db</size>
         <input_file_ref idref="fl-a"/>
      </object_component>
      <object_component id="oc-1bf">
         <name>.text:retain</name>
         <load_address>0x8b252</load_address>
         <run_address>0x8b252</run_address>
         <size>0x1c9</size>
         <input_file_ref idref="fl-1b"/>
      </object_component>
      <object_component id="oc-3d4">
         <name>.text</name>
         <load_address>0x8b41b</load_address>
         <run_address>0x8b41b</run_address>
         <size>0x19b</size>
         <input_file_ref idref="fl-43"/>
      </object_component>
      <object_component id="oc-369">
         <name>.text</name>
         <load_address>0x8b5b6</load_address>
         <run_address>0x8b5b6</run_address>
         <size>0x188</size>
         <input_file_ref idref="fl-9"/>
      </object_component>
      <object_component id="oc-3cf">
         <name>.text</name>
         <load_address>0x8b73e</load_address>
         <run_address>0x8b73e</run_address>
         <size>0x161</size>
         <input_file_ref idref="fl-16"/>
      </object_component>
      <object_component id="oc-39f">
         <name>.text</name>
         <load_address>0x8b89f</load_address>
         <run_address>0x8b89f</run_address>
         <size>0x141</size>
         <input_file_ref idref="fl-54"/>
      </object_component>
      <object_component id="oc-3be">
         <name>.text</name>
         <load_address>0x8b9e0</load_address>
         <run_address>0x8b9e0</run_address>
         <size>0x106</size>
         <input_file_ref idref="fl-7"/>
      </object_component>
      <object_component id="oc-36f">
         <name>.text</name>
         <load_address>0x8bae6</load_address>
         <run_address>0x8bae6</run_address>
         <size>0xef</size>
         <input_file_ref idref="fl-4"/>
      </object_component>
      <object_component id="oc-3b6">
         <name>.text</name>
         <load_address>0x8bbd5</load_address>
         <run_address>0x8bbd5</run_address>
         <size>0xec</size>
         <input_file_ref idref="fl-8"/>
      </object_component>
      <object_component id="oc-36e">
         <name>.text</name>
         <load_address>0x8bcc1</load_address>
         <run_address>0x8bcc1</run_address>
         <size>0xd4</size>
         <input_file_ref idref="fl-10"/>
      </object_component>
      <object_component id="oc-3bb">
         <name>.text</name>
         <load_address>0x8bd95</load_address>
         <run_address>0x8bd95</run_address>
         <size>0xd2</size>
         <input_file_ref idref="fl-3c"/>
      </object_component>
      <object_component id="oc-39b">
         <name>.text</name>
         <load_address>0x8be67</load_address>
         <run_address>0x8be67</run_address>
         <size>0xce</size>
         <input_file_ref idref="fl-56"/>
      </object_component>
      <object_component id="oc-3b7">
         <name>.text</name>
         <load_address>0x8bf35</load_address>
         <run_address>0x8bf35</run_address>
         <size>0xc8</size>
         <input_file_ref idref="fl-14"/>
      </object_component>
      <object_component id="oc-3a3">
         <name>.text</name>
         <load_address>0x8bffd</load_address>
         <run_address>0x8bffd</run_address>
         <size>0xc3</size>
         <input_file_ref idref="fl-12"/>
      </object_component>
      <object_component id="oc-3a6">
         <name>.text</name>
         <load_address>0x8c0c0</load_address>
         <run_address>0x8c0c0</run_address>
         <size>0xbe</size>
         <input_file_ref idref="fl-52"/>
      </object_component>
      <object_component id="oc-3bc">
         <name>.text</name>
         <load_address>0x8c17e</load_address>
         <run_address>0x8c17e</run_address>
         <size>0xb8</size>
         <input_file_ref idref="fl-21"/>
      </object_component>
      <object_component id="oc-37a">
         <name>.text</name>
         <load_address>0x8c236</load_address>
         <run_address>0x8c236</run_address>
         <size>0xa9</size>
         <input_file_ref idref="fl-d"/>
      </object_component>
      <object_component id="oc-31b">
         <name>.text</name>
         <load_address>0x8c2df</load_address>
         <run_address>0x8c2df</run_address>
         <size>0x88</size>
         <input_file_ref idref="fl-6a"/>
      </object_component>
      <object_component id="oc-3c1">
         <name>.text</name>
         <load_address>0x8c367</load_address>
         <run_address>0x8c367</run_address>
         <size>0x7b</size>
         <input_file_ref idref="fl-41"/>
      </object_component>
      <object_component id="oc-3ac">
         <name>.text</name>
         <load_address>0x8c3e2</load_address>
         <run_address>0x8c3e2</run_address>
         <size>0x74</size>
         <input_file_ref idref="fl-45"/>
      </object_component>
      <object_component id="oc-3a0">
         <name>.text</name>
         <load_address>0x8c456</load_address>
         <run_address>0x8c456</run_address>
         <size>0x74</size>
         <input_file_ref idref="fl-47"/>
      </object_component>
      <object_component id="oc-39d">
         <name>.text</name>
         <load_address>0x8c4ca</load_address>
         <run_address>0x8c4ca</run_address>
         <size>0x71</size>
         <input_file_ref idref="fl-3f"/>
      </object_component>
      <object_component id="oc-3a8">
         <name>.text</name>
         <load_address>0x8c53b</load_address>
         <run_address>0x8c53b</run_address>
         <size>0x60</size>
         <input_file_ref idref="fl-53"/>
      </object_component>
      <object_component id="oc-9a">
         <name>.text</name>
         <load_address>0x8c59b</load_address>
         <run_address>0x8c59b</run_address>
         <size>0x56</size>
         <input_file_ref idref="fl-69"/>
      </object_component>
      <object_component id="oc-37f">
         <name>.text</name>
         <load_address>0x8c5f1</load_address>
         <run_address>0x8c5f1</run_address>
         <size>0x52</size>
         <input_file_ref idref="fl-46"/>
      </object_component>
      <object_component id="oc-3b9">
         <name>.text</name>
         <load_address>0x8c643</load_address>
         <run_address>0x8c643</run_address>
         <size>0x37</size>
         <input_file_ref idref="fl-13"/>
      </object_component>
      <object_component id="oc-2b4">
         <name>.text</name>
         <load_address>0x8c67a</load_address>
         <run_address>0x8c67a</run_address>
         <size>0x36</size>
         <input_file_ref idref="fl-4a"/>
      </object_component>
      <object_component id="oc-3a9">
         <name>.text</name>
         <load_address>0x8c6b0</load_address>
         <run_address>0x8c6b0</run_address>
         <size>0x2f</size>
         <input_file_ref idref="fl-55"/>
      </object_component>
      <object_component id="oc-32f">
         <name>.text</name>
         <load_address>0x8c6df</load_address>
         <run_address>0x8c6df</run_address>
         <size>0x2a</size>
         <input_file_ref idref="fl-6e"/>
      </object_component>
      <object_component id="oc-3bf">
         <name>.text</name>
         <load_address>0x8c709</load_address>
         <run_address>0x8c709</run_address>
         <size>0x29</size>
         <input_file_ref idref="fl-49"/>
      </object_component>
      <object_component id="oc-362">
         <name>.text</name>
         <load_address>0x8c732</load_address>
         <run_address>0x8c732</run_address>
         <size>0x29</size>
         <input_file_ref idref="fl-73"/>
      </object_component>
      <object_component id="oc-35f">
         <name>.text</name>
         <load_address>0x8c75b</load_address>
         <run_address>0x8c75b</run_address>
         <size>0x24</size>
         <input_file_ref idref="fl-6f"/>
      </object_component>
      <object_component id="oc-325">
         <name>.text</name>
         <load_address>0x8c77f</load_address>
         <run_address>0x8c77f</run_address>
         <size>0x22</size>
         <input_file_ref idref="fl-6c"/>
      </object_component>
      <object_component id="oc-22c">
         <name>.text:retain</name>
         <load_address>0x8c7a1</load_address>
         <run_address>0x8c7a1</run_address>
         <size>0x20</size>
         <input_file_ref idref="fl-31"/>
      </object_component>
      <object_component id="oc-320">
         <name>.text</name>
         <load_address>0x8c7c1</load_address>
         <run_address>0x8c7c1</run_address>
         <size>0x1e</size>
         <input_file_ref idref="fl-6b"/>
      </object_component>
      <object_component id="oc-398">
         <name>.text</name>
         <load_address>0x8c7df</load_address>
         <run_address>0x8c7df</run_address>
         <size>0x1d</size>
         <input_file_ref idref="fl-11"/>
      </object_component>
      <object_component id="oc-379">
         <name>.text</name>
         <load_address>0x8c7fc</load_address>
         <run_address>0x8c7fc</run_address>
         <size>0x1d</size>
         <input_file_ref idref="fl-70"/>
      </object_component>
      <object_component id="oc-399">
         <name>.text</name>
         <load_address>0x8c819</load_address>
         <run_address>0x8c819</run_address>
         <size>0x1c</size>
         <input_file_ref idref="fl-1b"/>
      </object_component>
      <object_component id="oc-361">
         <name>.text</name>
         <load_address>0x8c835</load_address>
         <run_address>0x8c835</run_address>
         <size>0x12</size>
         <input_file_ref idref="fl-75"/>
      </object_component>
      <object_component id="oc-32a">
         <name>.text</name>
         <load_address>0x8c847</load_address>
         <run_address>0x8c847</run_address>
         <size>0xb</size>
         <input_file_ref idref="fl-6d"/>
      </object_component>
      <object_component id="oc-3a7">
         <name>.text</name>
         <load_address>0x8c852</load_address>
         <run_address>0x8c852</run_address>
         <size>0xa</size>
         <input_file_ref idref="fl-58"/>
      </object_component>
      <object_component id="oc-3aa">
         <name>.text</name>
         <load_address>0x8c85c</load_address>
         <run_address>0x8c85c</run_address>
         <size>0x9</size>
         <input_file_ref idref="fl-74"/>
      </object_component>
      <object_component id="oc-12e">
         <name>.text</name>
         <load_address>0x8c865</load_address>
         <run_address>0x8c865</run_address>
         <size>0x8</size>
         <input_file_ref idref="fl-18"/>
      </object_component>
      <object_component id="oc-385">
         <name>.text</name>
         <load_address>0x8c86d</load_address>
         <run_address>0x8c86d</run_address>
         <size>0x7</size>
         <input_file_ref idref="fl-76"/>
      </object_component>
      <object_component id="oc-35e">
         <name>.text</name>
         <load_address>0x8c874</load_address>
         <run_address>0x8c874</run_address>
         <size>0x2</size>
         <input_file_ref idref="fl-71"/>
      </object_component>
      <object_component id="oc-d3">
         <name>.cinit</name>
         <load_address>0x8dc70</load_address>
         <run_address>0x8dc70</run_address>
         <size>0x189</size>
         <input_file_ref idref="fl-a"/>
      </object_component>
      <object_component id="oc-301">
         <name>.cinit</name>
         <load_address>0x8ddf9</load_address>
         <run_address>0x8ddf9</run_address>
         <size>0x16a</size>
         <input_file_ref idref="fl-57"/>
      </object_component>
      <object_component id="oc-2cd">
         <name>.cinit</name>
         <load_address>0x8df63</load_address>
         <run_address>0x8df63</run_address>
         <size>0xeb</size>
         <input_file_ref idref="fl-4e"/>
      </object_component>
      <object_component id="oc-2ba">
         <name>.cinit</name>
         <load_address>0x8e04e</load_address>
         <run_address>0x8e04e</run_address>
         <size>0xe0</size>
         <input_file_ref idref="fl-4b"/>
      </object_component>
      <object_component id="oc-368">
         <name>.cinit:_cGetDataSubArray</name>
         <load_address>0x8e12e</load_address>
         <run_address>0x8e12e</run_address>
         <size>0xcb</size>
         <input_file_ref idref="fl-f"/>
      </object_component>
      <object_component id="oc-c5">
         <name>.cinit</name>
         <load_address>0x8e1f9</load_address>
         <run_address>0x8e1f9</run_address>
         <size>0xb4</size>
         <input_file_ref idref="fl-8"/>
      </object_component>
      <object_component id="oc-fa">
         <name>.cinit</name>
         <load_address>0x8e2ad</load_address>
         <run_address>0x8e2ad</run_address>
         <size>0xa3</size>
         <input_file_ref idref="fl-10"/>
      </object_component>
      <object_component id="oc-2d4">
         <name>.cinit</name>
         <load_address>0x8e350</load_address>
         <run_address>0x8e350</run_address>
         <size>0x98</size>
         <input_file_ref idref="fl-4f"/>
      </object_component>
      <object_component id="oc-a9">
         <name>.cinit</name>
         <load_address>0x8e3e8</load_address>
         <run_address>0x8e3e8</run_address>
         <size>0x94</size>
         <input_file_ref idref="fl-4"/>
      </object_component>
      <object_component id="oc-101">
         <name>.cinit</name>
         <load_address>0x8e47c</load_address>
         <run_address>0x8e47c</run_address>
         <size>0x6d</size>
         <input_file_ref idref="fl-11"/>
      </object_component>
      <object_component id="oc-cc">
         <name>.cinit</name>
         <load_address>0x8e4e9</load_address>
         <run_address>0x8e4e9</run_address>
         <size>0x67</size>
         <input_file_ref idref="fl-9"/>
      </object_component>
      <object_component id="oc-2c1">
         <name>.cinit</name>
         <load_address>0x8e550</load_address>
         <run_address>0x8e550</run_address>
         <size>0x5c</size>
         <input_file_ref idref="fl-4c"/>
      </object_component>
      <object_component id="oc-b0">
         <name>.cinit</name>
         <load_address>0x8e5ac</load_address>
         <run_address>0x8e5ac</run_address>
         <size>0x58</size>
         <input_file_ref idref="fl-5"/>
      </object_component>
      <object_component id="oc-ed">
         <name>.cinit</name>
         <load_address>0x8e604</load_address>
         <run_address>0x8e604</run_address>
         <size>0x48</size>
         <input_file_ref idref="fl-e"/>
      </object_component>
      <object_component id="oc-11b">
         <name>.cinit</name>
         <load_address>0x8e64c</load_address>
         <run_address>0x8e64c</run_address>
         <size>0x42</size>
         <input_file_ref idref="fl-15"/>
      </object_component>
      <object_component id="oc-be">
         <name>.cinit</name>
         <load_address>0x8e68e</load_address>
         <run_address>0x8e68e</run_address>
         <size>0x40</size>
         <input_file_ref idref="fl-7"/>
      </object_component>
      <object_component id="oc-1bd">
         <name>.cinit</name>
         <load_address>0x8e6ce</load_address>
         <run_address>0x8e6ce</run_address>
         <size>0x3c</size>
         <input_file_ref idref="fl-1b"/>
      </object_component>
      <object_component id="oc-2ec">
         <name>.cinit</name>
         <load_address>0x8e70a</load_address>
         <run_address>0x8e70a</run_address>
         <size>0x3c</size>
         <input_file_ref idref="fl-54"/>
      </object_component>
      <object_component id="oc-128">
         <name>.cinit</name>
         <load_address>0x8e746</load_address>
         <run_address>0x8e746</run_address>
         <size>0x3c</size>
         <input_file_ref idref="fl-17"/>
      </object_component>
      <object_component id="oc-30f">
         <name>.cinit</name>
         <load_address>0x8e782</load_address>
         <run_address>0x8e782</run_address>
         <size>0x2c</size>
         <input_file_ref idref="fl-59"/>
      </object_component>
      <object_component id="oc-b7">
         <name>.cinit</name>
         <load_address>0x8e7ae</load_address>
         <run_address>0x8e7ae</run_address>
         <size>0x1c</size>
         <input_file_ref idref="fl-6"/>
      </object_component>
      <object_component id="oc-275">
         <name>.cinit</name>
         <load_address>0x8e7ca</load_address>
         <run_address>0x8e7ca</run_address>
         <size>0x18</size>
         <input_file_ref idref="fl-3f"/>
      </object_component>
      <object_component id="oc-3c4">
         <name>.cinit:_OSUnMapTbl</name>
         <load_address>0x8e7e2</load_address>
         <run_address>0x8e7e2</run_address>
         <size>0x13</size>
         <input_file_ref idref="fl-45"/>
      </object_component>
      <object_component id="oc-2fa">
         <name>.cinit</name>
         <load_address>0x8e7f5</load_address>
         <run_address>0x8e7f5</run_address>
         <size>0x10</size>
         <input_file_ref idref="fl-56"/>
      </object_component>
      <object_component id="oc-e1">
         <name>.cinit</name>
         <load_address>0x8e805</load_address>
         <run_address>0x8e805</run_address>
         <size>0x10</size>
         <input_file_ref idref="fl-c"/>
      </object_component>
      <object_component id="oc-283">
         <name>.cinit</name>
         <load_address>0x8e815</load_address>
         <run_address>0x8e815</run_address>
         <size>0x10</size>
         <input_file_ref idref="fl-41"/>
      </object_component>
      <object_component id="oc-349">
         <name>.cinit</name>
         <load_address>0x8e825</load_address>
         <run_address>0x8e825</run_address>
         <size>0xe</size>
         <input_file_ref idref="fl-73"/>
      </object_component>
      <object_component id="oc-da">
         <name>.cinit</name>
         <load_address>0x8e833</load_address>
         <run_address>0x8e833</run_address>
         <size>0xd</size>
         <input_file_ref idref="fl-b"/>
      </object_component>
      <object_component id="oc-108">
         <name>.cinit</name>
         <load_address>0x8e840</load_address>
         <run_address>0x8e840</run_address>
         <size>0xd</size>
         <input_file_ref idref="fl-12"/>
      </object_component>
      <object_component id="oc-27c">
         <name>.cinit</name>
         <load_address>0x8e84d</load_address>
         <run_address>0x8e84d</run_address>
         <size>0xd</size>
         <input_file_ref idref="fl-40"/>
      </object_component>
      <object_component id="oc-291">
         <name>.cinit</name>
         <load_address>0x8e85a</load_address>
         <run_address>0x8e85a</run_address>
         <size>0xc</size>
         <input_file_ref idref="fl-43"/>
      </object_component>
      <object_component id="oc-3dd">
         <name>.cinit:_bDhgTempList</name>
         <load_address>0x8e866</load_address>
         <run_address>0x8e866</run_address>
         <size>0x9</size>
         <input_file_ref idref="fl-44"/>
      </object_component>
      <object_component id="oc-2e5">
         <name>.cinit</name>
         <load_address>0x8e86f</load_address>
         <run_address>0x8e86f</run_address>
         <size>0x8</size>
         <input_file_ref idref="fl-53"/>
      </object_component>
      <object_component id="oc-28a">
         <name>.cinit</name>
         <load_address>0x8e877</load_address>
         <run_address>0x8e877</run_address>
         <size>0x8</size>
         <input_file_ref idref="fl-42"/>
      </object_component>
      <object_component id="oc-3e1">
         <name>.cinit:_bChgTempList</name>
         <load_address>0x8e87f</load_address>
         <run_address>0x8e87f</run_address>
         <size>0x8</size>
         <input_file_ref idref="fl-44"/>
      </object_component>
      <object_component id="oc-3e3">
         <name>.cinit:_bChgCurrentList</name>
         <load_address>0x8e887</load_address>
         <run_address>0x8e887</run_address>
         <size>0x7</size>
         <input_file_ref idref="fl-44"/>
      </object_component>
      <object_component id="oc-3df">
         <name>.cinit:_bDhgCurrentList</name>
         <load_address>0x8e88e</load_address>
         <run_address>0x8e88e</run_address>
         <size>0x7</size>
         <input_file_ref idref="fl-44"/>
      </object_component>
      <object_component id="oc-308">
         <name>.cinit</name>
         <load_address>0x8e895</load_address>
         <run_address>0x8e895</run_address>
         <size>0x5</size>
         <input_file_ref idref="fl-58"/>
      </object_component>
      <object_component id="oc-37c">
         <name>.cinit:__lock</name>
         <load_address>0x8e89a</load_address>
         <run_address>0x8e89a</run_address>
         <size>0x5</size>
         <input_file_ref idref="fl-74"/>
      </object_component>
      <object_component id="oc-3ab">
         <name>.cinit:__unlock</name>
         <load_address>0x8e89f</load_address>
         <run_address>0x8e89f</run_address>
         <size>0x5</size>
         <input_file_ref idref="fl-74"/>
      </object_component>
      <object_component id="oc-9c">
         <name>.cinit</name>
         <load_address>0x8e8a4</load_address>
         <run_address>0x8e8a4</run_address>
         <size>0x4</size>
         <input_file_ref idref="fl-2"/>
      </object_component>
      <object_component id="oc-2de">
         <name>.cinit</name>
         <load_address>0x8e8a8</load_address>
         <run_address>0x8e8a8</run_address>
         <size>0x4</size>
         <input_file_ref idref="fl-52"/>
      </object_component>
      <object_component id="oc-2f3">
         <name>.cinit</name>
         <load_address>0x8e8ac</load_address>
         <run_address>0x8e8ac</run_address>
         <size>0x4</size>
         <input_file_ref idref="fl-55"/>
      </object_component>
      <object_component id="oc-114">
         <name>.cinit</name>
         <load_address>0x8e8b0</load_address>
         <run_address>0x8e8b0</run_address>
         <size>0x4</size>
         <input_file_ref idref="fl-14"/>
      </object_component>
      <object_component id="oc-3ca">
         <name>.cinit:_TxBuff$5</name>
         <load_address>0x8e8b4</load_address>
         <run_address>0x8e8b4</run_address>
         <size>0x4</size>
         <input_file_ref idref="fl-e"/>
      </object_component>
      <object_component id="oc-3cc">
         <name>.cinit:_TxBuff$7</name>
         <load_address>0x8e8b8</load_address>
         <run_address>0x8e8b8</run_address>
         <size>0x4</size>
         <input_file_ref idref="fl-e"/>
      </object_component>
      <object_component id="oc-3ce">
         <name>.cinit:_TxBuff$8</name>
         <load_address>0x8e8bc</load_address>
         <run_address>0x8e8bc</run_address>
         <size>0x4</size>
         <input_file_ref idref="fl-e"/>
      </object_component>
      <object_component id="oc-3b5">
         <name>.cinit:_g_uwRLineRms3time</name>
         <load_address>0x8e8c0</load_address>
         <run_address>0x8e8c0</run_address>
         <size>0x4</size>
         <input_file_ref idref="fl-4e"/>
      </object_component>
      <object_component id="oc-3c6">
         <name>.switch:_swTestCmdRead</name>
         <load_address>0x8f2c0</load_address>
         <run_address>0x8f2c0</run_address>
         <size>0xf0</size>
         <input_file_ref idref="fl-e"/>
      </object_component>
      <object_component id="oc-3c7">
         <name>.switch:_swEESettingWrite</name>
         <load_address>0x8f3b0</load_address>
         <run_address>0x8f3b0</run_address>
         <size>0x78</size>
         <input_file_ref idref="fl-e"/>
      </object_component>
      <object_component id="oc-3a4">
         <name>.switch:_swOscillographCmdWrite</name>
         <load_address>0x8f428</load_address>
         <run_address>0x8f428</run_address>
         <size>0x30</size>
         <input_file_ref idref="fl-f"/>
      </object_component>
      <object_component id="oc-3c5">
         <name>.switch:_swWifiIotWrite</name>
         <load_address>0x8f458</load_address>
         <run_address>0x8f458</run_address>
         <size>0x2e</size>
         <input_file_ref idref="fl-e"/>
      </object_component>
      <object_component id="oc-316">
         <name>.reset</name>
         <load_address>0x3fffc0</load_address>
         <run_address>0x3fffc0</run_address>
         <size>0x2</size>
         <input_file_ref idref="fl-69"/>
      </object_component>
      <object_component id="oc-315">
         <name>.stack</name>
         <uninitialized>true</uninitialized>
         <run_address>0x400</run_address>
         <size>0x0</size>
         <input_file_ref idref="fl-69"/>
      </object_component>
      <object_component id="oc-485">
         <name>.stack</name>
         <uninitialized>true</uninitialized>
         <run_address>0x400</run_address>
         <size>0x0</size>
      </object_component>
      <object_component id="oc-9d">
         <name>.ebss</name>
         <uninitialized>true</uninitialized>
         <run_address>0xa650</run_address>
         <size>0x30</size>
         <input_file_ref idref="fl-2"/>
      </object_component>
      <object_component id="oc-38b">
         <name>.ebss:_wAdcResult1</name>
         <uninitialized>true</uninitialized>
         <run_address>0xbb48</run_address>
         <size>0x19</size>
         <input_file_ref idref="fl-2"/>
      </object_component>
      <object_component id="oc-38c">
         <name>.ebss:_wAdcResult2</name>
         <uninitialized>true</uninitialized>
         <run_address>0xbb61</run_address>
         <size>0x19</size>
         <input_file_ref idref="fl-2"/>
      </object_component>
      <object_component id="oc-38d">
         <name>.ebss:_wAdcSample</name>
         <uninitialized>true</uninitialized>
         <run_address>0xbbc6</run_address>
         <size>0x19</size>
         <input_file_ref idref="fl-2"/>
      </object_component>
      <object_component id="oc-38e">
         <name>.ebss:_wAdcReal</name>
         <uninitialized>true</uninitialized>
         <run_address>0xb8e6</run_address>
         <size>0x19</size>
         <input_file_ref idref="fl-2"/>
      </object_component>
      <object_component id="oc-393">
         <name>.ebss:_wAdcBias</name>
         <uninitialized>true</uninitialized>
         <run_address>0xb0e6</run_address>
         <size>0x19</size>
         <input_file_ref idref="fl-2"/>
      </object_component>
      <object_component id="oc-388">
         <name>.ebss:_wAdcRealSumCnt</name>
         <uninitialized>true</uninitialized>
         <run_address>0xb95c</run_address>
         <size>0x24</size>
         <input_file_ref idref="fl-2"/>
      </object_component>
      <object_component id="oc-386">
         <name>.ebss:_wAdcRealSumCntTemp</name>
         <uninitialized>true</uninitialized>
         <run_address>0xba50</run_address>
         <size>0x24</size>
         <input_file_ref idref="fl-2"/>
      </object_component>
      <object_component id="oc-38a">
         <name>.ebss:_dwAdcBiasSumTemp</name>
         <uninitialized>true</uninitialized>
         <run_address>0xbac8</run_address>
         <size>0x32</size>
         <input_file_ref idref="fl-2"/>
      </object_component>
      <object_component id="oc-391">
         <name>.ebss:_dwAdcBiasSum</name>
         <uninitialized>true</uninitialized>
         <run_address>0xb846</run_address>
         <size>0x32</size>
         <input_file_ref idref="fl-2"/>
      </object_component>
      <object_component id="oc-389">
         <name>.ebss:_dwAdcRealSum</name>
         <uninitialized>true</uninitialized>
         <run_address>0xba80</run_address>
         <size>0x48</size>
         <input_file_ref idref="fl-2"/>
      </object_component>
      <object_component id="oc-387">
         <name>.ebss:_dwAdcRealSumTemp</name>
         <uninitialized>true</uninitialized>
         <run_address>0xbb00</run_address>
         <size>0x48</size>
         <input_file_ref idref="fl-2"/>
      </object_component>
      <object_component id="oc-a3">
         <name>.ebss</name>
         <uninitialized>true</uninitialized>
         <run_address>0xbc3c</run_address>
         <size>0x4</size>
         <input_file_ref idref="fl-3"/>
      </object_component>
      <object_component id="oc-aa">
         <name>.ebss</name>
         <uninitialized>true</uninitialized>
         <run_address>0xb9d0</run_address>
         <size>0x25</size>
         <input_file_ref idref="fl-4"/>
      </object_component>
      <object_component id="oc-b1">
         <name>.ebss</name>
         <uninitialized>true</uninitialized>
         <run_address>0xb791</run_address>
         <size>0x2c</size>
         <input_file_ref idref="fl-5"/>
      </object_component>
      <object_component id="oc-b8">
         <name>.ebss</name>
         <uninitialized>true</uninitialized>
         <run_address>0xa680</run_address>
         <size>0x4f6</size>
         <input_file_ref idref="fl-6"/>
      </object_component>
      <object_component id="oc-3ae">
         <name>.ebss:_bEepromTaskPrio</name>
         <uninitialized>true</uninitialized>
         <run_address>0xb9fd</run_address>
         <size>0x3</size>
         <input_file_ref idref="fl-6"/>
      </object_component>
      <object_component id="oc-3af">
         <name>.ebss:_bEepromTaskEvent</name>
         <uninitialized>true</uninitialized>
         <run_address>0xb7bd</run_address>
         <size>0x3</size>
         <input_file_ref idref="fl-6"/>
      </object_component>
      <object_component id="oc-bf">
         <name>.ebss</name>
         <uninitialized>true</uninitialized>
         <run_address>0xbcd2</run_address>
         <size>0x10</size>
         <input_file_ref idref="fl-7"/>
      </object_component>
      <object_component id="oc-c6">
         <name>.ebss</name>
         <uninitialized>true</uninitialized>
         <run_address>0xb2c2</run_address>
         <size>0x3c</size>
         <input_file_ref idref="fl-8"/>
      </object_component>
      <object_component id="oc-cd">
         <name>.ebss</name>
         <uninitialized>true</uninitialized>
         <run_address>0xae80</run_address>
         <size>0x266</size>
         <input_file_ref idref="fl-9"/>
      </object_component>
      <object_component id="oc-39a">
         <name>.ebss:_g_wInvCurrCntlPre</name>
         <uninitialized>true</uninitialized>
         <run_address>0xbd4d</run_address>
         <size>0x3</size>
         <input_file_ref idref="fl-9"/>
      </object_component>
      <object_component id="oc-d4">
         <name>.ebss</name>
         <uninitialized>true</uninitialized>
         <run_address>0xb7c0</run_address>
         <size>0x86</size>
         <input_file_ref idref="fl-a"/>
      </object_component>
      <object_component id="oc-db">
         <name>.ebss</name>
         <uninitialized>true</uninitialized>
         <run_address>0xba74</run_address>
         <size>0xc</size>
         <input_file_ref idref="fl-b"/>
      </object_component>
      <object_component id="oc-e2">
         <name>.ebss</name>
         <uninitialized>true</uninitialized>
         <run_address>0xab80</run_address>
         <size>0x2f0</size>
         <input_file_ref idref="fl-c"/>
      </object_component>
      <object_component id="oc-ee">
         <name>.ebss</name>
         <uninitialized>true</uninitialized>
         <run_address>0xbca5</run_address>
         <size>0x12</size>
         <input_file_ref idref="fl-e"/>
      </object_component>
      <object_component id="oc-3c9">
         <name>.ebss:_TxBuff$5</name>
         <uninitialized>true</uninitialized>
         <run_address>0xb878</run_address>
         <size>0x8</size>
         <input_file_ref idref="fl-e"/>
      </object_component>
      <object_component id="oc-3cb">
         <name>.ebss:_TxBuff$7</name>
         <uninitialized>true</uninitialized>
         <run_address>0xb9f5</run_address>
         <size>0x8</size>
         <input_file_ref idref="fl-e"/>
      </object_component>
      <object_component id="oc-3cd">
         <name>.ebss:_TxBuff$8</name>
         <uninitialized>true</uninitialized>
         <run_address>0xbbf8</run_address>
         <size>0x8</size>
         <input_file_ref idref="fl-e"/>
      </object_component>
      <object_component id="oc-f4">
         <name>.ebss</name>
         <uninitialized>true</uninitialized>
         <run_address>0x9000</run_address>
         <size>0x1040</size>
         <input_file_ref idref="fl-f"/>
      </object_component>
      <object_component id="oc-3a5">
         <name>.ebss:_wOscChSrc</name>
         <uninitialized>true</uninitialized>
         <run_address>0xbcb7</run_address>
         <size>0x8</size>
         <input_file_ref idref="fl-f"/>
      </object_component>
      <object_component id="oc-394">
         <name>.ebss:_cGetDataSubArray</name>
         <uninitialized>true</uninitialized>
         <run_address>0xb500</run_address>
         <size>0xc8</size>
         <input_file_ref idref="fl-f"/>
      </object_component>
      <object_component id="oc-fb">
         <name>.ebss</name>
         <uninitialized>true</uninitialized>
         <run_address>0xb6c6</run_address>
         <size>0x34</size>
         <input_file_ref idref="fl-10"/>
      </object_component>
      <object_component id="oc-102">
         <name>.ebss</name>
         <uninitialized>true</uninitialized>
         <run_address>0xb980</run_address>
         <size>0x50</size>
         <input_file_ref idref="fl-11"/>
      </object_component>
      <object_component id="oc-109">
         <name>.ebss</name>
         <uninitialized>true</uninitialized>
         <run_address>0xbcf2</run_address>
         <size>0xc</size>
         <input_file_ref idref="fl-12"/>
      </object_component>
      <object_component id="oc-115">
         <name>.ebss</name>
         <uninitialized>true</uninitialized>
         <run_address>0xb0ff</run_address>
         <size>0x1</size>
         <input_file_ref idref="fl-14"/>
      </object_component>
      <object_component id="oc-11c">
         <name>.ebss</name>
         <uninitialized>true</uninitialized>
         <run_address>0xb5c8</run_address>
         <size>0x35</size>
         <input_file_ref idref="fl-15"/>
      </object_component>
      <object_component id="oc-122">
         <name>.ebss</name>
         <uninitialized>true</uninitialized>
         <run_address>0xb4ff</run_address>
         <size>0x1</size>
         <input_file_ref idref="fl-16"/>
      </object_component>
      <object_component id="oc-3d5">
         <name>.ebss:_ViewBuf</name>
         <uninitialized>true</uninitialized>
         <run_address>0xb400</run_address>
         <size>0xff</size>
         <input_file_ref idref="fl-16"/>
      </object_component>
      <object_component id="oc-129">
         <name>.ebss</name>
         <uninitialized>true</uninitialized>
         <run_address>0xbd0f</run_address>
         <size>0xf</size>
         <input_file_ref idref="fl-17"/>
      </object_component>
      <object_component id="oc-1be">
         <name>.ebss</name>
         <uninitialized>true</uninitialized>
         <run_address>0xae70</run_address>
         <size>0x10</size>
         <input_file_ref idref="fl-1b"/>
      </object_component>
      <object_component id="oc-276">
         <name>.ebss</name>
         <uninitialized>true</uninitialized>
         <run_address>0xbb7a</run_address>
         <size>0x6</size>
         <input_file_ref idref="fl-3f"/>
      </object_component>
      <object_component id="oc-27d">
         <name>.ebss</name>
         <uninitialized>true</uninitialized>
         <run_address>0xbd40</run_address>
         <size>0x4</size>
         <input_file_ref idref="fl-40"/>
      </object_component>
      <object_component id="oc-381">
         <name>.ebss:_bSciRxErrCnt</name>
         <uninitialized>true</uninitialized>
         <run_address>0xbd44</run_address>
         <size>0x3</size>
         <input_file_ref idref="fl-40"/>
      </object_component>
      <object_component id="oc-382">
         <name>.ebss:_bSciTxBusyCnt</name>
         <uninitialized>true</uninitialized>
         <run_address>0xbd47</run_address>
         <size>0x3</size>
         <input_file_ref idref="fl-40"/>
      </object_component>
      <object_component id="oc-37d">
         <name>.ebss:_pSciIndex</name>
         <uninitialized>true</uninitialized>
         <run_address>0xbafa</run_address>
         <size>0x6</size>
         <input_file_ref idref="fl-40"/>
      </object_component>
      <object_component id="oc-383">
         <name>.ebss:_SciList</name>
         <uninitialized>true</uninitialized>
         <run_address>0xbcc0</run_address>
         <size>0x12</size>
         <input_file_ref idref="fl-40"/>
      </object_component>
      <object_component id="oc-384">
         <name>.ebss:_QList</name>
         <uninitialized>true</uninitialized>
         <run_address>0xbbe0</run_address>
         <size>0x18</size>
         <input_file_ref idref="fl-40"/>
      </object_component>
      <object_component id="oc-380">
         <name>.ebss:_bTestRxBuff</name>
         <uninitialized>true</uninitialized>
         <run_address>0xb300</run_address>
         <size>0x100</size>
         <input_file_ref idref="fl-40"/>
      </object_component>
      <object_component id="oc-378">
         <name>.ebss:_bSciRxBuf</name>
         <uninitialized>true</uninitialized>
         <run_address>0xb100</run_address>
         <size>0x1c2</size>
         <input_file_ref idref="fl-40"/>
      </object_component>
      <object_component id="oc-37e">
         <name>.ebss:_strSciDataList</name>
         <uninitialized>true</uninitialized>
         <run_address>0xa040</run_address>
         <size>0x60f</size>
         <input_file_ref idref="fl-40"/>
      </object_component>
      <object_component id="oc-284">
         <name>.ebss</name>
         <uninitialized>true</uninitialized>
         <run_address>0xbd1e</run_address>
         <size>0x7</size>
         <input_file_ref idref="fl-41"/>
      </object_component>
      <object_component id="oc-28b">
         <name>.ebss</name>
         <uninitialized>true</uninitialized>
         <run_address>0xb600</run_address>
         <size>0xc6</size>
         <input_file_ref idref="fl-42"/>
      </object_component>
      <object_component id="oc-292">
         <name>.ebss</name>
         <uninitialized>true</uninitialized>
         <run_address>0xbc80</run_address>
         <size>0x13</size>
         <input_file_ref idref="fl-43"/>
      </object_component>
      <object_component id="oc-3e2">
         <name>.ebss:_bChgCurrentList</name>
         <uninitialized>true</uninitialized>
         <run_address>0xbd36</run_address>
         <size>0x4</size>
         <input_file_ref idref="fl-44"/>
      </object_component>
      <object_component id="oc-3de">
         <name>.ebss:_bDhgCurrentList</name>
         <uninitialized>true</uninitialized>
         <run_address>0xbd3a</run_address>
         <size>0x4</size>
         <input_file_ref idref="fl-44"/>
      </object_component>
      <object_component id="oc-3e0">
         <name>.ebss:_bChgTempList</name>
         <uninitialized>true</uninitialized>
         <run_address>0xbd31</run_address>
         <size>0x5</size>
         <input_file_ref idref="fl-44"/>
      </object_component>
      <object_component id="oc-3dc">
         <name>.ebss:_bDhgTempList</name>
         <uninitialized>true</uninitialized>
         <run_address>0xb6fa</run_address>
         <size>0x6</size>
         <input_file_ref idref="fl-44"/>
      </object_component>
      <object_component id="oc-3c3">
         <name>.ebss:_OSUnMapTbl</name>
         <uninitialized>true</uninitialized>
         <run_address>0xbce2</run_address>
         <size>0x10</size>
         <input_file_ref idref="fl-45"/>
      </object_component>
      <object_component id="oc-2a5">
         <name>.ebss</name>
         <uninitialized>true</uninitialized>
         <run_address>0xab76</run_address>
         <size>0xa</size>
         <input_file_ref idref="fl-47"/>
      </object_component>
      <object_component id="oc-365">
         <name>.ebss:_OSTCBTbl</name>
         <uninitialized>true</uninitialized>
         <run_address>0xba00</run_address>
         <size>0x50</size>
         <input_file_ref idref="fl-47"/>
      </object_component>
      <object_component id="oc-2bb">
         <name>.ebss</name>
         <uninitialized>true</uninitialized>
         <run_address>0xb700</run_address>
         <size>0x91</size>
         <input_file_ref idref="fl-4b"/>
      </object_component>
      <object_component id="oc-2c2">
         <name>.ebss</name>
         <uninitialized>true</uninitialized>
         <run_address>0xbb80</run_address>
         <size>0x46</size>
         <input_file_ref idref="fl-4c"/>
      </object_component>
      <object_component id="oc-2ce">
         <name>.ebss</name>
         <uninitialized>true</uninitialized>
         <run_address>0xb900</run_address>
         <size>0x5c</size>
         <input_file_ref idref="fl-4e"/>
      </object_component>
      <object_component id="oc-3b4">
         <name>.ebss:_g_uwRLineRms3time</name>
         <uninitialized>true</uninitialized>
         <run_address>0xbd4a</run_address>
         <size>0x3</size>
         <input_file_ref idref="fl-4e"/>
      </object_component>
      <object_component id="oc-3b3">
         <name>.ebss:_wRLineAveVoltArray</name>
         <uninitialized>true</uninitialized>
         <run_address>0xbc40</run_address>
         <size>0x3c</size>
         <input_file_ref idref="fl-4e"/>
      </object_component>
      <object_component id="oc-2d5">
         <name>.ebss</name>
         <uninitialized>true</uninitialized>
         <run_address>0xbc00</run_address>
         <size>0x3c</size>
         <input_file_ref idref="fl-4f"/>
      </object_component>
      <object_component id="oc-2df">
         <name>.ebss</name>
         <uninitialized>true</uninitialized>
         <run_address>0xb2fe</run_address>
         <size>0x2</size>
         <input_file_ref idref="fl-52"/>
      </object_component>
      <object_component id="oc-2e6">
         <name>.ebss</name>
         <uninitialized>true</uninitialized>
         <run_address>0xb5fd</run_address>
         <size>0x3</size>
         <input_file_ref idref="fl-53"/>
      </object_component>
      <object_component id="oc-2ed">
         <name>.ebss</name>
         <uninitialized>true</uninitialized>
         <run_address>0xbc93</run_address>
         <size>0x12</size>
         <input_file_ref idref="fl-54"/>
      </object_component>
      <object_component id="oc-2f4">
         <name>.ebss</name>
         <uninitialized>true</uninitialized>
         <run_address>0xa64f</run_address>
         <size>0x1</size>
         <input_file_ref idref="fl-55"/>
      </object_component>
      <object_component id="oc-2fb">
         <name>.ebss</name>
         <uninitialized>true</uninitialized>
         <run_address>0xbd2c</run_address>
         <size>0x5</size>
         <input_file_ref idref="fl-56"/>
      </object_component>
      <object_component id="oc-302">
         <name>.ebss</name>
         <uninitialized>true</uninitialized>
         <run_address>0xb880</run_address>
         <size>0x66</size>
         <input_file_ref idref="fl-57"/>
      </object_component>
      <object_component id="oc-309">
         <name>.ebss</name>
         <uninitialized>true</uninitialized>
         <run_address>0xbc7c</run_address>
         <size>0x4</size>
         <input_file_ref idref="fl-58"/>
      </object_component>
      <object_component id="oc-310">
         <name>.ebss</name>
         <uninitialized>true</uninitialized>
         <run_address>0xbd00</run_address>
         <size>0xf</size>
         <input_file_ref idref="fl-59"/>
      </object_component>
      <object_component id="oc-34a">
         <name>.ebss</name>
         <uninitialized>true</uninitialized>
         <run_address>0xbd26</run_address>
         <size>0x6</size>
         <input_file_ref idref="fl-73"/>
      </object_component>
      <object_component id="oc-37b">
         <name>.ebss:__lock</name>
         <uninitialized>true</uninitialized>
         <run_address>0xbcfe</run_address>
         <size>0x2</size>
         <input_file_ref idref="fl-74"/>
      </object_component>
      <object_component id="oc-3c2">
         <name>.ebss:__unlock</name>
         <uninitialized>true</uninitialized>
         <run_address>0xbd3e</run_address>
         <size>0x2</size>
         <input_file_ref idref="fl-74"/>
      </object_component>
      <object_component id="oc-3d8">
         <name>.econst:_cwDhgOCVMap</name>
         <load_address>0x8e8c8</load_address>
         <run_address>0x8e8c8</run_address>
         <size>0x2e8</size>
         <input_file_ref idref="fl-44"/>
      </object_component>
      <object_component id="oc-3ba">
         <name>.econst:_PieVectTableInit</name>
         <load_address>0x8ebb0</load_address>
         <run_address>0x8ebb0</run_address>
         <size>0x1c0</size>
         <input_file_ref idref="fl-b"/>
      </object_component>
      <object_component id="oc-3b1">
         <name>.econst:_strEepromDefaultTable2</name>
         <load_address>0x8ed70</load_address>
         <run_address>0x8ed70</run_address>
         <size>0x1b6</size>
         <input_file_ref idref="fl-6"/>
      </object_component>
      <object_component id="oc-3d9">
         <name>.econst:_cwChgOCVMap</name>
         <load_address>0x8ef26</load_address>
         <run_address>0x8ef26</run_address>
         <size>0x1a4</size>
         <input_file_ref idref="fl-44"/>
      </object_component>
      <object_component id="oc-3d1">
         <name>.econst:.string:_Figure13SEG_TAB</name>
         <load_address>0x8f0ca</load_address>
         <run_address>0x8f0ca</run_address>
         <size>0xa9</size>
         <input_file_ref idref="fl-17"/>
      </object_component>
      <object_component id="oc-390">
         <name>.econst:_wNTCHsTempSampleTab</name>
         <load_address>0x8f173</load_address>
         <run_address>0x8f173</run_address>
         <size>0x8d</size>
         <input_file_ref idref="fl-2"/>
      </object_component>
      <object_component id="oc-3b2">
         <name>.econst:_strEepromDefaultTable1</name>
         <load_address>0x8f200</load_address>
         <run_address>0x8f200</run_address>
         <size>0x60</size>
         <input_file_ref idref="fl-6"/>
      </object_component>
      <object_component id="oc-3d0">
         <name>.econst:_Seg13CodeTab</name>
         <load_address>0x8f260</load_address>
         <run_address>0x8f260</run_address>
         <size>0x25</size>
         <input_file_ref idref="fl-17"/>
      </object_component>
      <object_component id="oc-3b0">
         <name>.econst:_strEepromDefaultTable3</name>
         <load_address>0x8f285</load_address>
         <run_address>0x8f285</run_address>
         <size>0x20</size>
         <input_file_ref idref="fl-6"/>
      </object_component>
      <object_component id="oc-3d2">
         <name>.econst:.string:_SOC_TAB</name>
         <load_address>0x8f2a5</load_address>
         <run_address>0x8f2a5</run_address>
         <size>0xa</size>
         <input_file_ref idref="fl-17"/>
      </object_component>
      <object_component id="oc-3da">
         <name>.econst:.string:_$P$T0$3</name>
         <load_address>0x8f2af</load_address>
         <run_address>0x8f2af</run_address>
         <size>0x4</size>
         <input_file_ref idref="fl-42"/>
      </object_component>
      <object_component id="oc-3db">
         <name>.econst:.string:_$P$T1$4</name>
         <load_address>0x8f2b3</load_address>
         <run_address>0x8f2b3</run_address>
         <size>0x4</size>
         <input_file_ref idref="fl-42"/>
      </object_component>
      <object_component id="oc-3d6">
         <name>.econst:_$P$T2$5</name>
         <load_address>0x8f2b8</load_address>
         <run_address>0x8f2b8</run_address>
         <size>0x4</size>
         <input_file_ref idref="fl-42"/>
      </object_component>
      <object_component id="oc-3d7">
         <name>.econst:_$P$T3$6</name>
         <load_address>0x8f2bc</load_address>
         <run_address>0x8f2bc</run_address>
         <size>0x4</size>
         <input_file_ref idref="fl-42"/>
      </object_component>
      <object_component id="oc-366">
         <name>.TI.ramfunc</name>
         <load_address>0x8c878</load_address>
         <run_address>0xbd50</run_address>
         <size>0x535</size>
         <input_file_ref idref="fl-2"/>
      </object_component>
      <object_component id="oc-36d">
         <name>.TI.ramfunc</name>
         <load_address>0x8cdad</load_address>
         <run_address>0xc285</run_address>
         <size>0x378</size>
         <input_file_ref idref="fl-a"/>
      </object_component>
      <object_component id="oc-36c">
         <name>.TI.ramfunc</name>
         <load_address>0x8d125</load_address>
         <run_address>0xc5fd</run_address>
         <size>0x315</size>
         <input_file_ref idref="fl-9"/>
      </object_component>
      <object_component id="oc-1c0">
         <name>.TI.ramfunc:retain</name>
         <load_address>0x8d43a</load_address>
         <run_address>0xc912</run_address>
         <size>0x303</size>
         <input_file_ref idref="fl-1b"/>
      </object_component>
      <object_component id="oc-372">
         <name>.TI.ramfunc</name>
         <load_address>0x8d73d</load_address>
         <run_address>0xcc15</run_address>
         <size>0x1d3</size>
         <input_file_ref idref="fl-4"/>
      </object_component>
      <object_component id="oc-373">
         <name>.TI.ramfunc</name>
         <load_address>0x8d910</load_address>
         <run_address>0xcde8</run_address>
         <size>0x13b</size>
         <input_file_ref idref="fl-10"/>
      </object_component>
      <object_component id="oc-374">
         <name>.TI.ramfunc</name>
         <load_address>0x8da4b</load_address>
         <run_address>0xcf23</run_address>
         <size>0x12b</size>
         <input_file_ref idref="fl-11"/>
      </object_component>
      <object_component id="oc-376">
         <name>.TI.ramfunc</name>
         <load_address>0x8db76</load_address>
         <run_address>0xd04e</run_address>
         <size>0x63</size>
         <input_file_ref idref="fl-3f"/>
      </object_component>
      <object_component id="oc-375">
         <name>.TI.ramfunc</name>
         <load_address>0x8dbd9</load_address>
         <run_address>0xd0b1</run_address>
         <size>0x4e</size>
         <input_file_ref idref="fl-4e"/>
      </object_component>
      <object_component id="oc-364">
         <name>.TI.ramfunc</name>
         <load_address>0x8dc27</load_address>
         <run_address>0xd0ff</run_address>
         <size>0x22</size>
         <input_file_ref idref="fl-48"/>
      </object_component>
      <object_component id="oc-3bd">
         <name>.TI.ramfunc</name>
         <load_address>0x8dc49</load_address>
         <run_address>0xd121</run_address>
         <size>0x1f</size>
         <input_file_ref idref="fl-b"/>
      </object_component>
      <object_component id="oc-1b7">
         <name>.TI.ramfunc</name>
         <load_address>0x8dc68</load_address>
         <run_address>0xd140</run_address>
         <size>0x4</size>
         <input_file_ref idref="fl-1a"/>
      </object_component>
      <object_component id="oc-255">
         <name>.TI.ramfunc</name>
         <load_address>0x8dc6c</load_address>
         <run_address>0xd144</run_address>
         <size>0x4</size>
         <input_file_ref idref="fl-39"/>
      </object_component>
      <object_component id="oc-29a">
         <name>OSStack</name>
         <uninitialized>true</uninitialized>
         <run_address>0x8000</run_address>
         <size>0xfa0</size>
         <input_file_ref idref="fl-45"/>
      </object_component>
      <object_component id="oc-17e">
         <name>AccessProtectionRegsFile</name>
         <uninitialized>true</uninitialized>
         <run_address>0x5f500</run_address>
         <size>0x3e</size>
         <input_file_ref idref="fl-19"/>
      </object_component>
      <object_component id="oc-1a9">
         <name>AdccRegsFile</name>
         <uninitialized>true</uninitialized>
         <run_address>0x6a00</run_address>
         <size>0x14a</size>
         <input_file_ref idref="fl-19"/>
      </object_component>
      <object_component id="oc-1aa">
         <name>AdcdRegsFile</name>
         <uninitialized>true</uninitialized>
         <run_address>0x6c00</run_address>
         <size>0x14a</size>
         <input_file_ref idref="fl-19"/>
      </object_component>
      <object_component id="oc-1ab">
         <name>AdceRegsFile</name>
         <uninitialized>true</uninitialized>
         <run_address>0x6e00</run_address>
         <size>0x14a</size>
         <input_file_ref idref="fl-19"/>
      </object_component>
      <object_component id="oc-1ac">
         <name>AdcaRegsFile</name>
         <uninitialized>true</uninitialized>
         <run_address>0x7400</run_address>
         <size>0x14a</size>
         <input_file_ref idref="fl-19"/>
      </object_component>
      <object_component id="oc-1ad">
         <name>AdcbRegsFile</name>
[...]
      </symbol>
      <symbol id="sm-2aa0">
         <name>_gi_wInvChgCurrLimitTemp</name>
         <value>0xb8a5</value>
         <object_component_ref idref="oc-302"/>
      </symbol>
      <symbol id="sm-2aa1">
         <name>_g_uwPVSoftDutyRate</name>
         <value>0xb8c4</value>
         <object_component_ref idref="oc-302"/>
      </symbol>
      <symbol id="sm-2aa2">
         <name>_g_wPvLoadCurrFeedWard</name>
         <value>0xb8ba</value>
         <object_component_ref idref="oc-302"/>
      </symbol>
      <symbol id="sm-2aa3">
         <name>_uwPvChgCurrTemp</name>
         <value>0xb8be</value>
         <object_component_ref idref="oc-302"/>
      </symbol>
      <symbol id="sm-2aa4">
         <name>_uwGridpowerslopeTime</name>
         <value>0xb8a2</value>
         <object_component_ref idref="oc-302"/>
      </symbol>
      <symbol id="sm-2aa5">
         <name>_sSetACCurrLimit</name>
         <value>0x85348</value>
         <object_component_ref idref="oc-39e"/>
      </symbol>
      <symbol id="sm-2aa7">
         <name>_swGetInvFeedCurrLimitTempTemp</name>
         <value>0x85281</value>
         <object_component_ref idref="oc-39e"/>
      </symbol>
      <symbol id="sm-2aa9">
         <name>_uwGetOPRMSRatedVolt</name>
         <value>0x85220</value>
         <object_component_ref idref="oc-39e"/>
      </symbol>
      <symbol id="sm-2aab">
         <name>_gi_wInvChgCurrSoftStartRate</name>
         <value>0xb8a7</value>
         <object_component_ref idref="oc-302"/>
      </symbol>
      <symbol id="sm-2aac">
         <name>_swGetEnergySpareVoltLimit</name>
         <value>0x852a9</value>
         <object_component_ref idref="oc-39e"/>
      </symbol>
      <symbol id="sm-2aae">
         <name>_g_wBusVoltRef</name>
         <value>0xb8c6</value>
         <object_component_ref idref="oc-302"/>
      </symbol>
      <symbol id="sm-2aaf">
         <name>_g_wInvDCVoltRef</name>
         <value>0xb884</value>
         <object_component_ref idref="oc-302"/>
      </symbol>
      <symbol id="sm-2ab0">
         <name>_sSetToShutdown</name>
         <value>0x85314</value>
         <object_component_ref idref="oc-39e"/>
      </symbol>
      <symbol id="sm-2ab2">
         <name>_swGetWattDeratePerTemp</name>
         <value>0x8524d</value>
         <object_component_ref idref="oc-39e"/>
      </symbol>
      <symbol id="sm-2ab4">
         <name>_wInvDsgPowerLimitTemp</name>
         <value>0xb8a4</value>
         <object_component_ref idref="oc-302"/>
      </symbol>
      <symbol id="sm-2ab5">
         <name>_wMaxFeedPowerLimit</name>
         <value>0xb899</value>
         <object_component_ref idref="oc-302"/>
      </symbol>
      <symbol id="sm-2ab6">
         <name>_PowerOffTese</name>
         <value>0xb8c9</value>
         <object_component_ref idref="oc-302"/>
      </symbol>
      <symbol id="sm-2ab7">
         <name>_wOutputVoltCntl</name>
         <value>0xb882</value>
         <object_component_ref idref="oc-302"/>
      </symbol>
      <symbol id="sm-2ab8">
         <name>_g_wACCurrLimit</name>
         <value>0xb8ad</value>
         <object_component_ref idref="oc-302"/>
      </symbol>
      <symbol id="sm-2ab9">
         <name>_sInvPowerOffChk</name>
         <value>0x855e7</value>
         <object_component_ref idref="oc-39e"/>
      </symbol>
      <symbol id="sm-2abb">
         <name>_suwGetSysPvChgEn</name>
         <value>0x852d1</value>
         <object_component_ref idref="oc-39e"/>
      </symbol>
      <symbol id="sm-2abd">
         <name>_swGetInvDsgPowerLimitTemp</name>
         <value>0x85285</value>
         <object_component_ref idref="oc-39e"/>
      </symbol>
      <symbol id="sm-2abf">
         <name>_swGetOutputVoltCntl</name>
         <value>0x8526d</value>
         <object_component_ref idref="oc-39e"/>
      </symbol>
      <symbol id="sm-2ac1">
         <name>_swGetToShutdown</name>
         <value>0x85259</value>
         <object_component_ref idref="oc-39e"/>
      </symbol>
      <symbol id="sm-2ac3">
         <name>_g_wPvLoadCurrFeedWard1</name>
         <value>0xb8bb</value>
         <object_component_ref idref="oc-302"/>
      </symbol>
      <symbol id="sm-2ac4">
         <name>_g_wPvLoadCurrFeedWard3</name>
         <value>0xb8bd</value>
         <object_component_ref idref="oc-302"/>
      </symbol>
      <symbol id="sm-2ac5">
         <name>_g_wPvLoadCurrFeedWard2</name>
         <value>0xb8bc</value>
         <object_component_ref idref="oc-302"/>
      </symbol>
      <symbol id="sm-2ac6">
         <name>_wGridFeedWattRef</name>
         <value>0xb89b</value>
         <object_component_ref idref="oc-302"/>
      </symbol>
      <symbol id="sm-2ac7">
         <name>_sPvLowVoltChk</name>
         <value>0x8534c</value>
         <object_component_ref idref="oc-39e"/>
      </symbol>
      <symbol id="sm-2ac9">
         <name>_uwPvChgWorkCnt</name>
         <value>0xb8b6</value>
         <object_component_ref idref="oc-302"/>
      </symbol>
      <symbol id="sm-2aca">
         <name>_wPVCurrErr</name>
         <value>0xb8a0</value>
         <object_component_ref idref="oc-302"/>
      </symbol>
      <symbol id="sm-2acb">
         <name>_swGetBatChgPowerLimitTemp</name>
         <value>0x852b9</value>
         <object_component_ref idref="oc-39e"/>
      </symbol>
      <symbol id="sm-2acd">
         <name>_sOPOverLoadLowvolt</name>
         <value>0x854b1</value>
         <object_component_ref idref="oc-39e"/>
      </symbol>
      <symbol id="sm-2acf">
         <name>_swGetDCDCBusVoltRef</name>
         <value>0x852ad</value>
         <object_component_ref idref="oc-39e"/>
      </symbol>
      <symbol id="sm-2ad1">
         <name>_sChgModeChk</name>
         <value>0x85bdb</value>
         <object_component_ref idref="oc-39e"/>
      </symbol>
      <symbol id="sm-2ad3">
         <name>_swGetPvChgBatCurrTemp</name>
         <value>0x85265</value>
         <object_component_ref idref="oc-39e"/>
      </symbol>
      <symbol id="sm-2ad5">
         <name>_uwPvBatCurrLimit</name>
         <value>0xb8bf</value>
         <object_component_ref idref="oc-302"/>
      </symbol>
      <symbol id="sm-2ad6">
         <name>_swGetGridFeedWattRef</name>
         <value>0x8529d</value>
         <object_component_ref idref="oc-39e"/>
      </symbol>
      <symbol id="sm-2ad8">
         <name>_uwPvChgWaitCnt</name>
         <value>0xb8b7</value>
         <object_component_ref idref="oc-302"/>
      </symbol>
      <symbol id="sm-2ad9">
         <name>_wGridChgBatCurrRef</name>
         <value>0xb89c</value>
         <object_component_ref idref="oc-302"/>
      </symbol>
      <symbol id="sm-2ada">
         <name>_sGridPowerPriorityProc</name>
         <value>0x85667</value>
         <object_component_ref idref="oc-39e"/>
      </symbol>
      <symbol id="sm-2adc">
         <name>_wOPVATemp</name>
         <value>0xb88a</value>
         <object_component_ref idref="oc-302"/>
      </symbol>
      <symbol id="sm-2add">
         <name>_g_uwEnergySpareVoltLimit</name>
         <value>0xb8b4</value>
         <object_component_ref idref="oc-302"/>
      </symbol>
      <symbol id="sm-2ade">
         <name>_wInvCurrFeedTemp</name>
         <value>0xb8ab</value>
         <object_component_ref idref="oc-302"/>
      </symbol>
      <symbol id="sm-2adf">
         <name>_g_wACFeedPowerLimit</name>
         <value>0xb8b0</value>
         <object_component_ref idref="oc-302"/>
      </symbol>
      <symbol id="sm-2ae0">
         <name>_g_uwEnergySpareMode</name>
         <value>0xb8b3</value>
         <object_component_ref idref="oc-302"/>
      </symbol>
      <symbol id="sm-2ae1">
         <name>_sSetACWattLimit</name>
         <value>0x8533c</value>
         <object_component_ref idref="oc-39e"/>
      </symbol>
      <symbol id="sm-2ae3">
         <name>_uwShutdownSts</name>
         <value>0xb8ca</value>
         <object_component_ref idref="oc-302"/>
      </symbol>
      <symbol id="sm-2ae4">
         <name>_gi_wInvFeedCurrLimitTempTemp</name>
         <value>0xb8a6</value>
         <object_component_ref idref="oc-302"/>
      </symbol>
      <symbol id="sm-2af5">
         <name>_fParallelJob</name>
         <value>0xbc7c</value>
         <object_component_ref idref="oc-309"/>
      </symbol>
      <symbol id="sm-2af6">
         <name>_A2</name>
         <value>0xbc7e</value>
         <object_component_ref idref="oc-309"/>
      </symbol>
      <symbol id="sm-2af7">
         <name>_sParallelJobInit</name>
         <value>0x8c852</value>
         <object_component_ref idref="oc-3a7"/>
      </symbol>
      <symbol id="sm-2af9">
         <name>_sParallelJob</name>
         <value>0x8c856</value>
         <object_component_ref idref="oc-3a7"/>
      </symbol>
      <symbol id="sm-2bc2">
         <name>_sSetStayStandby</name>
         <value>0x86560</value>
         <object_component_ref idref="oc-36a"/>
      </symbol>
      <symbol id="sm-2bc4">
         <name>_sbSystemInitialize</name>
         <value>0x85d76</value>
         <object_component_ref idref="oc-36a"/>
      </symbol>
      <symbol id="sm-2bc6">
         <name>_g_wAgingMode</name>
         <value>0xbd02</value>
         <object_component_ref idref="oc-310"/>
      </symbol>
      <symbol id="sm-2bc7">
         <name>_uwGetSuperStkChk</name>
         <value>0x85d4b</value>
         <object_component_ref idref="oc-36a"/>
      </symbol>
      <symbol id="sm-2bc9">
         <name>_sSupervisorJobInit</name>
         <value>0x85f96</value>
         <object_component_ref idref="oc-36a"/>
      </symbol>
      <symbol id="sm-2bcb">
         <name>_sStandbyMode</name>
         <value>0x86206</value>
         <object_component_ref idref="oc-36a"/>
      </symbol>
      <symbol id="sm-2bcd">
         <name>_fSupervisorJob</name>
         <value>0xbd03</value>
         <object_component_ref idref="oc-310"/>
      </symbol>
      <symbol id="sm-2bce">
         <name>_sSetWorkMode</name>
         <value>0x8655c</value>
         <object_component_ref idref="oc-36a"/>
      </symbol>
      <symbol id="sm-2bd0">
         <name>_sSupervisorJob</name>
         <value>0x864f5</value>
         <object_component_ref idref="oc-36a"/>
      </symbol>
      <symbol id="sm-2bd2">
         <name>_sFaultMode</name>
         <value>0x862c7</value>
         <object_component_ref idref="oc-36a"/>
      </symbol>
      <symbol id="sm-2bd4">
         <name>_g_uwReturnFromFault</name>
         <value>0xbd0a</value>
         <object_component_ref idref="oc-310"/>
      </symbol>
      <symbol id="sm-2bd5">
         <name>_sToBatteryMode</name>
         <value>0x85eea</value>
         <object_component_ref idref="oc-36a"/>
      </symbol>
      <symbol id="sm-2bd7">
         <name>_uniEnergyInfo</name>
         <value>0xbd05</value>
         <object_component_ref idref="oc-310"/>
      </symbol>
      <symbol id="sm-2bd8">
         <name>_swGetLoadOnSts</name>
         <value>0x85d57</value>
         <object_component_ref idref="oc-36a"/>
      </symbol>
      <symbol id="sm-2bda">
         <name>_sbModelIdentify</name>
         <value>0x85d83</value>
         <object_component_ref idref="oc-36a"/>
      </symbol>
      <symbol id="sm-2bdc">
         <name>_g_uwSuperEvent</name>
         <value>0xbd04</value>
         <object_component_ref idref="oc-310"/>
      </symbol>
      <symbol id="sm-2bdd">
         <name>_sToBypassMode</name>
         <value>0x85ec6</value>
         <object_component_ref idref="oc-36a"/>
      </symbol>
      <symbol id="sm-2bdf">
         <name>_sToLineMode</name>
         <value>0x85dac</value>
         <object_component_ref idref="oc-36a"/>
      </symbol>
      <symbol id="sm-2be1">
         <name>_sLineMode</name>
         <value>0x86165</value>
         <object_component_ref idref="oc-36a"/>
      </symbol>
      <symbol id="sm-2be3">
         <name>_swGetAgingStatus</name>
         <value>0x85d5f</value>
         <object_component_ref idref="oc-36a"/>
      </symbol>
      <symbol id="sm-2be5">
         <name>_sBatteryMode</name>
         <value>0x86088</value>
         <object_component_ref idref="oc-36a"/>
      </symbol>
      <symbol id="sm-2be7">
         <name>_g_uwLoadOnSts</name>
         <value>0xbd06</value>
         <object_component_ref idref="oc-310"/>
      </symbol>
      <symbol id="sm-2be8">
         <name>_g_uwWorkMode</name>
         <value>0xbd00</value>
         <object_component_ref idref="oc-310"/>
      </symbol>
      <symbol id="sm-2be9">
         <name>_swGetFaultCode</name>
         <value>0x85d5b</value>
         <object_component_ref idref="oc-36a"/>
      </symbol>
      <symbol id="sm-2beb">
         <name>_sbWaitSystemSteady</name>
         <value>0x85d63</value>
         <object_component_ref idref="oc-36a"/>
      </symbol>
      <symbol id="sm-2bed">
         <name>_g_uwStayStandby</name>
         <value>0xbd07</value>
         <object_component_ref idref="oc-310"/>
      </symbol>
      <symbol id="sm-2bee">
         <name>_g_uwFaultCode</name>
         <value>0xbd01</value>
         <object_component_ref idref="oc-310"/>
      </symbol>
      <symbol id="sm-2bef">
         <name>_sSetLoadOnSts</name>
         <value>0x85e25</value>
         <object_component_ref idref="oc-36a"/>
      </symbol>
      <symbol id="sm-2bf1">
         <name>_sBypassMode</name>
         <value>0x86077</value>
         <object_component_ref idref="oc-36a"/>
      </symbol>
      <symbol id="sm-2bf3">
         <name>_sbAdcOffsetInitial</name>
         <value>0x85d94</value>
         <object_component_ref idref="oc-36a"/>
      </symbol>
      <symbol id="sm-2bf5">
         <name>_sPowerOnMode</name>
         <value>0x85f9b</value>
         <object_component_ref idref="oc-36a"/>
      </symbol>
      <symbol id="sm-2bf7">
         <name>_sSetFaultCode</name>
         <value>0x86564</value>
         <object_component_ref idref="oc-36a"/>
      </symbol>
      <symbol id="sm-2bf9">
         <name>_uwSuperStkChk</name>
         <value>0xbd09</value>
         <object_component_ref idref="oc-310"/>
      </symbol>
      <symbol id="sm-2bfa">
         <name>_sToChgMode</name>
         <value>0x85e29</value>
         <object_component_ref idref="oc-36a"/>
      </symbol>
      <symbol id="sm-2bfc">
         <name>_swGetWorkMode</name>
         <value>0x85d4f</value>
         <object_component_ref idref="oc-36a"/>
      </symbol>
      <symbol id="sm-2bfe">
         <name>_sChgMode</name>
         <value>0x85fd0</value>
         <object_component_ref idref="oc-36a"/>
      </symbol>
      <symbol id="sm-2c00">
         <name>_sSetAgingStatus</name>
         <value>0x86570</value>
         <object_component_ref idref="oc-36a"/>
      </symbol>
      <symbol id="sm-2c02">
         <name>_sShutdownMode</name>
         <value>0x8653a</value>
         <object_component_ref idref="oc-36a"/>
      </symbol>
      <symbol id="sm-2c04">
         <name>_swGetStayStandby</name>
         <value>0x85d53</value>
         <object_component_ref idref="oc-36a"/>
      </symbol>
      <symbol id="sm-2c06">
         <name>_fStateStatus</name>
         <value>0xbd08</value>
         <object_component_ref idref="oc-310"/>
      </symbol>
      <symbol id="sm-2c21">
         <name>_c_int00</name>
         <value>0x8c59b</value>
         <object_component_ref idref="oc-9a"/>
      </symbol>
      <symbol id="sm-2c22">
         <name>__stack</name>
         <value>0x400</value>
         <object_component_ref idref="oc-315"/>
      </symbol>
      <symbol id="sm-2c33">
         <name>FS$$DIV</name>
         <value>0x8c2df</value>
         <object_component_ref idref="oc-31b"/>
      </symbol>
      <symbol id="sm-2c41">
         <name>ULL$$CMP</name>
         <value>0x8c7d3</value>
         <object_component_ref idref="oc-320"/>
      </symbol>
      <symbol id="sm-2c42">
         <name>LL$$CMP</name>
         <value>0x8c7c1</value>
         <object_component_ref idref="oc-320"/>
      </symbol>
      <symbol id="sm-2c50">
         <name>I$$MOD</name>
         <value>0x8c790</value>
         <object_component_ref idref="oc-325"/>
      </symbol>
      <symbol id="sm-2c51">
         <name>I$$DIV</name>
         <value>0x8c77f</value>
         <object_component_ref idref="oc-325"/>
      </symbol>
      <symbol id="sm-2c5d">
         <name>U$$MOD</name>
         <value>0x8c84c</value>
         <object_component_ref idref="oc-32a"/>
      </symbol>
      <symbol id="sm-2c5e">
         <name>U$$DIV</name>
         <value>0x8c847</value>
         <object_component_ref idref="oc-32a"/>
      </symbol>
      <symbol id="sm-2c6a">
         <name>UL$$MOD</name>
         <value>0x8c703</value>
         <object_component_ref idref="oc-32f"/>
      </symbol>
      <symbol id="sm-2c6b">
         <name>L$$MOD</name>
         <value>0x8c6ee</value>
         <object_component_ref idref="oc-32f"/>
      </symbol>
      <symbol id="sm-2c6c">
         <name>L$$DIV</name>
         <value>0x8c6df</value>
         <object_component_ref idref="oc-32f"/>
      </symbol>
      <symbol id="sm-2c6d">
         <name>UL$$DIV</name>
         <value>0x8c6fc</value>
         <object_component_ref idref="oc-32f"/>
      </symbol>
      <symbol id="sm-2c7c">
         <name>_copy_in</name>
         <value>0x8c75b</value>
         <object_component_ref idref="oc-35f"/>
      </symbol>
      <symbol id="sm-2c8e">
         <name>_memcpy</name>
         <value>0x8c7fc</value>
         <object_component_ref idref="oc-379"/>
      </symbol>
      <symbol id="sm-2c9b">
         <name>__system_pre_init</name>
         <value>0x8c874</value>
         <object_component_ref idref="oc-35e"/>
      </symbol>
      <symbol id="sm-2ca9">
         <name>__system_post_cinit</name>
         <value>0x87b57</value>
         <object_component_ref idref="oc-360"/>
      </symbol>
      <symbol id="sm-2cbe">
         <name>C$$EXIT</name>
         <value>0x8c732</value>
         <object_component_ref idref="oc-362"/>
      </symbol>
      <symbol id="sm-2cbf">
         <name>_exit</name>
         <value>0x8c734</value>
         <object_component_ref idref="oc-362"/>
      </symbol>
      <symbol id="sm-2cc1">
         <name>___TI_cleanup_ptr</name>
         <value>0xbd28</value>
         <object_component_ref idref="oc-34a"/>
      </symbol>
      <symbol id="sm-2cc2">
         <name>___TI_enable_exit_profile_output</name>
         <value>0xbd26</value>
         <object_component_ref idref="oc-34a"/>
      </symbol>
      <symbol id="sm-2cc3">
         <name>_abort</name>
         <value>0x8c732</value>
         <object_component_ref idref="oc-362"/>
      </symbol>
      <symbol id="sm-2cc5">
         <name>___TI_dtors_ptr</name>
         <value>0xbd2a</value>
         <object_component_ref idref="oc-34a"/>
      </symbol>
      <symbol id="sm-2cd9">
         <name>__unlock</name>
         <value>0xbd3e</value>
         <object_component_ref idref="oc-3c2"/>
      </symbol>
      <symbol id="sm-2cda">
         <name>__lock</name>
         <value>0xbcfe</value>
         <object_component_ref idref="oc-37b"/>
      </symbol>
      <symbol id="sm-2cdb">
         <name>__register_lock</name>
         <value>0x8c860</value>
         <object_component_ref idref="oc-3aa"/>
      </symbol>
      <symbol id="sm-2cdd">
         <name>__nop</name>
         <value>0x8c864</value>
         <object_component_ref idref="oc-3aa"/>
      </symbol>
      <symbol id="sm-2cdf">
         <name>__register_unlock</name>
         <value>0x8c85c</value>
         <object_component_ref idref="oc-3aa"/>
      </symbol>
      <symbol id="sm-2cef">
         <name>__args_main</name>
         <value>0x8c835</value>
         <object_component_ref idref="oc-361"/>
      </symbol>
      <symbol id="sm-2cfe">
         <name>_memset</name>
         <value>0x8c86d</value>
         <object_component_ref idref="oc-385"/>
      </symbol>
   </symbol_table>
   <title>Link successful</title>
</link_info>
