<?xml version="1.0" encoding="ISO-8859-1" ?>
<link_info>
   <banner>TMS320C2000 Linker PC v22.6.1.LTS</banner>
   <copyright>Copyright (c) 1996-2018 Texas Instruments Incorporated</copyright>
   <link_time>0x6970901b</link_time>
   <link_errors>0x0</link_errors>
   <output_file>../RELEASE/F28P55X_DEMO.out</output_file>
   <entry_point>
      <name>_c_int00</name>
      <address>0x81fda</address>
   </entry_point>
   <input_file_list>
      <input_file id="fl-2">
         <path>.\APP\</path>
         <kind>object</kind>
         <file>Initial.obj</file>
         <name>Initial.obj</name>
      </input_file>
      <input_file id="fl-3">
         <path>.\APP\</path>
         <kind>object</kind>
         <file>InverterProcess.obj</file>
         <name>InverterProcess.obj</name>
      </input_file>
      <input_file id="fl-4">
         <path>.\APP\</path>
         <kind>object</kind>
         <file>Main.obj</file>
         <name>Main.obj</name>
      </input_file>
      <input_file id="fl-5">
         <path>.\APP\</path>
         <kind>object</kind>
         <file>ModBusProcess.obj</file>
         <name>ModBusProcess.obj</name>
      </input_file>
      <input_file id="fl-6">
         <path>.\APP\</path>
         <kind>object</kind>
         <file>SciPassthrough.obj</file>
         <name>SciPassthrough.obj</name>
      </input_file>
      <input_file id="fl-7">
         <path>.\APP\</path>
         <kind>object</kind>
         <file>SciRoute.obj</file>
         <name>SciRoute.obj</name>
      </input_file>
      <input_file id="fl-8">
         <path>.\APP\</path>
         <kind>object</kind>
         <file>f28p55x_codestartbranch.obj</file>
         <name>f28p55x_codestartbranch.obj</name>
      </input_file>
      <input_file id="fl-9">
         <path>.\APP\</path>
         <kind>object</kind>
         <file>f28p55x_globalvariabledefs.obj</file>
         <name>f28p55x_globalvariabledefs.obj</name>
      </input_file>
      <input_file id="fl-a">
         <path>.\APP\</path>
         <kind>object</kind>
         <file>f28p55x_usdelay.obj</file>
         <name>f28p55x_usdelay.obj</name>
      </input_file>
      <input_file id="fl-b">
         <path>.\APP\</path>
         <kind>object</kind>
         <file>interrupt.obj</file>
         <name>interrupt.obj</name>
      </input_file>
      <input_file id="fl-c">
         <path>.\CPU\</path>
         <kind>object</kind>
         <file>f28p55x_defaultisr.obj</file>
         <name>f28p55x_defaultisr.obj</name>
      </input_file>
      <input_file id="fl-d">
         <path>.\DRIVER\Sci\</path>
         <kind>object</kind>
         <file>sci_driver.obj</file>
         <name>sci_driver.obj</name>
      </input_file>
      <input_file id="fl-e">
         <path>.\KERNEL\SOURCE\</path>
         <kind>object</kind>
         <file>OS_CORE.obj</file>
         <name>OS_CORE.obj</name>
      </input_file>
      <input_file id="fl-f">
         <path>.\KERNEL\SOURCE\</path>
         <kind>object</kind>
         <file>OS_EVENT.obj</file>
         <name>OS_EVENT.obj</name>
      </input_file>
      <input_file id="fl-10">
         <path>.\KERNEL\SOURCE\</path>
         <kind>object</kind>
         <file>OS_SHELL.obj</file>
         <name>OS_SHELL.obj</name>
      </input_file>
      <input_file id="fl-11">
         <path>.\KERNEL\SOURCE\</path>
         <kind>object</kind>
         <file>OS_TIMER.obj</file>
         <name>OS_TIMER.obj</name>
      </input_file>
      <input_file id="fl-12">
         <path>.\KERNEL\ports\</path>
         <kind>object</kind>
         <file>OS_CPU.obj</file>
         <name>OS_CPU.obj</name>
      </input_file>
      <input_file id="fl-13">
         <path>.\KERNEL\ports\</path>
         <kind>object</kind>
         <file>OS_CPU_A.obj</file>
         <name>OS_CPU_A.obj</name>
      </input_file>
      <input_file id="fl-14">
         <path>.\MODULE\Library\</path>
         <kind>object</kind>
         <file>Library.obj</file>
         <name>Library.obj</name>
      </input_file>
      <input_file id="fl-15">
         <path>.\TASK\</path>
         <kind>object</kind>
         <file>BusBatProtJob.obj</file>
         <name>BusBatProtJob.obj</name>
      </input_file>
      <input_file id="fl-16">
         <path>.\TASK\</path>
         <kind>object</kind>
         <file>DisplayJob.obj</file>
         <name>DisplayJob.obj</name>
      </input_file>
      <input_file id="fl-17">
         <path>.\TASK\</path>
         <kind>object</kind>
         <file>GridJob.obj</file>
         <name>GridJob.obj</name>
      </input_file>
      <input_file id="fl-18">
         <path>.\TASK\</path>
         <kind>object</kind>
         <file>IdleJob.obj</file>
         <name>IdleJob.obj</name>
      </input_file>
      <input_file id="fl-19">
         <path>.\TASK\</path>
         <kind>object</kind>
         <file>InterfaceJob.obj</file>
         <name>InterfaceJob.obj</name>
      </input_file>
      <input_file id="fl-1a">
         <path>.\TASK\</path>
         <kind>object</kind>
         <file>InvLoadOPJob.obj</file>
         <name>InvLoadOPJob.obj</name>
      </input_file>
      <input_file id="fl-1b">
         <path>.\TASK\</path>
         <kind>object</kind>
         <file>ParallelJob.obj</file>
         <name>ParallelJob.obj</name>
      </input_file>
      <input_file id="fl-1c">
         <path>.\TASK\</path>
         <kind>object</kind>
         <file>SupervisorJob.obj</file>
         <name>SupervisorJob.obj</name>
      </input_file>
      <input_file id="fl-20">
         <kind>object</kind>
         <file>&lt;internal&gt;</file>
         <name>&lt;internal&gt;</name>
      </input_file>
      <input_file id="fl-2c">
         <path>C:\ti\ccs1271\ccs\tools\compiler\ti-cgt-c2000_22.6.1.LTS\lib\</path>
         <kind>archive</kind>
         <file>rts2800_fpu32.lib</file>
         <name>boot28.asm.obj</name>
      </input_file>
      <input_file id="fl-2d">
         <path>C:\ti\ccs1271\ccs\tools\compiler\ti-cgt-c2000_22.6.1.LTS\lib\</path>
         <kind>archive</kind>
         <file>rts2800_fpu32.lib</file>
         <name>fs_div28.asm.obj</name>
      </input_file>
      <input_file id="fl-2e">
         <path>C:\ti\ccs1271\ccs\tools\compiler\ti-cgt-c2000_22.6.1.LTS\lib\</path>
         <kind>archive</kind>
         <file>rts2800_fpu32.lib</file>
         <name>u_div28.asm.obj</name>
      </input_file>
      <input_file id="fl-2f">
         <path>C:\ti\ccs1271\ccs\tools\compiler\ti-cgt-c2000_22.6.1.LTS\lib\</path>
         <kind>archive</kind>
         <file>rts2800_fpu32.lib</file>
         <name>cpy_tbl.c.obj</name>
      </input_file>
      <input_file id="fl-30">
         <path>C:\ti\ccs1271\ccs\tools\compiler\ti-cgt-c2000_22.6.1.LTS\lib\</path>
         <kind>archive</kind>
         <file>rts2800_fpu32.lib</file>
         <name>memcpy.c.obj</name>
      </input_file>
      <input_file id="fl-31">
         <path>C:\ti\ccs1271\ccs\tools\compiler\ti-cgt-c2000_22.6.1.LTS\lib\</path>
         <kind>archive</kind>
         <file>rts2800_fpu32.lib</file>
         <name>pre_init.c.obj</name>
      </input_file>
      <input_file id="fl-32">
         <path>C:\ti\ccs1271\ccs\tools\compiler\ti-cgt-c2000_22.6.1.LTS\lib\</path>
         <kind>archive</kind>
         <file>rts2800_fpu32.lib</file>
         <name>startup.c.obj</name>
      </input_file>
      <input_file id="fl-33">
         <path>C:\ti\ccs1271\ccs\tools\compiler\ti-cgt-c2000_22.6.1.LTS\lib\</path>
         <kind>archive</kind>
         <file>rts2800_fpu32.lib</file>
         <name>exit.c.obj</name>
      </input_file>
      <input_file id="fl-34">
         <path>C:\ti\ccs1271\ccs\tools\compiler\ti-cgt-c2000_22.6.1.LTS\lib\</path>
         <kind>archive</kind>
         <file>rts2800_fpu32.lib</file>
         <name>_lock.c.obj</name>
      </input_file>
      <input_file id="fl-35">
         <path>C:\ti\ccs1271\ccs\tools\compiler\ti-cgt-c2000_22.6.1.LTS\lib\</path>
         <kind>archive</kind>
         <file>rts2800_fpu32.lib</file>
         <name>args_main.c.obj</name>
      </input_file>
      <input_file id="fl-36">
         <path>C:\ti\ccs1271\ccs\tools\compiler\ti-cgt-c2000_22.6.1.LTS\lib\</path>
         <kind>archive</kind>
         <file>rts2800_fpu32.lib</file>
         <name>memset.c.obj</name>
      </input_file>
   </input_file_list>
   <object_component_list>
      <object_component id="oc-13f">
         <name>PieVectTableFile</name>
         <uninitialized>true</uninitialized>
         <run_address>0xd00</run_address>
         <size>0x1c0</size>
         <input_file_ref idref="fl-9"/>
      </object_component>
      <object_component id="oc-c0">
         <name>codestart</name>
         <load_address>0x80000</load_address>
         <run_address>0x80000</run_address>
         <size>0x2</size>
         <input_file_ref idref="fl-8"/>
      </object_component>
      <object_component id="oc-20f">
         <name>.text</name>
         <load_address>0x80008</load_address>
         <run_address>0x80008</run_address>
         <size>0x776</size>
         <input_file_ref idref="fl-2"/>
      </object_component>
      <object_component id="oc-226">
         <name>.text</name>
         <load_address>0x8077e</load_address>
         <run_address>0x8077e</run_address>
         <size>0x5e8</size>
         <input_file_ref idref="fl-14"/>
      </object_component>
      <object_component id="oc-156">
         <name>.text:retain</name>
         <load_address>0x80d66</load_address>
         <run_address>0x80d66</run_address>
         <size>0x549</size>
         <input_file_ref idref="fl-c"/>
      </object_component>
      <object_component id="oc-220">
         <name>.text</name>
         <load_address>0x812af</load_address>
         <run_address>0x812af</run_address>
         <size>0x33a</size>
         <input_file_ref idref="fl-5"/>
      </object_component>
      <object_component id="oc-1fe">
         <name>.text</name>
         <load_address>0x815e9</load_address>
         <run_address>0x815e9</run_address>
         <size>0x28d</size>
         <input_file_ref idref="fl-d"/>
      </object_component>
      <object_component id="oc-222">
         <name>.text</name>
         <load_address>0x81876</load_address>
         <run_address>0x81876</run_address>
         <size>0x1a4</size>
         <input_file_ref idref="fl-3"/>
      </object_component>
      <object_component id="oc-14f">
         <name>.text:retain</name>
         <load_address>0x81a1a</load_address>
         <run_address>0x81a1a</run_address>
         <size>0x167</size>
         <input_file_ref idref="fl-b"/>
      </object_component>
      <object_component id="oc-211">
         <name>.text</name>
         <load_address>0x81b81</load_address>
         <run_address>0x81b81</run_address>
         <size>0x161</size>
         <input_file_ref idref="fl-1c"/>
      </object_component>
      <object_component id="oc-216">
         <name>.text</name>
         <load_address>0x81ce2</load_address>
         <run_address>0x81ce2</run_address>
         <size>0xaf</size>
         <input_file_ref idref="fl-19"/>
      </object_component>
      <object_component id="oc-21f">
         <name>.text</name>
         <load_address>0x81d91</load_address>
         <run_address>0x81d91</run_address>
         <size>0xae</size>
         <input_file_ref idref="fl-7"/>
      </object_component>
      <object_component id="oc-202">
         <name>.text</name>
         <load_address>0x81e3f</load_address>
         <run_address>0x81e3f</run_address>
         <size>0xa2</size>
         <input_file_ref idref="fl-4"/>
      </object_component>
      <object_component id="oc-1c5">
         <name>.text</name>
         <load_address>0x81ee1</load_address>
         <run_address>0x81ee1</run_address>
         <size>0x88</size>
         <input_file_ref idref="fl-2d"/>
      </object_component>
      <object_component id="oc-1fb">
         <name>.text</name>
         <load_address>0x81f69</load_address>
         <run_address>0x81f69</run_address>
         <size>0x1</size>
         <input_file_ref idref="fl-32"/>
      </object_component>
      <object_component id="oc-21b">
         <name>.text</name>
         <load_address>0x81f6a</load_address>
         <run_address>0x81f6a</run_address>
         <size>0x70</size>
         <input_file_ref idref="fl-e"/>
      </object_component>
      <object_component id="oc-99">
         <name>.text</name>
         <load_address>0x81fda</load_address>
         <run_address>0x81fda</run_address>
         <size>0x56</size>
         <input_file_ref idref="fl-2c"/>
      </object_component>
      <object_component id="oc-207">
         <name>.text</name>
         <load_address>0x82030</load_address>
         <run_address>0x82030</run_address>
         <size>0x50</size>
         <input_file_ref idref="fl-f"/>
      </object_component>
      <object_component id="oc-210">
         <name>.text</name>
         <load_address>0x82080</load_address>
         <run_address>0x82080</run_address>
         <size>0x4d</size>
         <input_file_ref idref="fl-10"/>
      </object_component>
      <object_component id="oc-221">
         <name>.text</name>
         <load_address>0x820cd</load_address>
         <run_address>0x820cd</run_address>
         <size>0x37</size>
         <input_file_ref idref="fl-6"/>
      </object_component>
      <object_component id="oc-17d">
         <name>.text</name>
         <load_address>0x82104</load_address>
         <run_address>0x82104</run_address>
         <size>0x36</size>
         <input_file_ref idref="fl-13"/>
      </object_component>
      <object_component id="oc-21e">
         <name>.text</name>
         <load_address>0x8213a</load_address>
         <run_address>0x8213a</run_address>
         <size>0x29</size>
         <input_file_ref idref="fl-12"/>
      </object_component>
      <object_component id="oc-1fd">
         <name>.text</name>
         <load_address>0x82163</load_address>
         <run_address>0x82163</run_address>
         <size>0x29</size>
         <input_file_ref idref="fl-33"/>
      </object_component>
      <object_component id="oc-1fa">
         <name>.text</name>
         <load_address>0x8218c</load_address>
         <run_address>0x8218c</run_address>
         <size>0x24</size>
         <input_file_ref idref="fl-2f"/>
      </object_component>
      <object_component id="oc-218">
         <name>.text</name>
         <load_address>0x821b0</load_address>
         <run_address>0x821b0</run_address>
         <size>0x1f</size>
         <input_file_ref idref="fl-18"/>
      </object_component>
      <object_component id="oc-201">
         <name>.text</name>
         <load_address>0x821cf</load_address>
         <run_address>0x821cf</run_address>
         <size>0x1d</size>
         <input_file_ref idref="fl-30"/>
      </object_component>
      <object_component id="oc-213">
         <name>.text</name>
         <load_address>0x821ec</load_address>
         <run_address>0x821ec</run_address>
         <size>0x15</size>
         <input_file_ref idref="fl-17"/>
      </object_component>
      <object_component id="oc-1fc">
         <name>.text</name>
         <load_address>0x82201</load_address>
         <run_address>0x82201</run_address>
         <size>0x12</size>
         <input_file_ref idref="fl-35"/>
      </object_component>
      <object_component id="oc-214">
         <name>.text</name>
         <load_address>0x82213</load_address>
         <run_address>0x82213</run_address>
         <size>0xf</size>
         <input_file_ref idref="fl-15"/>
      </object_component>
      <object_component id="oc-217">
         <name>.text</name>
         <load_address>0x82222</load_address>
         <run_address>0x82222</run_address>
         <size>0xf</size>
         <input_file_ref idref="fl-16"/>
      </object_component>
      <object_component id="oc-212">
         <name>.text</name>
         <load_address>0x82231</load_address>
         <run_address>0x82231</run_address>
         <size>0xf</size>
         <input_file_ref idref="fl-1a"/>
      </object_component>
      <object_component id="oc-215">
         <name>.text</name>
         <load_address>0x82240</load_address>
         <run_address>0x82240</run_address>
         <size>0xf</size>
         <input_file_ref idref="fl-1b"/>
      </object_component>
      <object_component id="oc-1ca">
         <name>.text</name>
         <load_address>0x8224f</load_address>
         <run_address>0x8224f</run_address>
         <size>0xb</size>
         <input_file_ref idref="fl-2e"/>
      </object_component>
      <object_component id="oc-219">
         <name>.text</name>
         <load_address>0x8225a</load_address>
         <run_address>0x8225a</run_address>
         <size>0x9</size>
         <input_file_ref idref="fl-34"/>
      </object_component>
      <object_component id="oc-bf">
         <name>.text</name>
         <load_address>0x82263</load_address>
         <run_address>0x82263</run_address>
         <size>0x8</size>
         <input_file_ref idref="fl-8"/>
      </object_component>
      <object_component id="oc-20d">
         <name>.text</name>
         <load_address>0x8226b</load_address>
         <run_address>0x8226b</run_address>
         <size>0x7</size>
         <input_file_ref idref="fl-36"/>
      </object_component>
      <object_component id="oc-1f9">
         <name>.text</name>
         <load_address>0x82272</load_address>
         <run_address>0x82272</run_address>
         <size>0x2</size>
         <input_file_ref idref="fl-31"/>
      </object_component>
      <object_component id="oc-a1">
         <name>.cinit</name>
         <load_address>0x824e8</load_address>
         <run_address>0x824e8</run_address>
         <size>0x60</size>
         <input_file_ref idref="fl-3"/>
      </object_component>
      <object_component id="oc-1b9">
         <name>.cinit</name>
         <load_address>0x82548</load_address>
         <run_address>0x82548</run_address>
         <size>0x15</size>
         <input_file_ref idref="fl-1c"/>
      </object_component>
      <object_component id="oc-225">
         <name>.cinit:_OSUnMapTbl</name>
         <load_address>0x8255d</load_address>
         <run_address>0x8255d</run_address>
         <size>0x13</size>
         <input_file_ref idref="fl-e"/>
      </object_component>
      <object_component id="oc-1e4">
         <name>.cinit</name>
         <load_address>0x82570</load_address>
         <run_address>0x82570</run_address>
         <size>0xe</size>
         <input_file_ref idref="fl-33"/>
      </object_component>
      <object_component id="oc-196">
         <name>.cinit</name>
         <load_address>0x8257e</load_address>
         <run_address>0x8257e</run_address>
         <size>0xd</size>
         <input_file_ref idref="fl-17"/>
      </object_component>
      <object_component id="oc-15c">
         <name>.cinit</name>
         <load_address>0x8258b</load_address>
         <run_address>0x8258b</run_address>
         <size>0xd</size>
         <input_file_ref idref="fl-d"/>
      </object_component>
      <object_component id="oc-1a4">
         <name>.cinit</name>
         <load_address>0x82598</load_address>
         <run_address>0x82598</run_address>
         <size>0xc</size>
         <input_file_ref idref="fl-19"/>
      </object_component>
      <object_component id="oc-1b2">
         <name>.cinit</name>
         <load_address>0x825a4</load_address>
         <run_address>0x825a4</run_address>
         <size>0xa</size>
         <input_file_ref idref="fl-1b"/>
      </object_component>
      <object_component id="oc-188">
         <name>.cinit</name>
         <load_address>0x825ae</load_address>
         <run_address>0x825ae</run_address>
         <size>0x5</size>
         <input_file_ref idref="fl-15"/>
      </object_component>
      <object_component id="oc-18f">
         <name>.cinit</name>
         <load_address>0x825b3</load_address>
         <run_address>0x825b3</run_address>
         <size>0x5</size>
         <input_file_ref idref="fl-16"/>
      </object_component>
      <object_component id="oc-1ab">
         <name>.cinit</name>
         <load_address>0x825b8</load_address>
         <run_address>0x825b8</run_address>
         <size>0x5</size>
         <input_file_ref idref="fl-1a"/>
      </object_component>
      <object_component id="oc-204">
         <name>.cinit:__lock</name>
         <load_address>0x825bd</load_address>
         <run_address>0x825bd</run_address>
         <size>0x5</size>
         <input_file_ref idref="fl-34"/>
      </object_component>
      <object_component id="oc-21a">
         <name>.cinit:__unlock</name>
         <load_address>0x825c2</load_address>
         <run_address>0x825c2</run_address>
         <size>0x5</size>
         <input_file_ref idref="fl-34"/>
      </object_component>
      <object_component id="oc-19d">
         <name>.cinit</name>
         <load_address>0x825c7</load_address>
         <run_address>0x825c7</run_address>
         <size>0x4</size>
         <input_file_ref idref="fl-18"/>
      </object_component>
      <object_component id="oc-ad">
         <name>.cinit</name>
         <load_address>0x825cb</load_address>
         <run_address>0x825cb</run_address>
         <size>0x4</size>
         <input_file_ref idref="fl-5"/>
      </object_component>
      <object_component id="oc-b9">
         <name>.cinit</name>
         <load_address>0x825cf</load_address>
         <run_address>0x825cf</run_address>
         <size>0x4</size>
         <input_file_ref idref="fl-7"/>
      </object_component>
      <object_component id="oc-14d">
         <name>.cinit</name>
         <load_address>0x825d3</load_address>
         <run_address>0x825d3</run_address>
         <size>0x4</size>
         <input_file_ref idref="fl-b"/>
      </object_component>
      <object_component id="oc-1c0">
         <name>.reset</name>
         <load_address>0x3fffc0</load_address>
         <run_address>0x3fffc0</run_address>
         <size>0x2</size>
         <input_file_ref idref="fl-2c"/>
      </object_component>
      <object_component id="oc-1bf">
         <name>.stack</name>
         <uninitialized>true</uninitialized>
         <run_address>0x400</run_address>
         <size>0x0</size>
         <input_file_ref idref="fl-2c"/>
      </object_component>
      <object_component id="oc-2c7">
         <name>.stack</name>
         <uninitialized>true</uninitialized>
         <run_address>0x400</run_address>
         <size>0x0</size>
      </object_component>
      <object_component id="oc-9b">
         <name>.ebss</name>
         <uninitialized>true</uninitialized>
         <run_address>0x8cf8</run_address>
         <size>0x8</size>
         <input_file_ref idref="fl-2"/>
      </object_component>
      <object_component id="oc-a2">
         <name>.ebss</name>
         <uninitialized>true</uninitialized>
         <run_address>0x8b40</run_address>
         <size>0x19e</size>
         <input_file_ref idref="fl-3"/>
      </object_component>
      <object_component id="oc-ae">
         <name>.ebss</name>
         <uninitialized>true</uninitialized>
         <run_address>0x8e18</run_address>
         <size>0x5</size>
         <input_file_ref idref="fl-5"/>
      </object_component>
      <object_component id="oc-ba">
         <name>.ebss</name>
         <uninitialized>true</uninitialized>
         <run_address>0x8e3a</run_address>
         <size>0x1</size>
         <input_file_ref idref="fl-7"/>
      </object_component>
      <object_component id="oc-14e">
         <name>.ebss</name>
         <uninitialized>true</uninitialized>
         <run_address>0x8e2a</run_address>
         <size>0x4</size>
         <input_file_ref idref="fl-b"/>
      </object_component>
      <object_component id="oc-15d">
         <name>.ebss</name>
         <uninitialized>true</uninitialized>
         <run_address>0x8e2e</run_address>
         <size>0x4</size>
         <input_file_ref idref="fl-d"/>
      </object_component>
      <object_component id="oc-209">
         <name>.ebss:_bSciRxErrCnt</name>
         <uninitialized>true</uninitialized>
         <run_address>0x8e32</run_address>
         <size>0x3</size>
         <input_file_ref idref="fl-d"/>
      </object_component>
      <object_component id="oc-20a">
         <name>.ebss:_bSciTxBusyCnt</name>
         <uninitialized>true</uninitialized>
         <run_address>0x8e35</run_address>
         <size>0x3</size>
         <input_file_ref idref="fl-d"/>
      </object_component>
      <object_component id="oc-205">
         <name>.ebss:_pSciIndex</name>
         <uninitialized>true</uninitialized>
         <run_address>0x8e0c</run_address>
         <size>0x6</size>
         <input_file_ref idref="fl-d"/>
      </object_component>
      <object_component id="oc-20b">
         <name>.ebss:_SciList</name>
         <uninitialized>true</uninitialized>
         <run_address>0x892a</run_address>
         <size>0x12</size>
         <input_file_ref idref="fl-d"/>
      </object_component>
      <object_component id="oc-20c">
         <name>.ebss:_QList</name>
         <uninitialized>true</uninitialized>
         <run_address>0x8912</run_address>
         <size>0x18</size>
         <input_file_ref idref="fl-d"/>
      </object_component>
      <object_component id="oc-208">
         <name>.ebss:_bTestRxBuff</name>
         <uninitialized>true</uninitialized>
         <run_address>0x8d00</run_address>
         <size>0x100</size>
         <input_file_ref idref="fl-d"/>
      </object_component>
      <object_component id="oc-200">
         <name>.ebss:_bSciRxBuf</name>
         <uninitialized>true</uninitialized>
         <run_address>0x8940</run_address>
         <size>0x1c2</size>
         <input_file_ref idref="fl-d"/>
      </object_component>
      <object_component id="oc-206">
         <name>.ebss:_strSciDataList</name>
         <uninitialized>true</uninitialized>
         <run_address>0x8000</run_address>
         <size>0x912</size>
         <input_file_ref idref="fl-d"/>
      </object_component>
      <object_component id="oc-224">
         <name>.ebss:_OSUnMapTbl</name>
         <uninitialized>true</uninitialized>
         <run_address>0x8cde</run_address>
         <size>0x10</size>
         <input_file_ref idref="fl-e"/>
      </object_component>
      <object_component id="oc-16e">
         <name>.ebss</name>
         <uninitialized>true</uninitialized>
         <run_address>0x8cee</run_address>
         <size>0xa</size>
         <input_file_ref idref="fl-10"/>
      </object_component>
      <object_component id="oc-20e">
         <name>.ebss:_OSTCBTbl</name>
         <uninitialized>true</uninitialized>
         <run_address>0x8b02</run_address>
         <size>0x30</size>
         <input_file_ref idref="fl-10"/>
      </object_component>
      <object_component id="oc-189">
         <name>.ebss</name>
         <uninitialized>true</uninitialized>
         <run_address>0x893c</run_address>
         <size>0x4</size>
         <input_file_ref idref="fl-15"/>
      </object_component>
      <object_component id="oc-190">
         <name>.ebss</name>
         <uninitialized>true</uninitialized>
         <run_address>0x8e1e</run_address>
         <size>0x4</size>
         <input_file_ref idref="fl-16"/>
      </object_component>
      <object_component id="oc-197">
         <name>.ebss</name>
         <uninitialized>true</uninitialized>
         <run_address>0x8e00</run_address>
         <size>0x6</size>
         <input_file_ref idref="fl-17"/>
      </object_component>
      <object_component id="oc-19e">
         <name>.ebss</name>
         <uninitialized>true</uninitialized>
         <run_address>0x8e1d</run_address>
         <size>0x1</size>
         <input_file_ref idref="fl-18"/>
      </object_component>
      <object_component id="oc-1a5">
         <name>.ebss</name>
         <uninitialized>true</uninitialized>
         <run_address>0x8e22</run_address>
         <size>0x4</size>
         <input_file_ref idref="fl-19"/>
      </object_component>
      <object_component id="oc-1ac">
         <name>.ebss</name>
         <uninitialized>true</uninitialized>
         <run_address>0x8e26</run_address>
         <size>0x4</size>
         <input_file_ref idref="fl-1a"/>
      </object_component>
      <object_component id="oc-1b3">
         <name>.ebss</name>
         <uninitialized>true</uninitialized>
         <run_address>0x8e06</run_address>
         <size>0x6</size>
         <input_file_ref idref="fl-1b"/>
      </object_component>
      <object_component id="oc-1ba">
         <name>.ebss</name>
         <uninitialized>true</uninitialized>
         <run_address>0x8b32</run_address>
         <size>0xc</size>
         <input_file_ref idref="fl-1c"/>
      </object_component>
      <object_component id="oc-1e5">
         <name>.ebss</name>
         <uninitialized>true</uninitialized>
         <run_address>0x8e12</run_address>
         <size>0x6</size>
         <input_file_ref idref="fl-33"/>
      </object_component>
      <object_component id="oc-203">
         <name>.ebss:__lock</name>
         <uninitialized>true</uninitialized>
         <run_address>0x8b3e</run_address>
         <size>0x2</size>
         <input_file_ref idref="fl-34"/>
      </object_component>
      <object_component id="oc-223">
         <name>.ebss:__unlock</name>
         <uninitialized>true</uninitialized>
         <run_address>0x8e38</run_address>
         <size>0x2</size>
         <input_file_ref idref="fl-34"/>
      </object_component>
      <object_component id="oc-21c">
         <name>.econst:_PieVectTableInit</name>
         <load_address>0x82328</load_address>
         <run_address>0x82328</run_address>
         <size>0x1c0</size>
         <input_file_ref idref="fl-2"/>
      </object_component>
      <object_component id="oc-150">
         <name>.TI.ramfunc:retain</name>
         <load_address>0x82278</load_address>
         <run_address>0x8e40</run_address>
         <size>0x66</size>
         <input_file_ref idref="fl-b"/>
      </object_component>
      <object_component id="oc-1ff">
         <name>.TI.ramfunc</name>
         <load_address>0x822de</load_address>
         <run_address>0x8ea6</run_address>
         <size>0x22</size>
         <input_file_ref idref="fl-11"/>
      </object_component>
      <object_component id="oc-21d">
         <name>.TI.ramfunc</name>
         <load_address>0x82300</load_address>
         <run_address>0x8ec8</run_address>
         <size>0x1f</size>
         <input_file_ref idref="fl-2"/>
      </object_component>
      <object_component id="oc-147">
         <name>.TI.ramfunc</name>
         <load_address>0x8231f</load_address>
         <run_address>0x8ee7</run_address>
         <size>0x4</size>
         <input_file_ref idref="fl-a"/>
      </object_component>
      <object_component id="oc-163">
         <name>OSStack</name>
         <uninitialized>true</uninitialized>
         <run_address>0xb000</run_address>
         <size>0x9c4</size>
         <input_file_ref idref="fl-e"/>
      </object_component>
      <object_component id="oc-105">
         <name>AccessProtectionRegsFile</name>
         <uninitialized>true</uninitialized>
         <run_address>0x5f500</run_address>
         <size>0x2e</size>
         <input_file_ref idref="fl-9"/>
      </object_component>
      <object_component id="oc-139">
         <name>AdccRegsFile</name>
         <uninitialized>true</uninitialized>
         <run_address>0x6a00</run_address>
         <size>0x14a</size>
         <input_file_ref idref="fl-9"/>
      </object_component>
      <object_component id="oc-13a">
         <name>AdcdRegsFile</name>
         <uninitialized>true</uninitialized>
         <run_address>0x6c00</run_address>
         <size>0x14a</size>
         <input_file_ref idref="fl-9"/>
      </object_component>
      <object_component id="oc-13b">
         <name>AdceRegsFile</name>
         <uninitialized>true</uninitialized>
         <run_address>0x6e00</run_address>
         <size>0x14a</size>
         <input_file_ref idref="fl-9"/>
      </object_component>
      <object_component id="oc-13c">
         <name>AdcaRegsFile</name>
         <uninitialized>true</uninitialized>
         <run_address>0x7400</run_address>
         <size>0x14a</size>
         <input_file_ref idref="fl-9"/>
      </object_component>
      <object_component id="oc-13d">
         <name>AdcbRegsFile</name>
         <uninitialized>true</uninitialized>
         <run_address>0x7600</run_address>
         <size>0x14a</size>
         <input_file_ref idref="fl-9"/>
      </object_component>
      <object_component id="oc-121">
         <name>AdcaResultRegsFile</name>
         <uninitialized>true</uninitialized>
         <run_address>0x1800</run_address>
         <size>0x58</size>
         <input_file_ref idref="fl-9"/>
      </object_component>
      <object_component id="oc-122">
         <name>AdcbResultRegsFile</name>
         <uninitialized>true</uninitialized>
         <run_address>0x1880</run_address>
         <size>0x58</size>
         <input_file_ref idref="fl-9"/>
      </object_component>
      <object_component id="oc-123">
         <name>AdccResultRegsFile</name>
         <uninitialized>true</uninitialized>
         <run_address>0x1900</run_address>
         <size>0x58</size>
         <input_file_ref idref="fl-9"/>
      </object_component>
      <object_component id="oc-124">
         <name>AdcdResultRegsFile</name>
         <uninitialized>true</uninitialized>
         <run_address>0x1980</run_address>
         <size>0x58</size>
         <input_file_ref idref="fl-9"/>
      </object_component>
      <object_component id="oc-125">
         <name>AdceResultRegsFile</name>
         <uninitialized>true</uninitialized>
         <run_address>0x1a00</run_address>
         <size>0x58</size>
         <input_file_ref idref="fl-9"/>
      </object_component>
      <object_component id="oc-11b">
         <name>AesaRegsFile</name>
         <uninitialized>true</uninitialized>
         <run_address>0x42000</run_address>
         <size>0x4c</size>
         <input_file_ref idref="fl-9"/>
      </object_component>
      <object_component id="oc-c7">
         <name>AesaSsRegsFile</name>
         <uninitialized>true</uninitialized>
         <run_address>0x42c00</run_address>
         <size>0x6</size>
         <input_file_ref idref="fl-9"/>
      </object_component>
      <object_component id="oc-138">
         <name>AnalogSubsysRegsFile</name>
         <uninitialized>true</uninitialized>
         <run_address>0x5d700</run_address>
         <size>0x13a</size>
         <input_file_ref idref="fl-9"/>
      </object_component>
      <object_component id="oc-118">
         <name>Cla1RegsFile</name>
         <uninitialized>true</uninitialized>
         <run_address>0x1400</run_address>
         <size>0x48</size>
         <input_file_ref idref="fl-9"/>
      </object_component>
      <object_component id="oc-119">
         <name>Clb1DataExchRegsFile</name>
         <uninitialized>true</uninitialized>
         <run_address>0x3180</run_address>
         <size>0x48</size>
         <input_file_ref idref="fl-9"/>
      </object_component>
      <object_component id="oc-11a">
         <name>Clb2DataExchRegsFile</name>
         <uninitialized>true</uninitialized>
         <run_address>0x3580</run_address>
         <size>0x48</size>
         <input_file_ref idref="fl-9"/>
      </object_component>
      <object_component id="oc-11e">
         <name>Clb1LogicCfgRegsFile</name>
         <uninitialized>true</uninitialized>
         <run_address>0x3000</run_address>
         <size>0x52</size>
         <input_file_ref idref="fl-9"/>
      </object_component>
      <object_component id="oc-11f">
         <name>Clb2LogicCfgRegsFile</name>
         <uninitialized>true</uninitialized>
         <run_address>0x3400</run_address>
         <size>0x52</size>
         <input_file_ref idref="fl-9"/>
      </object_component>
      <object_component id="oc-110">
         <name>Clb1LogicCtrlRegsFile</name>
         <uninitialized>true</uninitialized>
         <run_address>0x3100</run_address>
         <size>0x40</size>
         <input_file_ref idref="fl-9"/>
      </object_component>
      <object_component id="oc-111">
         <name>Clb2LogicCtrlRegsFile</name>
         <uninitialized>true</uninitialized>
         <run_address>0x3500</run_address>
         <size>0x40</size>
         <input_file_ref idref="fl-9"/>
      </object_component>
      <object_component id="oc-112">
         <name>ClbXbarRegsFile</name>
         <uninitialized>true</uninitialized>
         <run_address>0x7a40</run_address>
         <size>0x40</size>
         <input_file_ref idref="fl-9"/>
      </object_component>
      <object_component id="oc-10f">
         <name>ClkCfgRegsFile</name>
         <uninitialized>true</uninitialized>
         <run_address>0x5d200</run_address>
         <size>0x3e</size>
         <input_file_ref idref="fl-9"/>
      </object_component>
      <object_component id="oc-10a">
         <name>Cmpss1RegsFile</name>
         <uninitialized>true</uninitialized>
         <run_address>0x5500</run_address>
         <size>0x3a</size>
         <input_file_ref idref="fl-9"/>
      </object_component>
      <object_component id="oc-10b">
         <name>Cmpss2RegsFile</name>
         <uninitialized>true</uninitialized>
         <run_address>0x5540</run_address>
         <size>0x3a</size>
         <input_file_ref idref="fl-9"/>
      </object_component>
      <object_component id="oc-10c">
         <name>Cmpss3RegsFile</name>
         <uninitialized>true</uninitialized>
         <run_address>0x5580</run_address>
         <size>0x3a</size>
         <input_file_ref idref="fl-9"/>
      </object_component>
      <object_component id="oc-10d">
         <name>Cmpss4RegsFile</name>
         <uninitialized>true</uninitialized>
         <run_address>0x55c0</run_address>
         <size>0x3a</size>
         <input_file_ref idref="fl-9"/>
      </object_component>
      <object_component id="oc-d3">
         <name>CpuTimer0RegsFile</name>
         <uninitialized>true</uninitialized>
         <run_address>0xc00</run_address>
         <size>0x8</size>
         <input_file_ref idref="fl-9"/>
      </object_component>
      <object_component id="oc-d4">
         <name>CpuTimer1RegsFile</name>
         <uninitialized>true</uninitialized>
         <run_address>0xc08</run_address>
         <size>0x8</size>
         <input_file_ref idref="fl-9"/>
      </object_component>
      <object_component id="oc-d5">
         <name>CpuTimer2RegsFile</name>
         <uninitialized>true</uninitialized>
         <run_address>0xc10</run_address>
         <size>0x8</size>
         <input_file_ref idref="fl-9"/>
      </object_component>
      <object_component id="oc-127">
         <name>CpuSysRegsFile</name>
         <uninitialized>true</uninitialized>
         <run_address>0x5d300</run_address>
         <size>0xb0</size>
         <input_file_ref idref="fl-9"/>
      </object_component>
      <object_component id="oc-d2">
         <name>DacaRegsFile</name>
         <uninitialized>true</uninitialized>
         <run_address>0x5c00</run_address>
         <size>0x7</size>
         <input_file_ref idref="fl-9"/>
      </object_component>
      <object_component id="oc-100">
         <name>Dcc0RegsFile</name>
         <uninitialized>true</uninitialized>
         <run_address>0x5e700</run_address>
         <size>0x2c</size>
         <input_file_ref idref="fl-9"/>
      </object_component>
      <object_component id="oc-101">
         <name>Dcc1RegsFile</name>
         <uninitialized>true</uninitialized>
         <run_address>0x5e740</run_address>
         <size>0x2c</size>
         <input_file_ref idref="fl-9"/>
      </object_component>
      <object_component id="oc-106">
         <name>DcsmCommonRegsFile</name>
         <uninitialized>true</uninitialized>
         <run_address>0x5f0c0</run_address>
         <size>0x30</size>
         <input_file_ref idref="fl-9"/>
      </object_component>
      <object_component id="oc-f6">
         <name>DcsmZ1OtpRegsFile</name>
         <uninitialized>true</uninitialized>
         <run_address>0x78000</run_address>
         <size>0x20</size>
         <input_file_ref idref="fl-9"/>
      </object_component>
      <object_component id="oc-113">
         <name>DcsmZ1RegsFile</name>
         <uninitialized>true</uninitialized>
         <run_address>0x5f000</run_address>
         <size>0x40</size>
         <input_file_ref idref="fl-9"/>
      </object_component>
      <object_component id="oc-f0">
         <name>DcsmZ2OtpRegsFile</name>
         <uninitialized>true</uninitialized>
         <run_address>0x78200</run_address>
         <size>0x14</size>
         <input_file_ref idref="fl-9"/>
      </object_component>
      <object_component id="oc-102">
         <name>DcsmZ2RegsFile</name>
         <uninitialized>true</uninitialized>
         <run_address>0x5f080</run_address>
         <size>0x2c</size>
         <input_file_ref idref="fl-9"/>
      </object_component>
      <object_component id="oc-140">
         <name>DevCfgRegsFile</name>
         <uninitialized>true</uninitialized>
         <run_address>0x5d000</run_address>
         <size>0x1fa</size>
         <input_file_ref idref="fl-9"/>
      </object_component>
      <object_component id="oc-f3">
         <name>DmaClaSrcSelRegsFile</name>
         <uninitialized>true</uninitialized>
         <run_address>0x7980</run_address>
         <size>0x1a</size>
         <input_file_ref idref="fl-9"/>
      </object_component>
      <object_component id="oc-128">
         <name>DmaRegsFile</name>
         <uninitialized>true</uninitialized>
         <run_address>0x1000</run_address>
         <size>0xe0</size>
         <input_file_ref idref="fl-9"/>
      </object_component>
      <object_component id="oc-f7">
         <name>ECap1RegsFile</name>
         <uninitialized>true</uninitialized>
         <run_address>0x5200</run_address>
         <size>0x20</size>
         <input_file_ref idref="fl-9"/>
      </object_component>
      <object_component id="oc-f8">
         <name>ECap2RegsFile</name>
         <uninitialized>true</uninitialized>
         <run_address>0x5240</run_address>
         <size>0x20</size>
         <input_file_ref idref="fl-9"/>
      </object_component>
      <object_component id="oc-e8">
         <name>Epg1MuxRegsFile</name>
         <uninitialized>true</uninitialized>
         <run_address>0x5ecd0</run_address>
         <size>0x10</size>
         <input_file_ref idref="fl-9"/>
      </object_component>
      <object_component id="oc-120">
         <name>Epg1RegsFile</name>
         <uninitialized>true</uninitialized>
         <run_address>0x5ec00</run_address>
         <size>0x52</size>
         <input_file_ref idref="fl-9"/>
      </object_component>
      <object_component id="oc-12c">
         <name>EPwm1RegsFile</name>
         <uninitialized>true</uninitialized>
         <run_address>0x4000</run_address>
         <size>0x100</size>
         <input_file_ref idref="fl-9"/>
      </object_component>
      <object_component id="oc-12d">
         <name>EPwm2RegsFile</name>
         <uninitialized>true</uninitialized>
         <run_address>0x4100</run_address>
         <size>0x100</size>
         <input_file_ref idref="fl-9"/>
      </object_component>
      <object_component id="oc-12e">
         <name>EPwm3RegsFile</name>
         <uninitialized>true</uninitialized>
         <run_address>0x4200</run_address>
         <size>0x100</size>
         <input_file_ref idref="fl-9"/>
      </object_component>
      <object_component id="oc-12f">
         <name>EPwm4RegsFile</name>
         <uninitialized>true</uninitialized>
         <run_address>0x4300</run_address>
         <size>0x100</size>
         <input_file_ref idref="fl-9"/>
      </object_component>
      <object_component id="oc-130">
         <name>EPwm5RegsFile</name>
         <uninitialized>true</uninitialized>
         <run_address>0x4400</run_address>
         <size>0x100</size>
         <input_file_ref idref="fl-9"/>
      </object_component>
      <object_component id="oc-131">
         <name>EPwm6RegsFile</name>
         <uninitialized>true</uninitialized>
         <run_address>0x4500</run_address>
         <size>0x100</size>
         <input_file_ref idref="fl-9"/>
      </object_component>
      <object_component id="oc-132">
         <name>EPwm7RegsFile</name>
         <uninitialized>true</uninitialized>
         <run_address>0x4600</run_address>
         <size>0x100</size>
         <input_file_ref idref="fl-9"/>
      </object_component>
      <object_component id="oc-133">
         <name>EPwm8RegsFile</name>
         <uninitialized>true</uninitialized>
         <run_address>0x4700</run_address>
         <size>0x100</size>
         <input_file_ref idref="fl-9"/>
      </object_component>
      <object_component id="oc-134">
         <name>EPwm9RegsFile</name>
         <uninitialized>true</uninitialized>
         <run_address>0x4800</run_address>
         <size>0x100</size>
         <input_file_ref idref="fl-9"/>
      </object_component>
      <object_component id="oc-135">
         <name>EPwm10RegsFile</name>
         <uninitialized>true</uninitialized>
         <run_address>0x4900</run_address>
         <size>0x100</size>
         <input_file_ref idref="fl-9"/>
      </object_component>
      <object_component id="oc-136">
         <name>EPwm11RegsFile</name>
         <uninitialized>true</uninitialized>
         <run_address>0x4a00</run_address>
         <size>0x100</size>
         <input_file_ref idref="fl-9"/>
      </object_component>
      <object_component id="oc-137">
         <name>EPwm12RegsFile</name>
         <uninitialized>true</uninitialized>
         <run_address>0x4b00</run_address>
         <size>0x100</size>
         <input_file_ref idref="fl-9"/>
      </object_component>
      <object_component id="oc-114">
         <name>EPwmXbarRegsFile</name>
         <uninitialized>true</uninitialized>
         <run_address>0x7a00</run_address>
         <size>0x40</size>
         <input_file_ref idref="fl-9"/>
      </object_component>
      <object_component id="oc-107">
         <name>EQep1RegsFile</name>
         <uninitialized>true</uninitialized>
         <run_address>0x5100</run_address>
         <size>0x38</size>
         <input_file_ref idref="fl-9"/>
      </object_component>
      <object_component id="oc-108">
         <name>EQep2RegsFile</name>
         <uninitialized>true</uninitialized>
         <run_address>0x5140</run_address>
         <size>0x38</size>
         <input_file_ref idref="fl-9"/>
      </object_component>
      <object_component id="oc-109">
         <name>EQep3RegsFile</name>
         <uninitialized>true</uninitialized>
         <run_address>0x5180</run_address>
         <size>0x38</size>
         <input_file_ref idref="fl-9"/>
      </object_component>
      <object_component id="oc-e3">
         <name>EradCounter1RegsFile</name>
         <uninitialized>true</uninitialized>
         <run_address>0x5e980</run_address>
         <size>0xc</size>
         <input_file_ref idref="fl-9"/>
      </object_component>
      <object_component id="oc-e4">
         <name>EradCounter2RegsFile</name>
         <uninitialized>true</uninitialized>
         <run_address>0x5e990</run_address>
         <size>0xc</size>
         <input_file_ref idref="fl-9"/>
      </object_component>
      <object_component id="oc-e5">
         <name>EradCounter3RegsFile</name>
         <uninitialized>true</uninitialized>
         <run_address>0x5e9a0</run_address>
         <size>0xc</size>
         <input_file_ref idref="fl-9"/>
      </object_component>
      <object_component id="oc-e6">
         <name>EradCounter4RegsFile</name>
         <uninitialized>true</uninitialized>
         <run_address>0x5e9b0</run_address>
         <size>0xc</size>
         <input_file_ref idref="fl-9"/>
      </object_component>
      <object_component id="oc-c6">
         <name>EradCRCGlobalRegsFile</name>
         <uninitialized>true</uninitialized>
         <run_address>0x5ea00</run_address>
         <size>0x1</size>
         <input_file_ref idref="fl-9"/>
      </object_component>
      <object_component id="oc-c8">
         <name>EradCRC1RegsFile</name>
         <uninitialized>true</uninitialized>
         <run_address>0x5ea10</run_address>
         <size>0x6</size>
         <input_file_ref idref="fl-9"/>
      </object_component>
      <object_component id="oc-c9">
         <name>EradCRC2RegsFile</name>
         <uninitialized>true</uninitialized>
         <run_address>0x5ea20</run_address>
         <size>0x6</size>
         <input_file_ref idref="fl-9"/>
      </object_component>
      <object_component id="oc-ca">
         <name>EradCRC3RegsFile</name>
         <uninitialized>true</uninitialized>
         <run_address>0x5ea30</run_address>
         <size>0x6</size>
         <input_file_ref idref="fl-9"/>
      </object_component>
      <object_component id="oc-cb">
         <name>EradCRC4RegsFile</name>
         <uninitialized>true</uninitialized>
         <run_address>0x5ea40</run_address>
         <size>0x6</size>
         <input_file_ref idref="fl-9"/>
      </object_component>
      <object_component id="oc-cc">
         <name>EradCRC5RegsFile</name>
         <uninitialized>true</uninitialized>
         <run_address>0x5ea50</run_address>
         <size>0x6</size>
         <input_file_ref idref="fl-9"/>
      </object_component>
      <object_component id="oc-cd">
         <name>EradCRC6RegsFile</name>
         <uninitialized>true</uninitialized>
         <run_address>0x5ea60</run_address>
         <size>0x6</size>
         <input_file_ref idref="fl-9"/>
      </object_component>
      <object_component id="oc-ce">
         <name>EradCRC7RegsFile</name>
         <uninitialized>true</uninitialized>
         <run_address>0x5ea70</run_address>
         <size>0x6</size>
         <input_file_ref idref="fl-9"/>
      </object_component>
      <object_component id="oc-cf">
         <name>EradCRC8RegsFile</name>
         <uninitialized>true</uninitialized>
         <run_address>0x5ea80</run_address>
         <size>0x6</size>
         <input_file_ref idref="fl-9"/>
      </object_component>
      <object_component id="oc-f1">
         <name>EradGlobalRegsFile</name>
         <uninitialized>true</uninitialized>
         <run_address>0x5e800</run_address>
         <size>0x14</size>
         <input_file_ref idref="fl-9"/>
      </object_component>
      <object_component id="oc-d6">
         <name>EradHWBP1RegsFile</name>
         <uninitialized>true</uninitialized>
         <run_address>0x5e900</run_address>
         <size>0x8</size>
         <input_file_ref idref="fl-9"/>
      </object_component>
      <object_component id="oc-d7">
         <name>EradHWBP2RegsFile</name>
         <uninitialized>true</uninitialized>
         <run_address>0x5e908</run_address>
         <size>0x8</size>
         <input_file_ref idref="fl-9"/>
      </object_component>
      <object_component id="oc-d8">
         <name>EradHWBP3RegsFile</name>
         <uninitialized>true</uninitialized>
         <run_address>0x5e910</run_address>
         <size>0x8</size>
         <input_file_ref idref="fl-9"/>
      </object_component>
      <object_component id="oc-d9">
         <name>EradHWBP4RegsFile</name>
         <uninitialized>true</uninitialized>
         <run_address>0x5e918</run_address>
         <size>0x8</size>
         <input_file_ref idref="fl-9"/>
      </object_component>
      <object_component id="oc-da">
         <name>EradHWBP5RegsFile</name>
         <uninitialized>true</uninitialized>
         <run_address>0x5e920</run_address>
         <size>0x8</size>
         <input_file_ref idref="fl-9"/>
      </object_component>
      <object_component id="oc-db">
         <name>EradHWBP6RegsFile</name>
         <uninitialized>true</uninitialized>
         <run_address>0x5e928</run_address>
         <size>0x8</size>
         <input_file_ref idref="fl-9"/>
      </object_component>
      <object_component id="oc-dc">
         <name>EradHWBP7RegsFile</name>
         <uninitialized>true</uninitialized>
         <run_address>0x5e930</run_address>
         <size>0x8</size>
         <input_file_ref idref="fl-9"/>
      </object_component>
      <object_component id="oc-dd">
         <name>EradHWBP8RegsFile</name>
         <uninitialized>true</uninitialized>
         <run_address>0x5e938</run_address>
         <size>0x8</size>
         <input_file_ref idref="fl-9"/>
      </object_component>
      <object_component id="oc-13e">
         <name>Flash0CtrlRegsFile</name>
         <uninitialized>true</uninitialized>
         <run_address>0x5f800</run_address>
         <size>0x182</size>
         <input_file_ref idref="fl-9"/>
      </object_component>
      <object_component id="oc-fc">
         <name>Flash0EccRegsFile</name>
         <uninitialized>true</uninitialized>
         <run_address>0x5fb00</run_address>
         <size>0x22</size>
         <input_file_ref idref="fl-9"/>
      </object_component>
      <object_component id="oc-11c">
         <name>FsiRxaRegsFile</name>
         <uninitialized>true</uninitialized>
         <run_address>0x6680</run_address>
         <size>0x50</size>
         <input_file_ref idref="fl-9"/>
      </object_component>
      <object_component id="oc-11d">
         <name>FsiTxaRegsFile</name>
         <uninitialized>true</uninitialized>
         <run_address>0x6600</run_address>
         <size>0x50</size>
         <input_file_ref idref="fl-9"/>
      </object_component>
      <object_component id="oc-141">
         <name>GpioCtrlRegsFile</name>
         <uninitialized>true</uninitialized>
         <run_address>0x7c00</run_address>
         <size>0x200</size>
         <input_file_ref idref="fl-9"/>
      </object_component>
      <object_component id="oc-e9">
         <name>GpioDataReadRegsFile</name>
         <uninitialized>true</uninitialized>
         <run_address>0x7f80</run_address>
         <size>0x10</size>
         <input_file_ref idref="fl-9"/>
      </object_component>
      <object_component id="oc-115">
         <name>GpioDataRegsFile</name>
         <uninitialized>true</uninitialized>
         <run_address>0x7f00</run_address>
         <size>0x40</size>
         <input_file_ref idref="fl-9"/>
      </object_component>
      <object_component id="oc-fd">
         <name>I2caRegsFile</name>
         <uninitialized>true</uninitialized>
         <run_address>0x7300</run_address>
         <size>0x22</size>
         <input_file_ref idref="fl-9"/>
      </object_component>
      <object_component id="oc-fe">
         <name>I2cbRegsFile</name>
         <uninitialized>true</uninitialized>
         <run_address>0x7340</run_address>
         <size>0x22</size>
         <input_file_ref idref="fl-9"/>
      </object_component>
      <object_component id="oc-f9">
         <name>InputXbarRegsFile</name>
         <uninitialized>true</uninitialized>
         <run_address>0x7900</run_address>
         <size>0x20</size>
         <input_file_ref idref="fl-9"/>
      </object_component>
      <object_component id="oc-fa">
         <name>ClbInputXbarRegsFile</name>
         <uninitialized>true</uninitialized>
         <run_address>0x7960</run_address>
         <size>0x20</size>
         <input_file_ref idref="fl-9"/>
      </object_component>
      <object_component id="oc-fb">
         <name>LfuRegsFile</name>
         <uninitialized>true</uninitialized>
         <run_address>0x7fe0</run_address>
         <size>0x20</size>
         <input_file_ref idref="fl-9"/>
      </object_component>
      <object_component id="oc-129">
         <name>LinaRegsFile</name>
         <uninitialized>true</uninitialized>
         <run_address>0x6800</run_address>
         <size>0xec</size>
         <input_file_ref idref="fl-9"/>
      </object_component>
      <object_component id="oc-103">
         <name>McanaSsRegsFile</name>
         <uninitialized>true</uninitialized>
         <run_address>0x59400</run_address>
         <size>0x2c</size>
         <input_file_ref idref="fl-9"/>
      </object_component>
      <object_component id="oc-104">
         <name>McanbSsRegsFile</name>
         <uninitialized>true</uninitialized>
         <run_address>0x5b400</run_address>
         <size>0x2c</size>
         <input_file_ref idref="fl-9"/>
      </object_component>
      <object_component id="oc-143">
         <name>McanaErrorRegsFile</name>
         <uninitialized>true</uninitialized>
         <run_address>0x59800</run_address>
         <size>0x210</size>
         <input_file_ref idref="fl-9"/>
      </object_component>
      <object_component id="oc-144">
         <name>McanbErrorRegsFile</name>
         <uninitialized>true</uninitialized>
         <run_address>0x5b800</run_address>
         <size>0x210</size>
         <input_file_ref idref="fl-9"/>
      </object_component>
      <object_component id="oc-12a">
         <name>McanaRegsFile</name>
         <uninitialized>true</uninitialized>
         <run_address>0x59600</run_address>
         <size>0xfc</size>
         <input_file_ref idref="fl-9"/>
      </object_component>
      <object_component id="oc-12b">
         <name>McanbRegsFile</name>
         <uninitialized>true</uninitialized>
         <run_address>0x5b600</run_address>
         <size>0xfc</size>
         <input_file_ref idref="fl-9"/>
      </object_component>
      <object_component id="oc-10e">
         <name>MemoryErrorRegsFile</name>
         <uninitialized>true</uninitialized>
         <run_address>0x5f540</run_address>
         <size>0x3a</size>
         <input_file_ref idref="fl-9"/>
      </object_component>
      <object_component id="oc-126">
         <name>MemCfgRegsFile</name>
         <uninitialized>true</uninitialized>
         <run_address>0x5f400</run_address>
         <size>0xa6</size>
         <input_file_ref idref="fl-9"/>
      </object_component>
      <object_component id="oc-e7">
         <name>NmiIntruptRegsFile</name>
         <uninitialized>true</uninitialized>
         <run_address>0x7060</run_address>
         <size>0xc</size>
         <input_file_ref idref="fl-9"/>
      </object_component>
      <object_component id="oc-116">
         <name>OutputXbarRegsFile</name>
         <uninitialized>true</uninitialized>
         <run_address>0x7a80</run_address>
         <size>0x40</size>
         <input_file_ref idref="fl-9"/>
      </object_component>
      <object_component id="oc-117">
         <name>ClbOutputXbarRegsFile</name>
         <uninitialized>true</uninitialized>
         <run_address>0x7bc0</run_address>
         <size>0x40</size>
         <input_file_ref idref="fl-9"/>
      </object_component>
      <object_component id="oc-145">
         <name>EradPCTraceBufferRegsFile</name>
         <uninitialized>true</uninitialized>
         <run_address>0x5fe00</run_address>
         <size>0x800</size>
         <input_file_ref idref="fl-9"/>
      </object_component>
      <object_component id="oc-e1">
         <name>EradPCTraceRegsFile</name>
         <uninitialized>true</uninitialized>
         <run_address>0x5ead0</run_address>
         <size>0xa</size>
         <input_file_ref idref="fl-9"/>
      </object_component>
      <object_component id="oc-142">
         <name>PeriphAcRegsFile</name>
         <uninitialized>true</uninitialized>
         <run_address>0x5d500</run_address>
         <size>0x200</size>
         <input_file_ref idref="fl-9"/>
      </object_component>
      <object_component id="oc-de">
         <name>Pga1RegsFile</name>
         <uninitialized>true</uninitialized>
         <run_address>0x5b00</run_address>
         <size>0x8</size>
         <input_file_ref idref="fl-9"/>
      </object_component>
      <object_component id="oc-df">
         <name>Pga2RegsFile</name>
         <uninitialized>true</uninitialized>
         <run_address>0x5b10</run_address>
         <size>0x8</size>
         <input_file_ref idref="fl-9"/>
      </object_component>
      <object_component id="oc-e0">
         <name>Pga3RegsFile</name>
         <uninitialized>true</uninitialized>
         <run_address>0x5b20</run_address>
         <size>0x8</size>
         <input_file_ref idref="fl-9"/>
      </object_component>
      <object_component id="oc-f4">
         <name>PieCtrlRegsFile</name>
         <uninitialized>true</uninitialized>
         <run_address>0xce0</run_address>
         <size>0x1a</size>
         <input_file_ref idref="fl-9"/>
      </object_component>
      <object_component id="oc-f5">
         <name>PmbusaRegsFile</name>
         <uninitialized>true</uninitialized>
         <run_address>0x6400</run_address>
         <size>0x1e</size>
         <input_file_ref idref="fl-9"/>
      </object_component>
      <object_component id="oc-ea">
         <name>SciaRegsFile</name>
         <uninitialized>true</uninitialized>
         <run_address>0x7200</run_address>
         <size>0x10</size>
         <input_file_ref idref="fl-9"/>
      </object_component>
      <object_component id="oc-eb">
         <name>ScibRegsFile</name>
         <uninitialized>true</uninitialized>
         <run_address>0x7210</run_address>
         <size>0x10</size>
         <input_file_ref idref="fl-9"/>
      </object_component>
      <object_component id="oc-ec">
         <name>ScicRegsFile</name>
         <uninitialized>true</uninitialized>
         <run_address>0x7220</run_address>
         <size>0x10</size>
         <input_file_ref idref="fl-9"/>
      </object_component>
      <object_component id="oc-ed">
         <name>SpiaRegsFile</name>
         <uninitialized>true</uninitialized>
         <run_address>0x6100</run_address>
         <size>0x10</size>
         <input_file_ref idref="fl-9"/>
      </object_component>
      <object_component id="oc-ee">
         <name>SpibRegsFile</name>
         <uninitialized>true</uninitialized>
         <run_address>0x6110</run_address>
         <size>0x10</size>
         <input_file_ref idref="fl-9"/>
      </object_component>
      <object_component id="oc-d0">
         <name>SyncSocRegsFile</name>
         <uninitialized>true</uninitialized>
         <run_address>0x7940</run_address>
         <size>0x6</size>
         <input_file_ref idref="fl-9"/>
      </object_component>
      <object_component id="oc-f2">
         <name>SysStatusRegsFile</name>
         <uninitialized>true</uninitialized>
         <run_address>0x5d400</run_address>
         <size>0x18</size>
         <input_file_ref idref="fl-9"/>
      </object_component>
      <object_component id="oc-d1">
         <name>TestErrorRegsFile</name>
         <uninitialized>true</uninitialized>
         <run_address>0x5f590</run_address>
         <size>0x6</size>
         <input_file_ref idref="fl-9"/>
      </object_component>
      <object_component id="oc-ff">
         <name>WdRegsFile</name>
         <uninitialized>true</uninitialized>
         <run_address>0x7000</run_address>
         <size>0x2b</size>
         <input_file_ref idref="fl-9"/>
      </object_component>
      <object_component id="oc-ef">
         <name>XbarRegsFile</name>
         <uninitialized>true</uninitialized>
         <run_address>0x7920</run_address>
         <size>0x10</size>
         <input_file_ref idref="fl-9"/>
      </object_component>
      <object_component id="oc-e2">
         <name>XintRegsFile</name>
         <uninitialized>true</uninitialized>
         <run_address>0x7070</run_address>
         <size>0xb</size>
         <input_file_ref idref="fl-9"/>
      </object_component>
      <object_component id="oc-9a">
         <name>.debug_info</name>
         <load_address>0x0</load_address>
         <run_address>0x0</run_address>
         <size>0x30c92</size>
         <input_file_ref idref="fl-2"/>
      </object_component>
      <object_component id="oc-a0">
         <name>.debug_info</name>
         <load_address>0x30c92</load_address>
         <run_address>0x30c92</run_address>
         <size>0x455d</size>
         <input_file_ref idref="fl-3"/>
      </object_component>
      <object_component id="oc-a7">
         <name>.debug_info</name>
         <load_address>0x351ef</load_address>
         <run_address>0x351ef</run_address>
         <size>0x746</size>
         <input_file_ref idref="fl-4"/>
      </object_component>
      <object_component id="oc-ac">
         <name>.debug_info</name>
         <load_address>0x35935</load_address>
         <run_address>0x35935</run_address>
         <size>0x2748</size>
         <input_file_ref idref="fl-5"/>
      </object_component>
      <object_component id="oc-b3">
         <name>.debug_info</name>
         <load_address>0x3807d</load_address>
         <run_address>0x3807d</run_address>
         <size>0x64e</size>
         <input_file_ref idref="fl-6"/>
      </object_component>
      <object_component id="oc-b8">
         <name>.debug_info</name>
         <load_address>0x386cb</load_address>
         <run_address>0x386cb</run_address>
         <size>0x676</size>
         <input_file_ref idref="fl-7"/>
      </object_component>
      <object_component id="oc-c2">
         <name>.debug_info</name>
         <load_address>0x38d41</load_address>
         <run_address>0x38d41</run_address>
         <size>0x12d</size>
         <input_file_ref idref="fl-8"/>
      </object_component>
      <object_component id="oc-c5">
         <name>.debug_info</name>
         <load_address>0x38e6e</load_address>
         <run_address>0x38e6e</run_address>
         <size>0x72903</size>
         <input_file_ref idref="fl-9"/>
      </object_component>
      <object_component id="oc-149">
         <name>.debug_info</name>
         <load_address>0xab771</load_address>
         <run_address>0xab771</run_address>
         <size>0xf3</size>
         <input_file_ref idref="fl-a"/>
      </object_component>
      <object_component id="oc-14c">
         <name>.debug_info</name>
         <load_address>0xab864</load_address>
         <run_address>0xab864</run_address>
         <size>0x11670</size>
         <input_file_ref idref="fl-b"/>
      </object_component>
      <object_component id="oc-155">
         <name>.debug_info</name>
         <load_address>0xbced4</load_address>
         <run_address>0xbced4</run_address>
         <size>0x369a</size>
         <input_file_ref idref="fl-c"/>
      </object_component>
      <object_component id="oc-15b">
         <name>.debug_info</name>
         <load_address>0xc056e</load_address>
         <run_address>0xc056e</run_address>
         <size>0x276b</size>
         <input_file_ref idref="fl-d"/>
      </object_component>
      <object_component id="oc-162">
         <name>.debug_info</name>
         <load_address>0xc2cd9</load_address>
         <run_address>0xc2cd9</run_address>
         <size>0x7a7</size>
         <input_file_ref idref="fl-e"/>
      </object_component>
      <object_component id="oc-168">
         <name>.debug_info</name>
         <load_address>0xc3480</load_address>
         <run_address>0xc3480</run_address>
         <size>0x6bf</size>
         <input_file_ref idref="fl-f"/>
      </object_component>
      <object_component id="oc-16d">
         <name>.debug_info</name>
         <load_address>0xc3b3f</load_address>
         <run_address>0xc3b3f</run_address>
         <size>0x8d5</size>
         <input_file_ref idref="fl-10"/>
      </object_component>
      <object_component id="oc-173">
         <name>.debug_info</name>
         <load_address>0xc4414</load_address>
         <run_address>0xc4414</run_address>
         <size>0x4e8</size>
         <input_file_ref idref="fl-11"/>
      </object_component>
      <object_component id="oc-178">
         <name>.debug_info</name>
         <load_address>0xc48fc</load_address>
         <run_address>0xc48fc</run_address>
         <size>0x41d</size>
         <input_file_ref idref="fl-12"/>
      </object_component>
      <object_component id="oc-17f">
         <name>.debug_info</name>
         <load_address>0xc4d19</load_address>
         <run_address>0xc4d19</run_address>
         <size>0xeb</size>
         <input_file_ref idref="fl-13"/>
      </object_component>
      <object_component id="oc-182">
         <name>.debug_info</name>
         <load_address>0xc4e04</load_address>
         <run_address>0xc4e04</run_address>
         <size>0x420a</size>
         <input_file_ref idref="fl-14"/>
      </object_component>
      <object_component id="oc-187">
         <name>.debug_info</name>
         <load_address>0xc900e</load_address>
         <run_address>0xc900e</run_address>
         <size>0x5b5</size>
         <input_file_ref idref="fl-15"/>
      </object_component>
      <object_component id="oc-18e">
         <name>.debug_info</name>
         <load_address>0xc95c3</load_address>
         <run_address>0xc95c3</run_address>
         <size>0x58e</size>
         <input_file_ref idref="fl-16"/>
      </object_component>
      <object_component id="oc-195">
         <name>.debug_info</name>
         <load_address>0xc9b51</load_address>
         <run_address>0xc9b51</run_address>
         <size>0x6eb</size>
         <input_file_ref idref="fl-17"/>
      </object_component>
      <object_component id="oc-19c">
         <name>.debug_info</name>
         <load_address>0xca23c</load_address>
         <run_address>0xca23c</run_address>
         <size>0x4e0c</size>
         <input_file_ref idref="fl-18"/>
      </object_component>
      <object_component id="oc-1a3">
         <name>.debug_info</name>
         <load_address>0xcf048</load_address>
         <run_address>0xcf048</run_address>
         <size>0xc9a</size>
         <input_file_ref idref="fl-19"/>
      </object_component>
      <object_component id="oc-1aa">
         <name>.debug_info</name>
         <load_address>0xcfce2</load_address>
         <run_address>0xcfce2</run_address>
         <size>0x5ae</size>
         <input_file_ref idref="fl-1a"/>
      </object_component>
      <object_component id="oc-1b1">
         <name>.debug_info</name>
         <load_address>0xd0290</load_address>
         <run_address>0xd0290</run_address>
         <size>0x5ad</size>
         <input_file_ref idref="fl-1b"/>
      </object_component>
      <object_component id="oc-1b8">
         <name>.debug_info</name>
         <load_address>0xd083d</load_address>
         <run_address>0xd083d</run_address>
         <size>0x1a38</size>
         <input_file_ref idref="fl-1c"/>
      </object_component>
      <object_component id="oc-1c1">
         <name>.debug_info</name>
         <load_address>0xd2275</load_address>
         <run_address>0xd2275</run_address>
         <size>0x173</size>
         <input_file_ref idref="fl-2c"/>
      </object_component>
      <object_component id="oc-1c6">
         <name>.debug_info</name>
         <load_address>0xd23e8</load_address>
         <run_address>0xd23e8</run_address>
         <size>0x114</size>
         <input_file_ref idref="fl-2d"/>
      </object_component>
      <object_component id="oc-1cb">
         <name>.debug_info</name>
         <load_address>0xd24fc</load_address>
         <run_address>0xd24fc</run_address>
         <size>0x141</size>
         <input_file_ref idref="fl-2e"/>
      </object_component>
      <object_component id="oc-1cf">
         <name>.debug_info</name>
         <load_address>0xd263d</load_address>
         <run_address>0xd263d</run_address>
         <size>0x561</size>
         <input_file_ref idref="fl-2f"/>
      </object_component>
      <object_component id="oc-1d4">
         <name>.debug_info</name>
         <load_address>0xd2b9e</load_address>
         <run_address>0xd2b9e</run_address>
         <size>0x43a</size>
         <input_file_ref idref="fl-30"/>
      </object_component>
      <object_component id="oc-1d9">
         <name>.debug_info</name>
         <load_address>0xd2fd8</load_address>
         <run_address>0xd2fd8</run_address>
         <size>0x3ad</size>
         <input_file_ref idref="fl-31"/>
      </object_component>
      <object_component id="oc-1de">
         <name>.debug_info</name>
         <load_address>0xd3385</load_address>
         <run_address>0xd3385</run_address>
         <size>0x3aa</size>
         <input_file_ref idref="fl-32"/>
      </object_component>
      <object_component id="oc-1e3">
         <name>.debug_info</name>
         <load_address>0xd372f</load_address>
         <run_address>0xd372f</run_address>
         <size>0x544</size>
         <input_file_ref idref="fl-33"/>
      </object_component>
      <object_component id="oc-1ea">
         <name>.debug_info</name>
         <load_address>0xd3c73</load_address>
         <run_address>0xd3c73</run_address>
         <size>0x4cc</size>
         <input_file_ref idref="fl-34"/>
      </object_component>
      <object_component id="oc-1ef">
         <name>.debug_info</name>
         <load_address>0xd413f</load_address>
         <run_address>0xd413f</run_address>
         <size>0x467</size>
         <input_file_ref idref="fl-35"/>
      </object_component>
      <object_component id="oc-1f4">
         <name>.debug_info</name>
         <load_address>0xd45a6</load_address>
         <run_address>0xd45a6</run_address>
         <size>0x502</size>
         <input_file_ref idref="fl-36"/>
      </object_component>
      <object_component id="oc-2ca">
         <name>.debug_info</name>
         <load_address>0xd4aa8</load_address>
         <run_address>0xd4aa8</run_address>
         <size>0xa5</size>
      </object_component>
      <object_component id="oc-9c">
         <name>.debug_frame</name>
         <load_address>0x0</load_address>
         <run_address>0x0</run_address>
         <size>0x328</size>
         <input_file_ref idref="fl-2"/>
      </object_component>
      <object_component id="oc-a3">
         <name>.debug_frame</name>
         <load_address>0x328</load_address>
         <run_address>0x328</run_address>
         <size>0x37c</size>
         <input_file_ref idref="fl-3"/>
      </object_component>
      <object_component id="oc-a8">
         <name>.debug_frame</name>
         <load_address>0x6a4</load_address>
         <run_address>0x6a4</run_address>
         <size>0x90</size>
         <input_file_ref idref="fl-4"/>
      </object_component>
      <object_component id="oc-af">
         <name>.debug_frame</name>
         <load_address>0x734</load_address>
         <run_address>0x734</run_address>
         <size>0x548</size>
         <input_file_ref idref="fl-5"/>
      </object_component>
      <object_component id="oc-b4">
         <name>.debug_frame</name>
         <load_address>0xc7c</load_address>
         <run_address>0xc7c</run_address>
         <size>0x60</size>
         <input_file_ref idref="fl-6"/>
      </object_component>
      <object_component id="oc-bb">
         <name>.debug_frame</name>
         <load_address>0xcdc</load_address>
         <run_address>0xcdc</run_address>
         <size>0x90</size>
         <input_file_ref idref="fl-7"/>
      </object_component>
      <object_component id="oc-151">
         <name>.debug_frame</name>
         <load_address>0xd6c</load_address>
         <run_address>0xd6c</run_address>
         <size>0x464</size>
         <input_file_ref idref="fl-b"/>
      </object_component>
      <object_component id="oc-157">
         <name>.debug_frame</name>
         <load_address>0x11d0</load_address>
         <run_address>0x11d0</run_address>
         <size>0x1110</size>
         <input_file_ref idref="fl-c"/>
      </object_component>
      <object_component id="oc-15e">
         <name>.debug_frame</name>
         <load_address>0x22e0</load_address>
         <run_address>0x22e0</run_address>
         <size>0x2c8</size>
         <input_file_ref idref="fl-d"/>
      </object_component>
      <object_component id="oc-164">
         <name>.debug_frame</name>
         <load_address>0x25a8</load_address>
         <run_address>0x25a8</run_address>
         <size>0xb0</size>
         <input_file_ref idref="fl-e"/>
      </object_component>
      <object_component id="oc-169">
         <name>.debug_frame</name>
         <load_address>0x2658</load_address>
         <run_address>0x2658</run_address>
         <size>0x80</size>
         <input_file_ref idref="fl-f"/>
      </object_component>
      <object_component id="oc-16f">
         <name>.debug_frame</name>
         <load_address>0x26d8</load_address>
         <run_address>0x26d8</run_address>
         <size>0x90</size>
         <input_file_ref idref="fl-10"/>
      </object_component>
      <object_component id="oc-174">
         <name>.debug_frame</name>
         <load_address>0x2768</load_address>
         <run_address>0x2768</run_address>
         <size>0x40</size>
         <input_file_ref idref="fl-11"/>
      </object_component>
      <object_component id="oc-179">
         <name>.debug_frame</name>
         <load_address>0x27a8</load_address>
         <run_address>0x27a8</run_address>
         <size>0x40</size>
         <input_file_ref idref="fl-12"/>
      </object_component>
      <object_component id="oc-183">
         <name>.debug_frame</name>
         <load_address>0x27e8</load_address>
         <run_address>0x27e8</run_address>
         <size>0x608</size>
         <input_file_ref idref="fl-14"/>
      </object_component>
      <object_component id="oc-18a">
         <name>.debug_frame</name>
         <load_address>0x2df0</load_address>
         <run_address>0x2df0</run_address>
         <size>0x58</size>
         <input_file_ref idref="fl-15"/>
      </object_component>
      <object_component id="oc-191">
         <name>.debug_frame</name>
         <load_address>0x2e48</load_address>
         <run_address>0x2e48</run_address>
         <size>0x58</size>
         <input_file_ref idref="fl-16"/>
      </object_component>
      <object_component id="oc-198">
         <name>.debug_frame</name>
         <load_address>0x2ea0</load_address>
         <run_address>0x2ea0</run_address>
         <size>0x88</size>
         <input_file_ref idref="fl-17"/>
      </object_component>
      <object_component id="oc-19f">
         <name>.debug_frame</name>
         <load_address>0x2f28</load_address>
         <run_address>0x2f28</run_address>
         <size>0x58</size>
         <input_file_ref idref="fl-18"/>
      </object_component>
      <object_component id="oc-1a6">
         <name>.debug_frame</name>
         <load_address>0x2f80</load_address>
         <run_address>0x2f80</run_address>
         <size>0xbc</size>
         <input_file_ref idref="fl-19"/>
      </object_component>
      <object_component id="oc-1ad">
         <name>.debug_frame</name>
         <load_address>0x303c</load_address>
         <run_address>0x303c</run_address>
         <size>0x58</size>
         <input_file_ref idref="fl-1a"/>
      </object_component>
      <object_component id="oc-1b4">
         <name>.debug_frame</name>
         <load_address>0x3094</load_address>
         <run_address>0x3094</run_address>
         <size>0x58</size>
         <input_file_ref idref="fl-1b"/>
      </object_component>
      <object_component id="oc-1bb">
         <name>.debug_frame</name>
         <load_address>0x30ec</load_address>
         <run_address>0x30ec</run_address>
         <size>0x300</size>
         <input_file_ref idref="fl-1c"/>
      </object_component>
      <object_component id="oc-1d0">
         <name>.debug_frame</name>
         <load_address>0x33ec</load_address>
         <run_address>0x33ec</run_address>
         <size>0x60</size>
         <input_file_ref idref="fl-2f"/>
      </object_component>
      <object_component id="oc-1d5">
         <name>.debug_frame</name>
         <load_address>0x344c</load_address>
         <run_address>0x344c</run_address>
         <size>0x40</size>
         <input_file_ref idref="fl-30"/>
      </object_component>
      <object_component id="oc-1da">
         <name>.debug_frame</name>
         <load_address>0x348c</load_address>
[...]
         <object_component_ref idref="oc-226"/>
      </symbol>
      <symbol id="sm-877">
         <name>_sbNumToXXXx</name>
         <value>0x80a5d</value>
         <object_component_ref idref="oc-226"/>
      </symbol>
      <symbol id="sm-879">
         <name>_sbNumToXXXX</name>
         <value>0x80aec</value>
         <object_component_ref idref="oc-226"/>
      </symbol>
      <symbol id="sm-87b">
         <name>_sb16UOverLevelChk</name>
         <value>0x80c98</value>
         <object_component_ref idref="oc-226"/>
      </symbol>
      <symbol id="sm-87d">
         <name>_sbNumToXXXXx</name>
         <value>0x80a81</value>
         <object_component_ref idref="oc-226"/>
      </symbol>
      <symbol id="sm-87f">
         <name>_sbNumToXXXXX</name>
         <value>0x80ac4</value>
         <object_component_ref idref="oc-226"/>
      </symbol>
      <symbol id="sm-881">
         <name>_sNumToAscii_16Hex</name>
         <value>0x80cd6</value>
         <object_component_ref idref="oc-226"/>
      </symbol>
      <symbol id="sm-883">
         <name>_sNumToASCII</name>
         <value>0x80d22</value>
         <object_component_ref idref="oc-226"/>
      </symbol>
      <symbol id="sm-885">
         <name>_sdwAsciiDotxToNum</name>
         <value>0x808a8</value>
         <object_component_ref idref="oc-226"/>
      </symbol>
      <symbol id="sm-887">
         <name>_sbHighBitNum32</name>
         <value>0x80b61</value>
         <object_component_ref idref="oc-226"/>
      </symbol>
      <symbol id="sm-889">
         <name>_sbNumToXXxx</name>
         <value>0x809bc</value>
         <object_component_ref idref="oc-226"/>
      </symbol>
      <symbol id="sm-88b">
         <name>_swRoot</name>
         <value>0x8077e</value>
         <object_component_ref idref="oc-226"/>
      </symbol>
      <symbol id="sm-88d">
         <name>_sNumToAscii</name>
         <value>0x80cfb</value>
         <object_component_ref idref="oc-226"/>
      </symbol>
      <symbol id="sm-88f">
         <name>_sbNumToXXXxx</name>
         <value>0x80a33</value>
         <object_component_ref idref="oc-226"/>
      </symbol>
      <symbol id="sm-891">
         <name>_sbHighBitNum16</name>
         <value>0x80b91</value>
         <object_component_ref idref="oc-226"/>
      </symbol>
      <symbol id="sm-893">
         <name>_sb16UOutRangeChk</name>
         <value>0x80ca8</value>
         <object_component_ref idref="oc-226"/>
      </symbol>
      <symbol id="sm-895">
         <name>_swAbs</name>
         <value>0x80848</value>
         <object_component_ref idref="oc-226"/>
      </symbol>
      <symbol id="sm-897">
         <name>_sInvertUint16</name>
         <value>0x807aa</value>
         <object_component_ref idref="oc-226"/>
      </symbol>
      <symbol id="sm-899">
         <name>_sMemoryCopy</name>
         <value>0x80d5e</value>
         <object_component_ref idref="oc-226"/>
      </symbol>
      <symbol id="sm-89b">
         <name>_sb8UUnderLevelChk</name>
         <value>0x80c2f</value>
         <object_component_ref idref="oc-226"/>
      </symbol>
      <symbol id="sm-89d">
         <name>_sb8UOverLevelChk</name>
         <value>0x80c3f</value>
         <object_component_ref idref="oc-226"/>
      </symbol>
      <symbol id="sm-89f">
         <name>_sdwAsciiToXXXXX</name>
         <value>0x80873</value>
         <object_component_ref idref="oc-226"/>
      </symbol>
      <symbol id="sm-8a1">
         <name>_sbAsciiToXX</name>
         <value>0x80c10</value>
         <object_component_ref idref="oc-226"/>
      </symbol>
      <symbol id="sm-8a3">
         <name>_sInvertUint8</name>
         <value>0x807be</value>
         <object_component_ref idref="oc-226"/>
      </symbol>
      <symbol id="sm-8a5">
         <name>_sb8UInRangeChk</name>
         <value>0x80c62</value>
         <object_component_ref idref="oc-226"/>
      </symbol>
      <symbol id="sm-8a7">
         <name>_sdwAsciiToNum</name>
         <value>0x8088c</value>
         <object_component_ref idref="oc-226"/>
      </symbol>
      <symbol id="sm-8b9">
         <name>_dwBusBatProtJobCouunt</name>
         <value>0x893e</value>
         <object_component_ref idref="oc-189"/>
      </symbol>
      <symbol id="sm-8ba">
         <name>_fBusBatProtJob</name>
         <value>0x893c</value>
         <object_component_ref idref="oc-189"/>
      </symbol>
      <symbol id="sm-8bb">
         <name>_sBusBatProtInit</name>
         <value>0x82213</value>
         <object_component_ref idref="oc-214"/>
      </symbol>
      <symbol id="sm-8bd">
         <name>_sBusBatProtJob</name>
         <value>0x82217</value>
         <object_component_ref idref="oc-214"/>
      </symbol>
      <symbol id="sm-8cf">
         <name>_fDisplayJob</name>
         <value>0x8e1e</value>
         <object_component_ref idref="oc-190"/>
      </symbol>
      <symbol id="sm-8d0">
         <name>_sDisplayJob</name>
         <value>0x82226</value>
         <object_component_ref idref="oc-217"/>
      </symbol>
      <symbol id="sm-8d2">
         <name>_dwDisplayJobCouunt</name>
         <value>0x8e20</value>
         <object_component_ref idref="oc-190"/>
      </symbol>
      <symbol id="sm-8d3">
         <name>_sDisplayJobInit</name>
         <value>0x82222</value>
         <object_component_ref idref="oc-217"/>
      </symbol>
      <symbol id="sm-8e5">
         <name>_sGridJob</name>
         <value>0x821f1</value>
         <object_component_ref idref="oc-213"/>
      </symbol>
      <symbol id="sm-8e7">
         <name>_sGridJobInit</name>
         <value>0x821ec</value>
         <object_component_ref idref="oc-213"/>
      </symbol>
      <symbol id="sm-8e9">
         <name>_fGridJob</name>
         <value>0x8e03</value>
         <object_component_ref idref="oc-197"/>
      </symbol>
      <symbol id="sm-8ea">
         <name>_g_uwRatedGridPower</name>
         <value>0x8e02</value>
         <object_component_ref idref="oc-197"/>
      </symbol>
      <symbol id="sm-8eb">
         <name>_g_wRFixCapaReactivePowerKtest</name>
         <value>0x8e01</value>
         <object_component_ref idref="oc-197"/>
      </symbol>
      <symbol id="sm-8ec">
         <name>_sCalReactiveCurr220V</name>
         <value>0x82200</value>
         <object_component_ref idref="oc-213"/>
      </symbol>
      <symbol id="sm-8ee">
         <name>_sGetRatedGridPower</name>
         <value>0x821fc</value>
         <object_component_ref idref="oc-213"/>
      </symbol>
      <symbol id="sm-8f0">
         <name>_dwGridJobCouunt</name>
         <value>0x8e04</value>
         <object_component_ref idref="oc-197"/>
      </symbol>
      <symbol id="sm-8f1">
         <name>_g_wRFixCapaReactivePower</name>
         <value>0x8e00</value>
         <object_component_ref idref="oc-197"/>
      </symbol>
      <symbol id="sm-904">
         <name>_sIdleJob</name>
         <value>0x821b4</value>
         <object_component_ref idref="oc-218"/>
      </symbol>
      <symbol id="sm-906">
         <name>_sIdleCount</name>
         <value>0x8e1d</value>
         <object_component_ref idref="oc-19e"/>
      </symbol>
      <symbol id="sm-907">
         <name>_sIdleJobInit</name>
         <value>0x821b0</value>
         <object_component_ref idref="oc-218"/>
      </symbol>
      <symbol id="sm-925">
         <name>_fInterfaceJob</name>
         <value>0x8e22</value>
         <object_component_ref idref="oc-1a5"/>
      </symbol>
      <symbol id="sm-926">
         <name>_sbGetInitializeFinished</name>
         <value>0x81cee</value>
         <object_component_ref idref="oc-216"/>
      </symbol>
      <symbol id="sm-928">
         <name>_wPassthroughDelay</name>
         <value>0x8e25</value>
         <object_component_ref idref="oc-1a5"/>
      </symbol>
      <symbol id="sm-929">
         <name>_swSetPassthrough</name>
         <value>0x81ce6</value>
         <object_component_ref idref="oc-216"/>
      </symbol>
      <symbol id="sm-92b">
         <name>_swGetPassthrough</name>
         <value>0x81cea</value>
         <object_component_ref idref="oc-216"/>
      </symbol>
      <symbol id="sm-92d">
         <name>_g_uwPassthrough</name>
         <value>0x8e23</value>
         <object_component_ref idref="oc-1a5"/>
      </symbol>
      <symbol id="sm-92e">
         <name>_g_uwPassthroughUpdateFW</name>
         <value>0x8e24</value>
         <object_component_ref idref="oc-1a5"/>
      </symbol>
      <symbol id="sm-92f">
         <name>_sInterfaceJob</name>
         <value>0x81d0d</value>
         <object_component_ref idref="oc-216"/>
      </symbol>
      <symbol id="sm-931">
         <name>_swSetPassthroughDelay</name>
         <value>0x81ce2</value>
         <object_component_ref idref="oc-216"/>
      </symbol>
      <symbol id="sm-933">
         <name>_sInterfaceJobInit</name>
         <value>0x81cf3</value>
         <object_component_ref idref="oc-216"/>
      </symbol>
      <symbol id="sm-945">
         <name>_sInvLoadOPJob</name>
         <value>0x82235</value>
         <object_component_ref idref="oc-212"/>
      </symbol>
      <symbol id="sm-947">
         <name>_dwInvLoadOPJobCouunt</name>
         <value>0x8e28</value>
         <object_component_ref idref="oc-1ac"/>
      </symbol>
      <symbol id="sm-948">
         <name>_fInvLoadOPJob</name>
         <value>0x8e26</value>
         <object_component_ref idref="oc-1ac"/>
      </symbol>
      <symbol id="sm-949">
         <name>_sInvLoadOPJobInit</name>
         <value>0x82231</value>
         <object_component_ref idref="oc-212"/>
      </symbol>
      <symbol id="sm-95b">
         <name>_fParallelJob</name>
         <value>0x8e06</value>
         <object_component_ref idref="oc-1b3"/>
      </symbol>
      <symbol id="sm-95c">
         <name>_A2</name>
         <value>0x8e08</value>
         <object_component_ref idref="oc-1b3"/>
      </symbol>
      <symbol id="sm-95d">
         <name>_sParallelJobInit</name>
         <value>0x82240</value>
         <object_component_ref idref="oc-215"/>
      </symbol>
      <symbol id="sm-95f">
         <name>_sParallelJobCount</name>
         <value>0x8e0a</value>
         <object_component_ref idref="oc-1b3"/>
      </symbol>
      <symbol id="sm-960">
         <name>_sParallelJob</name>
         <value>0x82244</value>
         <object_component_ref idref="oc-215"/>
      </symbol>
      <symbol id="sm-999">
         <name>_sSetStayStandby</name>
         <value>0x81cd1</value>
         <object_component_ref idref="oc-211"/>
      </symbol>
      <symbol id="sm-99b">
         <name>_sbSystemInitialize</name>
         <value>0x81ba8</value>
         <object_component_ref idref="oc-211"/>
      </symbol>
      <symbol id="sm-99d">
         <name>_g_wAgingMode</name>
         <value>0x8b34</value>
         <object_component_ref idref="oc-1ba"/>
      </symbol>
      <symbol id="sm-99e">
         <name>_sSupervisorJobInit</name>
         <value>0x81c21</value>
         <object_component_ref idref="oc-211"/>
      </symbol>
      <symbol id="sm-9a0">
         <name>_sStandbyMode</name>
         <value>0x81c77</value>
         <object_component_ref idref="oc-211"/>
      </symbol>
      <symbol id="sm-9a2">
         <name>_fSupervisorJob</name>
         <value>0x8b35</value>
         <object_component_ref idref="oc-1ba"/>
      </symbol>
      <symbol id="sm-9a3">
         <name>_sSetWorkMode</name>
         <value>0x81ccd</value>
         <object_component_ref idref="oc-211"/>
      </symbol>
      <symbol id="sm-9a5">
         <name>_sSupervisorJob</name>
         <value>0x81c85</value>
         <object_component_ref idref="oc-211"/>
      </symbol>
      <symbol id="sm-9a7">
         <name>_sFaultMode</name>
         <value>0x81c81</value>
         <object_component_ref idref="oc-211"/>
      </symbol>
      <symbol id="sm-9a9">
         <name>_sToBatteryMode</name>
         <value>0x81c1d</value>
         <object_component_ref idref="oc-211"/>
      </symbol>
      <symbol id="sm-9ab">
         <name>_uniEnergyInfo</name>
         <value>0x8b37</value>
         <object_component_ref idref="oc-1ba"/>
      </symbol>
      <symbol id="sm-9ac">
         <name>_swGetLoadOnSts</name>
         <value>0x81b89</value>
         <object_component_ref idref="oc-211"/>
      </symbol>
      <symbol id="sm-9ae">
         <name>_sbModelIdentify</name>
         <value>0x81bb3</value>
         <object_component_ref idref="oc-211"/>
      </symbol>
      <symbol id="sm-9b0">
         <name>_g_uwSuperEvent</name>
         <value>0x8b36</value>
         <object_component_ref idref="oc-1ba"/>
      </symbol>
      <symbol id="sm-9b1">
         <name>_sToBypassMode</name>
         <value>0x81bf9</value>
         <object_component_ref idref="oc-211"/>
      </symbol>
      <symbol id="sm-9b3">
         <name>_sToLineMode</name>
         <value>0x81bc7</value>
         <object_component_ref idref="oc-211"/>
      </symbol>
      <symbol id="sm-9b5">
         <name>_sLineMode</name>
         <value>0x81c61</value>
         <object_component_ref idref="oc-211"/>
      </symbol>
      <symbol id="sm-9b7">
         <name>_swGetAgingStatus</name>
         <value>0x81b91</value>
         <object_component_ref idref="oc-211"/>
      </symbol>
      <symbol id="sm-9b9">
         <name>_dwSupervisorJobCouunt</name>
         <value>0x8b3c</value>
         <object_component_ref idref="oc-1ba"/>
      </symbol>
      <symbol id="sm-9ba">
         <name>_sBatteryMode</name>
         <value>0x81c50</value>
         <object_component_ref idref="oc-211"/>
      </symbol>
      <symbol id="sm-9bc">
         <name>_g_uwLoadOnSts</name>
         <value>0x8b38</value>
         <object_component_ref idref="oc-1ba"/>
      </symbol>
      <symbol id="sm-9bd">
         <name>_g_uwWorkMode</name>
         <value>0x8b32</value>
         <object_component_ref idref="oc-1ba"/>
      </symbol>
      <symbol id="sm-9be">
         <name>_swGetFaultCode</name>
         <value>0x81b8d</value>
         <object_component_ref idref="oc-211"/>
      </symbol>
      <symbol id="sm-9c0">
         <name>_sbWaitSystemSteady</name>
         <value>0x81b95</value>
         <object_component_ref idref="oc-211"/>
      </symbol>
      <symbol id="sm-9c2">
         <name>_sFaultRstCntProc</name>
         <value>0x81ce1</value>
         <object_component_ref idref="oc-211"/>
      </symbol>
      <symbol id="sm-9c4">
         <name>_g_uwStayStandby</name>
         <value>0x8b39</value>
         <object_component_ref idref="oc-1ba"/>
      </symbol>
      <symbol id="sm-9c5">
         <name>_g_uwFaultCode</name>
         <value>0x8b33</value>
         <object_component_ref idref="oc-1ba"/>
      </symbol>
      <symbol id="sm-9c6">
         <name>_sSetLoadOnSts</name>
         <value>0x81cd5</value>
         <object_component_ref idref="oc-211"/>
      </symbol>
      <symbol id="sm-9c8">
         <name>_sBypassMode</name>
         <value>0x81c3f</value>
         <object_component_ref idref="oc-211"/>
      </symbol>
      <symbol id="sm-9ca">
         <name>_sbAdcOffsetInitial</name>
         <value>0x81bba</value>
         <object_component_ref idref="oc-211"/>
      </symbol>
      <symbol id="sm-9cc">
         <name>_sPowerOnMode</name>
         <value>0x81c26</value>
         <object_component_ref idref="oc-211"/>
      </symbol>
      <symbol id="sm-9ce">
         <name>_sSetFaultCode</name>
         <value>0x81cd9</value>
         <object_component_ref idref="oc-211"/>
      </symbol>
      <symbol id="sm-9d0">
         <name>_sToChgMode</name>
         <value>0x81bef</value>
         <object_component_ref idref="oc-211"/>
      </symbol>
      <symbol id="sm-9d2">
         <name>_swGetWorkMode</name>
         <value>0x81b81</value>
         <object_component_ref idref="oc-211"/>
      </symbol>
      <symbol id="sm-9d4">
         <name>_sChgMode</name>
         <value>0x81c35</value>
         <object_component_ref idref="oc-211"/>
      </symbol>
      <symbol id="sm-9d6">
         <name>_sSetAgingStatus</name>
         <value>0x81cdd</value>
         <object_component_ref idref="oc-211"/>
      </symbol>
      <symbol id="sm-9d8">
         <name>_swGetStayStandby</name>
         <value>0x81b85</value>
         <object_component_ref idref="oc-211"/>
      </symbol>
      <symbol id="sm-9da">
         <name>_fStateStatus</name>
         <value>0x8b3a</value>
         <object_component_ref idref="oc-1ba"/>
      </symbol>
      <symbol id="sm-9f5">
         <name>_c_int00</name>
         <value>0x81fda</value>
         <object_component_ref idref="oc-99"/>
      </symbol>
      <symbol id="sm-9f6">
         <name>__stack</name>
         <value>0x400</value>
         <object_component_ref idref="oc-1bf"/>
      </symbol>
      <symbol id="sm-a07">
         <name>FS$$DIV</name>
         <value>0x81ee1</value>
         <object_component_ref idref="oc-1c5"/>
      </symbol>
      <symbol id="sm-a13">
         <name>U$$MOD</name>
         <value>0x82254</value>
         <object_component_ref idref="oc-1ca"/>
      </symbol>
      <symbol id="sm-a14">
         <name>U$$DIV</name>
         <value>0x8224f</value>
         <object_component_ref idref="oc-1ca"/>
      </symbol>
      <symbol id="sm-a23">
         <name>_copy_in</name>
         <value>0x8218c</value>
         <object_component_ref idref="oc-1fa"/>
      </symbol>
      <symbol id="sm-a35">
         <name>_memcpy</name>
         <value>0x821cf</value>
         <object_component_ref idref="oc-201"/>
      </symbol>
      <symbol id="sm-a42">
         <name>__system_pre_init</name>
         <value>0x82272</value>
         <object_component_ref idref="oc-1f9"/>
      </symbol>
      <symbol id="sm-a50">
         <name>__system_post_cinit</name>
         <value>0x81f69</value>
         <object_component_ref idref="oc-1fb"/>
      </symbol>
      <symbol id="sm-a65">
         <name>C$$EXIT</name>
         <value>0x82163</value>
         <object_component_ref idref="oc-1fd"/>
      </symbol>
      <symbol id="sm-a66">
         <name>_exit</name>
         <value>0x82165</value>
         <object_component_ref idref="oc-1fd"/>
      </symbol>
      <symbol id="sm-a68">
         <name>___TI_cleanup_ptr</name>
         <value>0x8e14</value>
         <object_component_ref idref="oc-1e5"/>
      </symbol>
      <symbol id="sm-a69">
         <name>___TI_enable_exit_profile_output</name>
         <value>0x8e12</value>
         <object_component_ref idref="oc-1e5"/>
      </symbol>
      <symbol id="sm-a6a">
         <name>_abort</name>
         <value>0x82163</value>
         <object_component_ref idref="oc-1fd"/>
      </symbol>
      <symbol id="sm-a6c">
         <name>___TI_dtors_ptr</name>
         <value>0x8e16</value>
         <object_component_ref idref="oc-1e5"/>
      </symbol>
      <symbol id="sm-a80">
         <name>__unlock</name>
         <value>0x8e38</value>
         <object_component_ref idref="oc-223"/>
      </symbol>
      <symbol id="sm-a81">
         <name>__lock</name>
         <value>0x8b3e</value>
         <object_component_ref idref="oc-203"/>
      </symbol>
      <symbol id="sm-a82">
         <name>__register_lock</name>
         <value>0x8225e</value>
         <object_component_ref idref="oc-219"/>
      </symbol>
      <symbol id="sm-a84">
         <name>__nop</name>
         <value>0x82262</value>
         <object_component_ref idref="oc-219"/>
      </symbol>
      <symbol id="sm-a86">
         <name>__register_unlock</name>
         <value>0x8225a</value>
         <object_component_ref idref="oc-219"/>
      </symbol>
      <symbol id="sm-a96">
         <name>__args_main</name>
         <value>0x82201</value>
         <object_component_ref idref="oc-1fc"/>
      </symbol>
      <symbol id="sm-aa5">
         <name>_memset</name>
         <value>0x8226b</value>
         <object_component_ref idref="oc-20d"/>
      </symbol>
   </symbol_table>
   <title>Link successful</title>
</link_info>
