******************************************************************************
             TMS320C2000 Linker PC v22.6.1                     
******************************************************************************
>> Linked Wed Jun  3 20:32:29 2026

OUTPUT FILE NAME:   <../RELEASE/HOPE_P55_APP.out>
ENTRY POINT SYMBOL: "_c_int00"  address: 0008c573


MEMORY CONFIGURATION

         name            origin    length      used     unused   attr    fill
----------------------  --------  ---------  --------  --------  ----  --------
PAGE 0:
  BOOT_RSVD             00000002   00000126  00000000  00000126  RWIX
  RAMM0                 00000128   000002d8  00000000  000002d8  RWIX
  RAMM1                 00000400   00000400  00000200  00000200  RWIX
  CLATOCPURAM           00001480   00000080  00000000  00000080  RWIX
  CPUTOCLARAM           00001500   00000080  00000000  00000080  RWIX
  CLATODMARAM           00001680   00000080  00000000  00000080  RWIX
  DMATOCLARAM           00001700   00000080  00000000  00000080  RWIX
  OSStackRAM            00008000   00001000  00000fa0  00000060  RWIX
  RAMLS                 00009000   00007000  000041bc  00002e44  RWIX
  RAMLS8                00014000   00002000  00000000  00002000  RWIX
  RAMLS9                00016000   00002000  00000000  00002000  RWIX
  BEGIN                 00080000   00000002  00000002  00000000  RWIX
  FLASH_FINV            00080002   0001fffe  0000f4d5  00010b29  RWIX
  FLASH_BANK2           000c0000   00020000  00000000  00020000  RWIX
  FLASH_BANK4           00100000   00008000  00000000  00008000  RWIX
  RESET                 003fffc0   00000002  00000000  00000002  RWIX

PAGE 1:
  CPUTIMER0             00000c00   00000008  00000008  00000000  RWIX
  CPUTIMER1             00000c08   00000008  00000008  00000000  RWIX
  CPUTIMER2             00000c10   00000008  00000008  00000000  RWIX
  PIECTRL               00000ce0   0000001a  0000001a  00000000  RWIX
  PIEVECTTABLE          00000d00   00000200  00000000  00000200  RWIX
  DMA                   00001000   00000200  000000e0  00000120  RWIX
  CLA1                  00001400   00000080  00000048  00000038  RWIX
  ADCARESULT            00001800   00000058  00000058  00000000  RWIX
  ADCBRESULT            00001880   00000058  00000058  00000000  RWIX
  ADCCRESULT            00001900   00000058  00000058  00000000  RWIX
  ADCDRESULT            00001980   00000058  00000058  00000000  RWIX
  ADCERESULT            00001a00   00000058  00000058  00000000  RWIX
  CLB1LOGICCFG          00003000   00000052  00000052  00000000  RWIX
  CLB1LOGICCTRL         00003100   00000040  00000040  00000000  RWIX
  CLB1DATAEXCH          00003180   00000080  00000048  00000038  RWIX
  CLB2LOGICCFG          00003400   00000052  00000052  00000000  RWIX
  CLB2LOGICCTRL         00003500   00000040  00000040  00000000  RWIX
  CLB2DATAEXCH          00003580   00000080  00000048  00000038  RWIX
  EPWM1                 00004000   00000100  00000100  00000000  RWIX
  EPWM2                 00004100   00000100  00000100  00000000  RWIX
  EPWM3                 00004200   00000100  00000100  00000000  RWIX
  EPWM4                 00004300   00000100  00000100  00000000  RWIX
  EPWM5                 00004400   00000100  00000100  00000000  RWIX
  EPWM6                 00004500   00000100  00000100  00000000  RWIX
  EPWM7                 00004600   00000100  00000100  00000000  RWIX
  EPWM8                 00004700   00000100  00000100  00000000  RWIX
  EPWM9                 00004800   00000100  00000100  00000000  RWIX
  EPWM10                00004900   00000100  00000100  00000000  RWIX
  EPWM11                00004a00   00000100  00000100  00000000  RWIX
  EPWM12                00004b00   00000100  00000100  00000000  RWIX
  EQEP1                 00005100   00000040  00000038  00000008  RWIX
  EQEP2                 00005140   00000040  00000038  00000008  RWIX
  EQEP3                 00005180   00000040  00000038  00000008  RWIX
  ECAP1                 00005200   00000020  00000020  00000000  RWIX
  ECAP2                 00005240   00000020  00000020  00000000  RWIX
  CMPSS1                00005500   00000040  0000003a  00000006  RWIX
  CMPSS2                00005540   00000040  0000003a  00000006  RWIX
  CMPSS3                00005580   00000040  0000003a  00000006  RWIX
  CMPSS4                000055c0   00000040  0000003a  00000006  RWIX
  PGA1                  00005b00   00000008  00000008  00000000  RWIX
  PGA2                  00005b10   00000008  00000008  00000000  RWIX
  PGA3                  00005b20   00000008  00000008  00000000  RWIX
  DACA                  00005c00   00000008  00000007  00000001  RWIX
  SPIA                  00006100   00000010  00000010  00000000  RWIX
  SPIB                  00006110   00000010  00000010  00000000  RWIX
  PMBUSA                00006400   00000020  0000001e  00000002  RWIX
  FSITXA                00006600   00000050  00000050  00000000  RWIX
  FSIRXA                00006680   00000050  00000050  00000000  RWIX
  LINA                  00006800   000000ec  000000ec  00000000  RWIX
  ADCC                  00006a00   00000160  0000014a  00000016  RWIX
  ADCD                  00006c00   00000160  0000014a  00000016  RWIX
  ADCE                  00006e00   00000160  0000014a  00000016  RWIX
  WD                    00007000   0000002c  0000002b  00000001  RWIX
  NMIINTRUPT            00007060   00000010  0000000c  00000004  RWIX
  XINT                  00007070   0000000c  0000000b  00000001  RWIX
  SCIA                  00007200   00000010  00000010  00000000  RWIX
  SCIB                  00007210   00000010  00000010  00000000  RWIX
  SCIC                  00007220   00000010  00000010  00000000  RWIX
  I2CA                  00007300   00000022  00000022  00000000  RWIX
  I2CB                  00007340   00000022  00000022  00000000  RWIX
  ADCA                  00007400   00000160  0000014a  00000016  RWIX
  ADCB                  00007600   00000160  0000014a  00000016  RWIX
  INPUTXBAR             00007900   00000020  00000020  00000000  RWIX
  XBAR                  00007920   00000020  00000010  00000010  RWIX
  SYNCSOC               00007940   00000006  00000006  00000000  RWIX
  CLBINPUTXBAR          00007960   00000020  00000020  00000000  RWIX
  DMACLASRCSEL          00007980   0000001a  0000001a  00000000  RWIX
  EPWMXBAR              00007a00   00000040  00000040  00000000  RWIX
  CLBXBAR               00007a40   00000040  00000040  00000000  RWIX
  OUTPUTXBAR            00007a80   00000040  00000040  00000000  RWIX
  CLBOUTPUTXBAR         00007bc0   00000040  00000040  00000000  RWIX
  GPIOCTRL              00007c00   00000200  00000200  00000000  RWIX
  GPIODATA              00007f00   00000040  00000040  00000000  RWIX
  GPIODATAREAD          00007f80   00000010  00000010  00000000  RWIX
  LFU                   00007fe0   00000020  00000020  00000000  RWIX
  AESA                  00042000   0000004c  0000004c  00000000  RWIX
  AESASS                00042c00   00000080  00000006  0000007a  RWIX
  MCANASS               00059400   0000002c  0000002c  00000000  RWIX
  MCANA                 00059600   00000100  000000fc  00000004  RWIX
  MCANAERROR            00059800   00000210  00000210  00000000  RWIX
  MCANBSS               0005b400   0000002c  0000002c  00000000  RWIX
  MCANB                 0005b600   00000100  000000fc  00000004  RWIX
  MCANBERROR            0005b800   00000210  00000210  00000000  RWIX
  DEVCFG                0005d000   000001fa  000001fa  00000000  RWIX
  CLKCFG                0005d200   000000fe  0000003e  000000c0  RWIX
  CPUSYS                0005d300   00000100  000000b0  00000050  RWIX
  SYSSTATUS             0005d400   00000040  00000018  00000028  RWIX
  PERIPHAC              0005d500   00000200  00000200  00000000  RWIX
  ANALOGSUBSYS          0005d700   0000013c  0000013a  00000002  RWIX
  DCC0                  0005e700   00000038  0000002c  0000000c  RWIX
  DCC1                  0005e740   00000038  0000002c  0000000c  RWIX
  ERADGLOBAL            0005e800   00000014  00000014  00000000  RWIX
  ERADHWBP1             0005e900   00000008  00000008  00000000  RWIX
  ERADHWBP2             0005e908   00000008  00000008  00000000  RWIX
  ERADHWBP3             0005e910   00000008  00000008  00000000  RWIX
  ERADHWBP4             0005e918   00000008  00000008  00000000  RWIX
  ERADHWBP5             0005e920   00000008  00000008  00000000  RWIX
  ERADHWBP6             0005e928   00000008  00000008  00000000  RWIX
  ERADHWBP7             0005e930   00000008  00000008  00000000  RWIX
  ERADHWBP8             0005e938   00000008  00000008  00000000  RWIX
  ERADCOUNTER1          0005e980   00000010  0000000c  00000004  RWIX
  ERADCOUNTER2          0005e990   00000010  0000000c  00000004  RWIX
  ERADCOUNTER3          0005e9a0   00000010  0000000c  00000004  RWIX
  ERADCOUNTER4          0005e9b0   00000010  0000000c  00000004  RWIX
  ERADCRCGLOBAL         0005ea00   00000010  00000001  0000000f  RWIX
  ERADCRC1              0005ea10   00000010  00000006  0000000a  RWIX
  ERADCRC2              0005ea20   00000010  00000006  0000000a  RWIX
  ERADCRC3              0005ea30   00000010  00000006  0000000a  RWIX
  ERADCRC4              0005ea40   00000010  00000006  0000000a  RWIX
  ERADCRC5              0005ea50   00000010  00000006  0000000a  RWIX
  ERADCRC6              0005ea60   00000010  00000006  0000000a  RWIX
  ERADCRC7              0005ea70   00000010  00000006  0000000a  RWIX
  ERADCRC8              0005ea80   00000010  00000006  0000000a  RWIX
  ERADPCTRACE           0005ead0   0000000a  0000000a  00000000  RWIX
  EPG1                  0005ec00   00000052  00000052  00000000  RWIX
  EPG1MUX               0005ecd0   00000010  00000010  00000000  RWIX
  DCSMZ1                0005f000   00000040  00000040  00000000  RWIX
  DCSMZ2                0005f080   0000003e  0000002c  00000012  RWIX
  DCSMCOMMON            0005f0c0   00000040  00000030  00000010  RWIX
  MEMCFG                0005f400   000000c0  000000a6  0000001a  RWIX
  ACCESSPROTECTION      0005f500   0000003e  0000003e  00000000  RWIX
  MEMORYERROR           0005f540   00000040  0000003a  00000006  RWIX
  TESTERROR             0005f590   00000010  00000006  0000000a  RWIX
  FLASH0CTRL            0005f800   00000182  00000182  00000000  RWIX
  FLASH0ECC             0005fb00   00000028  00000022  00000006  RWIX
  ERADPCTRACEBUFFER     0005fe00   00000800  00000800  00000000  RWIX
  UID                   00072168   00000010  00000010  00000000  RWIX
  DCSMZ1OTP             00078000   00000020  00000020  00000000  RWIX
  DCSMZ2OTP             00078200   00000020  00000014  0000000c  RWIX


SECTION ALLOCATION MAP

 output                                  attributes/
section   page    origin      length       input sections
--------  ----  ----------  ----------   ----------------
PieVectTableFile 
*          0    00000d00    000001c0     DSECT
                  00000d00    000001c0     f28p55x_globalvariabledefs.obj (PieVectTableFile)

EmuKeyVar 
*          0    00000d00    00000000     DSECT

EmuBModeVar 
*          0    00000d00    00000000     DSECT

EmuBootPinsVar 
*          0    00000d00    00000000     DSECT

FlashCallbackVar 
*          0    00000d00    00000000     DSECT

FlashScalingVar 
*          0    00000d00    00000000     DSECT

OSStack    0    00008000    00000fa0     UNINITIALIZED
                  00008000    00000fa0     OS_CORE.obj (OSStack)

codestart 
*          0    00080000    00000002     
                  00080000    00000002     f28p55x_codestartbranch.obj (codestart)

.cinit     0    0008dcc8    00000c5e     
                  0008dcc8    00000189     INVControlNew.obj (.cinit)
                  0008de51    00000166     InvLoadOPJob.obj (.cinit)
                  0008dfb7    000000eb     LineModule.obj (.cinit)
                  0008e0a2    000000e8     BatteryModule.obj (.cinit)
                  0008e18a    000000cb     Oscillograph.obj (.cinit:_cGetDataSubArray)
                  0008e255    000000b4     FaultAlarm.obj (.cinit)
                  0008e309    000000a3     PVControl.obj (.cinit)
                  0008e3ac    00000098     OutputModule.obj (.cinit)
                  0008e444    00000088     DCDCControl.obj (.cinit)
                  0008e4cc    0000006d     PhaseLock.obj (.cinit)
                  0008e539    00000067     INVControl.obj (.cinit)
                  0008e5a0    0000005c     InverterModule.obj (.cinit)
                  0008e5fc    00000058     DeratingProcess.obj (.cinit)
                  0008e654    00000054     interrupt.obj (.cinit)
                  0008e6a8    00000048     ModBusProcess.obj (.cinit)
                  0008e6f0    00000042     SoxProcess.obj (.cinit)
                  0008e732    00000040     FanProcess.obj (.cinit)
                  0008e772    0000003c     GridJob.obj (.cinit)
                  0008e7ae    0000003c     display_vp.obj (.cinit)
                  0008e7ea    0000002c     SupervisorJob.obj (.cinit)
                  0008e816    0000001c     EepromProcess.obj (.cinit)
                  0008e832    00000018     rly_driver.obj (.cinit)
                  0008e84a    00000013     OS_CORE.obj (.cinit:_OSUnMapTbl)
                  0008e85d    00000010     InterfaceJob.obj (.cinit)
                  0008e86d    00000010     InverterProcess.obj (.cinit)
                  0008e87d    00000010     Soc.obj (.cinit)
                  0008e88d    0000000e     rts2800_fpu32.lib : exit.c.obj (.cinit)
                  0008e89b    0000000d     PvMppt.obj (.cinit)
                  0008e8a8    0000000d     sci_driver.obj (.cinit)
                  0008e8b5    0000000c     Soc_data.obj (.cinit)
                  0008e8c1    00000009     Soc_tables.obj (.cinit:_bDhgTempList)
                  0008e8ca    00000008     DisplayJob.obj (.cinit)
                  0008e8d2    00000008     Soc_cali.obj (.cinit)
                  0008e8da    00000008     Soc_tables.obj (.cinit:_bChgTempList)
                  0008e8e2    00000007     Soc_tables.obj (.cinit:_bChgCurrentList)
                  0008e8e9    00000007     Soc_tables.obj (.cinit:_bDhgCurrentList)
                  0008e8f0    00000005     Initial.obj (.cinit)
                  0008e8f5    00000005     ParallelJob.obj (.cinit)
                  0008e8fa    00000005     rts2800_fpu32.lib : _lock.c.obj (.cinit:__lock)
                  0008e8ff    00000005                       : _lock.c.obj (.cinit:__unlock)
                  0008e904    00000004     AdcProcess.obj (.cinit)
                  0008e908    00000004     BusBatProtJob.obj (.cinit)
                  0008e90c    00000004     IdleJob.obj (.cinit)
                  0008e910    00000004     SciRoute.obj (.cinit)
                  0008e914    00000004     ModBusProcess.obj (.cinit:_TxBuff$5)
                  0008e918    00000004     ModBusProcess.obj (.cinit:_TxBuff$7)
                  0008e91c    00000004     ModBusProcess.obj (.cinit:_TxBuff$8)
                  0008e920    00000004     LineModule.obj (.cinit:_g_uwRLineRms3time)
                  0008e924    00000002     --HOLE-- [fill = 0]

.switch    0    0008f320    000001c6     
                  0008f320    000000f0     ModBusProcess.obj (.switch:_swTestCmdRead)
                  0008f410    00000078     ModBusProcess.obj (.switch:_swEESettingWrite)
                  0008f488    00000030     Oscillograph.obj (.switch:_swOscillographCmdWrite)
                  0008f4b8    0000002e     ModBusProcess.obj (.switch:_swWifiIotWrite)

.reset     0    003fffc0    00000002     DSECT
                  003fffc0    00000002     rts2800_fpu32.lib : boot28.asm.obj (.reset)

.stack     0    00000400    00000200     UNINITIALIZED
                  00000400    00000200     --HOLE--

.pinit     0    00080008    00000000     UNINITIALIZED

.ebss      0    00009000    00002d4e     UNINITIALIZED
                  00009000    00001040     Oscillograph.obj (.ebss)
                  0000a040    0000060f     sci_driver.obj (.ebss:_strSciDataList)
                  0000a64f    00000001     IdleJob.obj (.ebss)
                  0000a650    00000030     AdcProcess.obj (.ebss)
                  0000a680    000004f6     EepromProcess.obj (.ebss)
                  0000ab76    0000000a     Initial.obj (.ebss)
                  0000ab80    000002f0     InverterProcess.obj (.ebss)
                  0000ae70    00000010     FanProcess.obj (.ebss)
                  0000ae80    00000266     INVControl.obj (.ebss)
                  0000b0e6    00000019     AdcProcess.obj (.ebss:_wAdcBias)
                  0000b0ff    00000001     SciRoute.obj (.ebss)
                  0000b100    000001c2     sci_driver.obj (.ebss:_bSciRxBuf)
                  0000b2c2    0000003c     FaultAlarm.obj (.ebss)
                  0000b2fe    00000002     BusBatProtJob.obj (.ebss)
                  0000b300    00000100     sci_driver.obj (.ebss:_bTestRxBuff)
                  0000b400    000000ff     display_driver.obj (.ebss:_ViewBuf)
                  0000b4ff    00000001     display_driver.obj (.ebss)
                  0000b500    000000c8     Oscillograph.obj (.ebss:_cGetDataSubArray)
                  0000b5c8    00000035     SoxProcess.obj (.ebss)
                  0000b5fd    00000003     DisplayJob.obj (.ebss)
                  0000b600    000000c6     Soc_cali.obj (.ebss)
                  0000b6c6    00000034     PVControl.obj (.ebss)
                  0000b6fa    00000006     Soc_tables.obj (.ebss:_bDhgTempList)
                  0000b700    00000091     BatteryModule.obj (.ebss)
                  0000b791    0000002c     DeratingProcess.obj (.ebss)
                  0000b7bd    00000003     EepromProcess.obj (.ebss:_bEepromTaskEvent)
                  0000b7c0    00000086     INVControlNew.obj (.ebss)
                  0000b846    00000032     AdcProcess.obj (.ebss:_dwAdcBiasSum)
                  0000b878    00000008     ModBusProcess.obj (.ebss:_TxBuff$5)
                  0000b880    00000064     InvLoadOPJob.obj (.ebss)
                  0000b8e4    00000019     AdcProcess.obj (.ebss:_wAdcReal)
                  0000b8fd    00000003     EepromProcess.obj (.ebss:_bEepromTaskPrio)
                  0000b900    0000005c     LineModule.obj (.ebss)
                  0000b95c    00000024     AdcProcess.obj (.ebss:_wAdcRealSumCnt)
                  0000b980    00000050     PhaseLock.obj (.ebss)
                  0000b9d0    00000024     AdcProcess.obj (.ebss:_wAdcRealSumCntTemp)
                  0000b9f4    0000000c     PvMppt.obj (.ebss)
                  0000ba00    00000050     OS_SHELL.obj (.ebss:_OSTCBTbl)
                  0000ba50    00000022     DCDCControl.obj (.ebss)
                  0000ba72    0000000a     OS_SHELL.obj (.ebss)
                  0000ba7c    00000004     AdjProcess.obj (.ebss)
                  0000ba80    00000048     AdcProcess.obj (.ebss:_dwAdcRealSum)
                  0000bac8    00000032     AdcProcess.obj (.ebss:_dwAdcBiasSumTemp)
                  0000bafa    00000006     sci_driver.obj (.ebss:_pSciIndex)
                  0000bb00    00000048     AdcProcess.obj (.ebss:_dwAdcRealSumTemp)
                  0000bb48    00000019     AdcProcess.obj (.ebss:_wAdcResult1)
                  0000bb61    00000019     AdcProcess.obj (.ebss:_wAdcResult2)
                  0000bb7a    00000006     rly_driver.obj (.ebss)
                  0000bb80    00000046     InverterModule.obj (.ebss)
                  0000bbc6    00000019     AdcProcess.obj (.ebss:_wAdcSample)
                  0000bbdf    00000001     --HOLE--
                  0000bbe0    00000018     sci_driver.obj (.ebss:_QList)
                  0000bbf8    00000008     ModBusProcess.obj (.ebss:_TxBuff$7)
                  0000bc00    0000003c     OutputModule.obj (.ebss)
                  0000bc3c    00000004     ParallelJob.obj (.ebss)
                  0000bc40    0000003c     LineModule.obj (.ebss:_wRLineAveVoltArray)
                  0000bc7c    00000004     Soc_tables.obj (.ebss:_bChgCurrentList)
                  0000bc80    00000016     interrupt.obj (.ebss)
                  0000bc96    00000013     Soc_data.obj (.ebss)
                  0000bca9    00000012     GridJob.obj (.ebss)
                  0000bcbb    00000005     InterfaceJob.obj (.ebss)
                  0000bcc0    00000012     ModBusProcess.obj (.ebss)
                  0000bcd2    00000012     sci_driver.obj (.ebss:_SciList)
                  0000bce4    00000010     OS_CORE.obj (.ebss:_OSUnMapTbl)
                  0000bcf4    00000008     ModBusProcess.obj (.ebss:_TxBuff$8)
                  0000bcfc    00000004     Soc_tables.obj (.ebss:_bDhgCurrentList)
                  0000bd00    0000000f     SupervisorJob.obj (.ebss)
                  0000bd0f    0000000f     display_vp.obj (.ebss)
                  0000bd1e    00000008     Oscillograph.obj (.ebss:_wOscChSrc)
                  0000bd26    00000007     Soc.obj (.ebss)
                  0000bd2d    00000001     --HOLE--
                  0000bd2e    00000006     rts2800_fpu32.lib : exit.c.obj (.ebss)
                  0000bd34    00000005     Soc_tables.obj (.ebss:_bChgTempList)
                  0000bd39    00000001     --HOLE--
                  0000bd3a    00000004     sci_driver.obj (.ebss)
                  0000bd3e    00000002     rts2800_fpu32.lib : _lock.c.obj (.ebss:__lock)
                  0000bd40    00000003     sci_driver.obj (.ebss:_bSciRxErrCnt)
                  0000bd43    00000003     sci_driver.obj (.ebss:_bSciTxBusyCnt)
                  0000bd46    00000003     LineModule.obj (.ebss:_g_uwRLineRms3time)
                  0000bd49    00000003     INVControl.obj (.ebss:_g_wInvCurrCntlPre)
                  0000bd4c    00000002     rts2800_fpu32.lib : _lock.c.obj (.ebss:__unlock)

.TI.ramfunc 
*          0    0008c858    0000146e     RUN ADDR = 0000bd50
                  0008c858    00000535     AdcProcess.obj (.TI.ramfunc)
                  0008cd8d    0000038c     INVControlNew.obj (.TI.ramfunc)
                  0008d119    0000037b     interrupt.obj (.TI.ramfunc:retain)
                  0008d494    00000315     INVControl.obj (.TI.ramfunc)
                  0008d7a9    00000190     DCDCControl.obj (.TI.ramfunc)
                  0008d939    00000168     PVControl.obj (.TI.ramfunc)
                  0008daa1    0000012b     PhaseLock.obj (.TI.ramfunc)
                  0008dbcc    00000063     rly_driver.obj (.TI.ramfunc)
                  0008dc2f    0000004e     LineModule.obj (.TI.ramfunc)
                  0008dc7d    00000022     OS_TIMER.obj (.TI.ramfunc)
                  0008dc9f    0000001f     Initial.obj (.TI.ramfunc)
                  0008dcbe    00000004     f28p55x_usdelay.obj (.TI.ramfunc)
                  0008dcc2    00000004     sysctl.obj (.TI.ramfunc)

CpuTimer0RegsFile 
*          1    00000c00    00000008     UNINITIALIZED
                  00000c00    00000008     f28p55x_globalvariabledefs.obj (CpuTimer0RegsFile)

CpuTimer1RegsFile 
*          1    00000c08    00000008     UNINITIALIZED
                  00000c08    00000008     f28p55x_globalvariabledefs.obj (CpuTimer1RegsFile)

CpuTimer2RegsFile 
*          1    00000c10    00000008     UNINITIALIZED
                  00000c10    00000008     f28p55x_globalvariabledefs.obj (CpuTimer2RegsFile)

PieCtrlRegsFile 
*          1    00000ce0    0000001a     UNINITIALIZED
                  00000ce0    0000001a     f28p55x_globalvariabledefs.obj (PieCtrlRegsFile)

DmaRegsFile 
*          1    00001000    000000e0     UNINITIALIZED
                  00001000    000000e0     f28p55x_globalvariabledefs.obj (DmaRegsFile)

Cla1RegsFile 
*          1    00001400    00000048     UNINITIALIZED
                  00001400    00000048     f28p55x_globalvariabledefs.obj (Cla1RegsFile)

AdcaResultRegsFile 
*          1    00001800    00000058     UNINITIALIZED
                  00001800    00000058     f28p55x_globalvariabledefs.obj (AdcaResultRegsFile)

AdcbResultRegsFile 
*          1    00001880    00000058     UNINITIALIZED
                  00001880    00000058     f28p55x_globalvariabledefs.obj (AdcbResultRegsFile)

AdccResultRegsFile 
*          1    00001900    00000058     UNINITIALIZED
                  00001900    00000058     f28p55x_globalvariabledefs.obj (AdccResultRegsFile)

AdcdResultRegsFile 
*          1    00001980    00000058     UNINITIALIZED
                  00001980    00000058     f28p55x_globalvariabledefs.obj (AdcdResultRegsFile)

AdceResultRegsFile 
*          1    00001a00    00000058     UNINITIALIZED
                  00001a00    00000058     f28p55x_globalvariabledefs.obj (AdceResultRegsFile)

Clb1LogicCfgRegsFile 
*          1    00003000    00000052     UNINITIALIZED
                  00003000    00000052     f28p55x_globalvariabledefs.obj (Clb1LogicCfgRegsFile)

Clb1LogicCtrlRegsFile 
*          1    00003100    00000040     UNINITIALIZED
                  00003100    00000040     f28p55x_globalvariabledefs.obj (Clb1LogicCtrlRegsFile)

Clb1DataExchRegsFile 
*          1    00003180    00000048     UNINITIALIZED
                  00003180    00000048     f28p55x_globalvariabledefs.obj (Clb1DataExchRegsFile)

Clb2LogicCfgRegsFile 
*          1    00003400    00000052     UNINITIALIZED
                  00003400    00000052     f28p55x_globalvariabledefs.obj (Clb2LogicCfgRegsFile)

Clb2LogicCtrlRegsFile 
*          1    00003500    00000040     UNINITIALIZED
                  00003500    00000040     f28p55x_globalvariabledefs.obj (Clb2LogicCtrlRegsFile)

Clb2DataExchRegsFile 
*          1    00003580    00000048     UNINITIALIZED
                  00003580    00000048     f28p55x_globalvariabledefs.obj (Clb2DataExchRegsFile)

EPwm1RegsFile 
*          1    00004000    00000100     UNINITIALIZED
                  00004000    00000100     f28p55x_globalvariabledefs.obj (EPwm1RegsFile)

EPwm2RegsFile 
*          1    00004100    00000100     UNINITIALIZED
                  00004100    00000100     f28p55x_globalvariabledefs.obj (EPwm2RegsFile)

EPwm3RegsFile 
*          1    00004200    00000100     UNINITIALIZED
                  00004200    00000100     f28p55x_globalvariabledefs.obj (EPwm3RegsFile)

EPwm4RegsFile 
*          1    00004300    00000100     UNINITIALIZED
                  00004300    00000100     f28p55x_globalvariabledefs.obj (EPwm4RegsFile)

EPwm5RegsFile 
*          1    00004400    00000100     UNINITIALIZED
                  00004400    00000100     f28p55x_globalvariabledefs.obj (EPwm5RegsFile)

EPwm6RegsFile 
*          1    00004500    00000100     UNINITIALIZED
                  00004500    00000100     f28p55x_globalvariabledefs.obj (EPwm6RegsFile)

EPwm7RegsFile 
*          1    00004600    00000100     UNINITIALIZED
                  00004600    00000100     f28p55x_globalvariabledefs.obj (EPwm7RegsFile)

EPwm8RegsFile 
*          1    00004700    00000100     UNINITIALIZED
                  00004700    00000100     f28p55x_globalvariabledefs.obj (EPwm8RegsFile)

EPwm9RegsFile 
*          1    00004800    00000100     UNINITIALIZED
                  00004800    00000100     f28p55x_globalvariabledefs.obj (EPwm9RegsFile)

EPwm10RegsFile 
*          1    00004900    00000100     UNINITIALIZED
                  00004900    00000100     f28p55x_globalvariabledefs.obj (EPwm10RegsFile)

EPwm11RegsFile 
*          1    00004a00    00000100     UNINITIALIZED
                  00004a00    00000100     f28p55x_globalvariabledefs.obj (EPwm11RegsFile)

EPwm12RegsFile 
*          1    00004b00    00000100     UNINITIALIZED
                  00004b00    00000100     f28p55x_globalvariabledefs.obj (EPwm12RegsFile)

EQep1RegsFile 
*          1    00005100    00000038     UNINITIALIZED
                  00005100    00000038     f28p55x_globalvariabledefs.obj (EQep1RegsFile)

EQep2RegsFile 
*          1    00005140    00000038     UNINITIALIZED
                  00005140    00000038     f28p55x_globalvariabledefs.obj (EQep2RegsFile)

EQep3RegsFile 
*          1    00005180    00000038     UNINITIALIZED
                  00005180    00000038     f28p55x_globalvariabledefs.obj (EQep3RegsFile)

ECap1RegsFile 
*          1    00005200    00000020     UNINITIALIZED
                  00005200    00000020     f28p55x_globalvariabledefs.obj (ECap1RegsFile)

ECap2RegsFile 
*          1    00005240    00000020     UNINITIALIZED
                  00005240    00000020     f28p55x_globalvariabledefs.obj (ECap2RegsFile)

Cmpss1RegsFile 
*          1    00005500    0000003a     UNINITIALIZED
                  00005500    0000003a     f28p55x_globalvariabledefs.obj (Cmpss1RegsFile)

Cmpss2RegsFile 
*          1    00005540    0000003a     UNINITIALIZED
                  00005540    0000003a     f28p55x_globalvariabledefs.obj (Cmpss2RegsFile)

Cmpss3RegsFile 
*          1    00005580    0000003a     UNINITIALIZED
                  00005580    0000003a     f28p55x_globalvariabledefs.obj (Cmpss3RegsFile)

Cmpss4RegsFile 
*          1    000055c0    0000003a     UNINITIALIZED
                  000055c0    0000003a     f28p55x_globalvariabledefs.obj (Cmpss4RegsFile)

Pga1RegsFile 
*          1    00005b00    00000008     UNINITIALIZED
                  00005b00    00000008     f28p55x_globalvariabledefs.obj (Pga1RegsFile)

Pga2RegsFile 
*          1    00005b10    00000008     UNINITIALIZED
                  00005b10    00000008     f28p55x_globalvariabledefs.obj (Pga2RegsFile)

Pga3RegsFile 
*          1    00005b20    00000008     UNINITIALIZED
                  00005b20    00000008     f28p55x_globalvariabledefs.obj (Pga3RegsFile)

DacaRegsFile 
*          1    00005c00    00000007     UNINITIALIZED
                  00005c00    00000007     f28p55x_globalvariabledefs.obj (DacaRegsFile)

SpiaRegsFile 
*          1    00006100    00000010     UNINITIALIZED
                  00006100    00000010     f28p55x_globalvariabledefs.obj (SpiaRegsFile)

SpibRegsFile 
*          1    00006110    00000010     UNINITIALIZED
                  00006110    00000010     f28p55x_globalvariabledefs.obj (SpibRegsFile)

FsiTxaRegsFile 
*          1    00006600    00000050     UNINITIALIZED
                  00006600    00000050     f28p55x_globalvariabledefs.obj (FsiTxaRegsFile)

FsiRxaRegsFile 
*          1    00006680    00000050     UNINITIALIZED
                  00006680    00000050     f28p55x_globalvariabledefs.obj (FsiRxaRegsFile)

LinaRegsFile 
*          1    00006800    000000ec     UNINITIALIZED
                  00006800    000000ec     f28p55x_globalvariabledefs.obj (LinaRegsFile)

AdccRegsFile 
*          1    00006a00    0000014a     UNINITIALIZED
                  00006a00    0000014a     f28p55x_globalvariabledefs.obj (AdccRegsFile)

AdcdRegsFile 
*          1    00006c00    0000014a     UNINITIALIZED
                  00006c00    0000014a     f28p55x_globalvariabledefs.obj (AdcdRegsFile)

AdceRegsFile 
*          1    00006e00    0000014a     UNINITIALIZED
                  00006e00    0000014a     f28p55x_globalvariabledefs.obj (AdceRegsFile)

WdRegsFile 
*          1    00007000    0000002b     UNINITIALIZED
                  00007000    0000002b     f28p55x_globalvariabledefs.obj (WdRegsFile)

NmiIntruptRegsFile 
*          1    00007060    0000000c     UNINITIALIZED
                  00007060    0000000c     f28p55x_globalvariabledefs.obj (NmiIntruptRegsFile)

XintRegsFile 
*          1    00007070    0000000b     UNINITIALIZED
                  00007070    0000000b     f28p55x_globalvariabledefs.obj (XintRegsFile)

I2caRegsFile 
*          1    00007300    00000022     UNINITIALIZED
                  00007300    00000022     f28p55x_globalvariabledefs.obj (I2caRegsFile)

I2cbRegsFile 
*          1    00007340    00000022     UNINITIALIZED
                  00007340    00000022     f28p55x_globalvariabledefs.obj (I2cbRegsFile)

AdcaRegsFile 
*          1    00007400    0000014a     UNINITIALIZED
                  00007400    0000014a     f28p55x_globalvariabledefs.obj (AdcaRegsFile)

AdcbRegsFile 
*          1    00007600    0000014a     UNINITIALIZED
                  00007600    0000014a     f28p55x_globalvariabledefs.obj (AdcbRegsFile)

InputXbarRegsFile 
*          1    00007900    00000020     UNINITIALIZED
                  00007900    00000020     f28p55x_globalvariabledefs.obj (InputXbarRegsFile)

XbarRegsFile 
*          1    00007920    00000010     UNINITIALIZED
                  00007920    00000010     f28p55x_globalvariabledefs.obj (XbarRegsFile)

ClbInputXbarRegsFile 
*          1    00007960    00000020     UNINITIALIZED
                  00007960    00000020     f28p55x_globalvariabledefs.obj (ClbInputXbarRegsFile)

DmaClaSrcSelRegsFile 
*          1    00007980    0000001a     UNINITIALIZED
                  00007980    0000001a     f28p55x_globalvariabledefs.obj (DmaClaSrcSelRegsFile)

EPwmXbarRegsFile 
*          1    00007a00    00000040     UNINITIALIZED
                  00007a00    00000040     f28p55x_globalvariabledefs.obj (EPwmXbarRegsFile)

ClbXbarRegsFile 
*          1    00007a40    00000040     UNINITIALIZED
                  00007a40    00000040     f28p55x_globalvariabledefs.obj (ClbXbarRegsFile)

OutputXbarRegsFile 
*          1    00007a80    00000040     UNINITIALIZED
                  00007a80    00000040     f28p55x_globalvariabledefs.obj (OutputXbarRegsFile)

ClbOutputXbarRegsFile 
*          1    00007bc0    00000040     UNINITIALIZED
                  00007bc0    00000040     f28p55x_globalvariabledefs.obj (ClbOutputXbarRegsFile)

GpioCtrlRegsFile 
*          1    00007c00    00000200     UNINITIALIZED
                  00007c00    00000200     f28p55x_globalvariabledefs.obj (GpioCtrlRegsFile)

GpioDataRegsFile 
*          1    00007f00    00000040     UNINITIALIZED
                  00007f00    00000040     f28p55x_globalvariabledefs.obj (GpioDataRegsFile)

GpioDataReadRegsFile 
*          1    00007f80    00000010     UNINITIALIZED
                  00007f80    00000010     f28p55x_globalvariabledefs.obj (GpioDataReadRegsFile)

LfuRegsFile 
*          1    00007fe0    00000020     UNINITIALIZED
                  00007fe0    00000020     f28p55x_globalvariabledefs.obj (LfuRegsFile)

AesaRegsFile 
*          1    00042000    0000004c     UNINITIALIZED
                  00042000    0000004c     f28p55x_globalvariabledefs.obj (AesaRegsFile)

AesaSsRegsFile 
*          1    00042c00    00000006     UNINITIALIZED
                  00042c00    00000006     f28p55x_globalvariabledefs.obj (AesaSsRegsFile)

McanaSsRegsFile 
*          1    00059400    0000002c     UNINITIALIZED
                  00059400    0000002c     f28p55x_globalvariabledefs.obj (McanaSsRegsFile)

McanaRegsFile 
*          1    00059600    000000fc     UNINITIALIZED
                  00059600    000000fc     f28p55x_globalvariabledefs.obj (McanaRegsFile)

McanaErrorRegsFile 
*          1    00059800    00000210     UNINITIALIZED
                  00059800    00000210     f28p55x_globalvariabledefs.obj (McanaErrorRegsFile)

McanbSsRegsFile 
*          1    0005b400    0000002c     UNINITIALIZED
                  0005b400    0000002c     f28p55x_globalvariabledefs.obj (McanbSsRegsFile)

McanbRegsFile 
*          1    0005b600    000000fc     UNINITIALIZED
                  0005b600    000000fc     f28p55x_globalvariabledefs.obj (McanbRegsFile)

McanbErrorRegsFile 
*          1    0005b800    00000210     UNINITIALIZED
                  0005b800    00000210     f28p55x_globalvariabledefs.obj (McanbErrorRegsFile)

DevCfgRegsFile 
*          1    0005d000    000001fa     UNINITIALIZED
                  0005d000    000001fa     f28p55x_globalvariabledefs.obj (DevCfgRegsFile)

ClkCfgRegsFile 
*          1    0005d200    0000003e     UNINITIALIZED
                  0005d200    0000003e     f28p55x_globalvariabledefs.obj (ClkCfgRegsFile)

CpuSysRegsFile 
*          1    0005d300    000000b0     UNINITIALIZED
                  0005d300    000000b0     f28p55x_globalvariabledefs.obj (CpuSysRegsFile)

PeriphAcRegsFile 
*          1    0005d500    00000200     UNINITIALIZED
                  0005d500    00000200     f28p55x_globalvariabledefs.obj (PeriphAcRegsFile)

AnalogSubsysRegsFile 
*          1    0005d700    0000013a     UNINITIALIZED
                  0005d700    0000013a     f28p55x_globalvariabledefs.obj (AnalogSubsysRegsFile)

Dcc0RegsFile 
*          1    0005e700    0000002c     UNINITIALIZED
                  0005e700    0000002c     f28p55x_globalvariabledefs.obj (Dcc0RegsFile)

Dcc1RegsFile 
*          1    0005e740    0000002c     UNINITIALIZED
                  0005e740    0000002c     f28p55x_globalvariabledefs.obj (Dcc1RegsFile)

EradGlobalRegsFile 
*          1    0005e800    00000014     UNINITIALIZED
                  0005e800    00000014     f28p55x_globalvariabledefs.obj (EradGlobalRegsFile)

EradHWBP1RegsFile 
*          1    0005e900    00000008     UNINITIALIZED
                  0005e900    00000008     f28p55x_globalvariabledefs.obj (EradHWBP1RegsFile)

EradHWBP2RegsFile 
*          1    0005e908    00000008     UNINITIALIZED
                  0005e908    00000008     f28p55x_globalvariabledefs.obj (EradHWBP2RegsFile)

EradHWBP3RegsFile 
*          1    0005e910    00000008     UNINITIALIZED
                  0005e910    00000008     f28p55x_globalvariabledefs.obj (EradHWBP3RegsFile)

EradHWBP4RegsFile 
*          1    0005e918    00000008     UNINITIALIZED
                  0005e918    00000008     f28p55x_globalvariabledefs.obj (EradHWBP4RegsFile)

EradHWBP5RegsFile 
*          1    0005e920    00000008     UNINITIALIZED
                  0005e920    00000008     f28p55x_globalvariabledefs.obj (EradHWBP5RegsFile)

EradHWBP6RegsFile 
*          1    0005e928    00000008     UNINITIALIZED
                  0005e928    00000008     f28p55x_globalvariabledefs.obj (EradHWBP6RegsFile)

EradHWBP7RegsFile 
*          1    0005e930    00000008     UNINITIALIZED
                  0005e930    00000008     f28p55x_globalvariabledefs.obj (EradHWBP7RegsFile)

EradHWBP8RegsFile 
*          1    0005e938    00000008     UNINITIALIZED
                  0005e938    00000008     f28p55x_globalvariabledefs.obj (EradHWBP8RegsFile)

EradCounter1RegsFile 
*          1    0005e980    0000000c     UNINITIALIZED
                  0005e980    0000000c     f28p55x_globalvariabledefs.obj (EradCounter1RegsFile)

EradCounter2RegsFile 
*          1    0005e990    0000000c     UNINITIALIZED
                  0005e990    0000000c     f28p55x_globalvariabledefs.obj (EradCounter2RegsFile)

EradCounter3RegsFile 
*          1    0005e9a0    0000000c     UNINITIALIZED
                  0005e9a0    0000000c     f28p55x_globalvariabledefs.obj (EradCounter3RegsFile)

EradCounter4RegsFile 
*          1    0005e9b0    0000000c     UNINITIALIZED
                  0005e9b0    0000000c     f28p55x_globalvariabledefs.obj (EradCounter4RegsFile)

EradCRCGlobalRegsFile 
*          1    0005ea00    00000001     UNINITIALIZED
                  0005ea00    00000001     f28p55x_globalvariabledefs.obj (EradCRCGlobalRegsFile)

EradCRC1RegsFile 
*          1    0005ea10    00000006     UNINITIALIZED
                  0005ea10    00000006     f28p55x_globalvariabledefs.obj (EradCRC1RegsFile)

EradCRC2RegsFile 
*          1    0005ea20    00000006     UNINITIALIZED
                  0005ea20    00000006     f28p55x_globalvariabledefs.obj (EradCRC2RegsFile)

EradCRC3RegsFile 
*          1    0005ea30    00000006     UNINITIALIZED
                  0005ea30    00000006     f28p55x_globalvariabledefs.obj (EradCRC3RegsFile)

EradCRC4RegsFile 
*          1    0005ea40    00000006     UNINITIALIZED
                  0005ea40    00000006     f28p55x_globalvariabledefs.obj (EradCRC4RegsFile)

EradCRC5RegsFile 
*          1    0005ea50    00000006     UNINITIALIZED
                  0005ea50    00000006     f28p55x_globalvariabledefs.obj (EradCRC5RegsFile)

EradCRC6RegsFile 
*          1    0005ea60    00000006     UNINITIALIZED
                  0005ea60    00000006     f28p55x_globalvariabledefs.obj (EradCRC6RegsFile)

EradCRC7RegsFile 
*          1    0005ea70    00000006     UNINITIALIZED
                  0005ea70    00000006     f28p55x_globalvariabledefs.obj (EradCRC7RegsFile)

EradCRC8RegsFile 
*          1    0005ea80    00000006     UNINITIALIZED
                  0005ea80    00000006     f28p55x_globalvariabledefs.obj (EradCRC8RegsFile)

EradPCTraceRegsFile 
*          1    0005ead0    0000000a     UNINITIALIZED
                  0005ead0    0000000a     f28p55x_globalvariabledefs.obj (EradPCTraceRegsFile)

Epg1RegsFile 
*          1    0005ec00    00000052     UNINITIALIZED
                  0005ec00    00000052     f28p55x_globalvariabledefs.obj (Epg1RegsFile)

Epg1MuxRegsFile 
*          1    0005ecd0    00000010     UNINITIALIZED
                  0005ecd0    00000010     f28p55x_globalvariabledefs.obj (Epg1MuxRegsFile)

DcsmZ1RegsFile 
*          1    0005f000    00000040     UNINITIALIZED
                  0005f000    00000040     f28p55x_globalvariabledefs.obj (DcsmZ1RegsFile)

DcsmZ2RegsFile 
*          1    0005f080    0000002c     UNINITIALIZED
                  0005f080    0000002c     f28p55x_globalvariabledefs.obj (DcsmZ2RegsFile)

DcsmCommonRegsFile 
*          1    0005f0c0    00000030     UNINITIALIZED
                  0005f0c0    00000030     f28p55x_globalvariabledefs.obj (DcsmCommonRegsFile)

MemCfgRegsFile 
*          1    0005f400    000000a6     UNINITIALIZED
                  0005f400    000000a6     f28p55x_globalvariabledefs.obj (MemCfgRegsFile)

AccessProtectionRegsFile 
*          1    0005f500    0000003e     UNINITIALIZED
                  0005f500    0000003e     f28p55x_globalvariabledefs.obj (AccessProtectionRegsFile)

MemoryErrorRegsFile 
*          1    0005f540    0000003a     UNINITIALIZED
                  0005f540    0000003a     f28p55x_globalvariabledefs.obj (MemoryErrorRegsFile)

Flash0CtrlRegsFile 
*          1    0005f800    00000182     UNINITIALIZED
                  0005f800    00000182     f28p55x_globalvariabledefs.obj (Flash0CtrlRegsFile)

Flash0EccRegsFile 
*          1    0005fb00    00000022     UNINITIALIZED
                  0005fb00    00000022     f28p55x_globalvariabledefs.obj (Flash0EccRegsFile)

EradPCTraceBufferRegsFile 
*          1    0005fe00    00000800     UNINITIALIZED
                  0005fe00    00000800     f28p55x_globalvariabledefs.obj (EradPCTraceBufferRegsFile)

DcsmZ1OtpRegsFile 
*          1    00078000    00000020     UNINITIALIZED
                  00078000    00000020     f28p55x_globalvariabledefs.obj (DcsmZ1OtpRegsFile)

DcsmZ2OtpRegsFile 
*          1    00078200    00000014     UNINITIALIZED
                  00078200    00000014     f28p55x_globalvariabledefs.obj (DcsmZ2OtpRegsFile)

PmbusaRegsFile 
*          1    00006400    0000001e     UNINITIALIZED
                  00006400    0000001e     f28p55x_globalvariabledefs.obj (PmbusaRegsFile)

SciaRegsFile 
*          1    00007200    00000010     UNINITIALIZED
                  00007200    00000010     f28p55x_globalvariabledefs.obj (SciaRegsFile)

ScibRegsFile 
*          1    00007210    00000010     UNINITIALIZED
                  00007210    00000010     f28p55x_globalvariabledefs.obj (ScibRegsFile)

ScicRegsFile 
*          1    00007220    00000010     UNINITIALIZED
                  00007220    00000010     f28p55x_globalvariabledefs.obj (ScicRegsFile)

SyncSocRegsFile 
*          1    00007940    00000006     UNINITIALIZED
                  00007940    00000006     f28p55x_globalvariabledefs.obj (SyncSocRegsFile)

SysStatusRegsFile 
*          1    0005d400    00000018     UNINITIALIZED
                  0005d400    00000018     f28p55x_globalvariabledefs.obj (SysStatusRegsFile)

TestErrorRegsFile 
*          1    0005f590    00000006     UNINITIALIZED
                  0005f590    00000006     f28p55x_globalvariabledefs.obj (TestErrorRegsFile)

UidRegsFile 
*          1    00072168    00000010     UNINITIALIZED
                  00072168    00000010     f28p55x_globalvariabledefs.obj (UidRegsFile)

.text      0    00080008    0000c84b     
                  00080008    00003006     EepromProcess.obj (.text)
                  0008300e    00001226     ModBusProcess.obj (.text)
                  00084234    00000fb4     Initial.obj (.text)
                  000851e8    00000b27     InvLoadOPJob.obj (.text)
                  00085d0f    0000084c     SupervisorJob.obj (.text)
                  0008655b    000007a4     BatteryModule.obj (.text)
                  00086cff    0000077c     InverterProcess.obj (.text)
                  0008747b    000006ba     AdcProcess.obj (.text)
                  00087b35    00000001     rts2800_fpu32.lib : startup.c.obj (.text)
                  00087b36    000005e8     Library.obj (.text)
                  0008811e    0000054f     DeratingProcess.obj (.text)
                  0008866d    00000549     f28p55x_defaultisr.obj (.text:retain)
                  00088bb6    0000045d     LineModule.obj (.text)
                  00089013    000003ef     InverterModule.obj (.text)
                  00089402    000003b1     SoxProcess.obj (.text)
                  000897b3    00000380     OutputModule.obj (.text)
                  00089b33    00000376     sincos.obj (.text)
                  00089ea9    00000001     --HOLE-- [fill = 0]
                  00089eaa    00000327     Oscillograph.obj (.text)
                  0008a1d1    0000031b     display_vp.obj (.text)
                  0008a4ec    00000311     eeprom_driver.obj (.text)
                  0008a7fd    00000306     AdjProcess.obj (.text)
                  0008ab03    000002c0     Soc_cali.obj (.text)
                  0008adc3    0000028d     sci_driver.obj (.text)
                  0008b050    000001db     INVControlNew.obj (.text)
                  0008b22b    000001c9     interrupt.obj (.text:retain)
                  0008b3f4    0000019b     Soc_data.obj (.text)
                  0008b58f    0000018f     INVControl.obj (.text)
                  0008b71e    00000161     display_driver.obj (.text)
                  0008b87f    00000141     GridJob.obj (.text)
                  0008b9c0    00000106     FanProcess.obj (.text)
                  0008bac6    000000ec     FaultAlarm.obj (.text)
                  0008bbb2    000000e5     DCDCControl.obj (.text)
                  0008bc97    000000d4     PVControl.obj (.text)
                  0008bd6b    000000d2     xbar.obj (.text)
                  0008be3d    000000ce     InterfaceJob.obj (.text)
                  0008bf0b    000000c8     SciRoute.obj (.text)
                  0008bfd3    000000c3     PvMppt.obj (.text)
                  0008c096    000000bf     BusBatProtJob.obj (.text)
                  0008c155    000000b8     cmpss.obj (.text)
                  0008c20d    000000a9     Main.obj (.text)
                  0008c2b6    00000088     rts2800_fpu32.lib : fs_div28.asm.obj (.text)
                  0008c33e    0000007b     Soc.obj (.text)
                  0008c3b9    00000001     --HOLE-- [fill = 0]
                  0008c3ba    00000074     OS_CORE.obj (.text)
                  0008c42e    00000074     OS_SHELL.obj (.text)
                  0008c4a2    00000071     rly_driver.obj (.text)
                  0008c513    00000060     DisplayJob.obj (.text)
                  0008c573    00000056     rts2800_fpu32.lib : boot28.asm.obj (.text)
                  0008c5c9    00000052     OS_EVENT.obj (.text)
                  0008c61b    00000037     SciPassthrough.obj (.text)
                  0008c652    00000036     OS_CPU_A.obj (.text)
                  0008c688    0000002f     IdleJob.obj (.text)
                  0008c6b7    0000002a     rts2800_fpu32.lib : l_div28.asm.obj (.text)
                  0008c6e1    00000029     OS_CPU.obj (.text)
                  0008c70a    00000029     rts2800_fpu32.lib : exit.c.obj (.text)
                  0008c733    00000024                       : cpy_tbl.c.obj (.text)
                  0008c757    00000022                       : i_div28.asm.obj (.text)
                  0008c779    00000021     interrupt.obj (.text)
                  0008c79a    00000020     interrupt.obj (.text:retain)
                  0008c7ba    0000001e     rts2800_fpu32.lib : ll_cmp28.asm.obj (.text)
                  0008c7d8    0000001d     PhaseLock.obj (.text)
                  0008c7f5    0000001d     rts2800_fpu32.lib : memcpy.c.obj (.text)
                  0008c812    00000012                       : args_main.c.obj (.text)
                  0008c824    0000000b                       : u_div28.asm.obj (.text)
                  0008c82f    0000000a     ParallelJob.obj (.text)
                  0008c839    00000009     rts2800_fpu32.lib : _lock.c.obj (.text)
                  0008c842    00000008     f28p55x_codestartbranch.obj (.text)
                  0008c84a    00000007     rts2800_fpu32.lib : memset.c.obj (.text)
                  0008c851    00000002                       : pre_init.c.obj (.text)

.econst    0    0008e928    000009f8     
                  0008e928    000002e8     Soc_tables.obj (.econst:_cwDhgOCVMap)
                  0008ec10    000001c0     Initial.obj (.econst:_PieVectTableInit)
                  0008edd0    000001b6     EepromProcess.obj (.econst:_strEepromDefaultTable2)
                  0008ef86    000001a4     Soc_tables.obj (.econst:_cwChgOCVMap)
                  0008f12a    000000a9     display_vp.obj (.econst:.string:_Figure13SEG_TAB)
                  0008f1d3    0000008d     AdcProcess.obj (.econst:_wNTCHsTempSampleTab)
                  0008f260    00000060     EepromProcess.obj (.econst:_strEepromDefaultTable1)
                  0008f2c0    00000025     display_vp.obj (.econst:_Seg13CodeTab)
                  0008f2e5    00000020     EepromProcess.obj (.econst:_strEepromDefaultTable3)
                  0008f305    0000000a     display_vp.obj (.econst:.string:_SOC_TAB)
                  0008f30f    00000004     Soc_cali.obj (.econst:.string:_$P$T0$3)
                  0008f313    00000004     Soc_cali.obj (.econst:.string:_$P$T1$4)
                  0008f317    00000001     --HOLE-- [fill = 0]
                  0008f318    00000004     Soc_cali.obj (.econst:_$P$T2$5)
                  0008f31c    00000004     Soc_cali.obj (.econst:_$P$T3$6)

MODULE SUMMARY

       Module                           code    initialized data   uninitialized data
       ------                           ----    ----------------   ------------------
    .\APP\
       f28p55x_globalvariabledefs.obj   0       0                  14756             
       EepromProcess.obj                12294   594                1276              
       Oscillograph.obj                 807     251                4368              
       ModBusProcess.obj                4646    490                42                
       AdcProcess.obj                   4388    145                489               
       Initial.obj                      4082    453                10                
       INVControlNew.obj                2291    393                134               
       INVControl.obj                   1977    103                617               
       InverterProcess.obj              1916    16                 752               
       interrupt.obj                    2272    84                 22                
       DeratingProcess.obj              1359    88                 44                
       DCDCControl.obj                  1029    136                34                
       PVControl.obj                    932     163                52                
       display_vp.obj                   795     276                15                
       SoxProcess.obj                   945     66                 53                
       PhaseLock.obj                    627     109                80                
       AdjProcess.obj                   774     0                  4                 
       display_driver.obj               353     0                  256               
       FaultAlarm.obj                   236     180                60                
       FanProcess.obj                   262     64                 16                
       PvMppt.obj                       195     13                 12                
       SciRoute.obj                     200     4                  1                 
       Main.obj                         169     0                  0                 
       SciPassthrough.obj               55      0                  0                 
       f28p55x_codestartbranch.obj      10      0                  0                 
       f28p55x_usdelay.obj              8       0                  0                 
    +--+--------------------------------+-------+------------------+--------------------+
       Total:                           42622   3628               23093             
                                                                                     
    .\CPU\
       f28p55x_defaultisr.obj           1353    0                  0                 
    +--+--------------------------------+-------+------------------+--------------------+
       Total:                           1353    0                  0                 
                                                                                     
    .\CPU\DriveLib\
       xbar.obj                         210     0                  0                 
       cmpss.obj                        184     0                  0                 
       interrupt.obj                    32      0                  0                 
       sysctl.obj                       8       0                  0                 
    +--+--------------------------------+-------+------------------+--------------------+
       Total:                           434     0                  0                 
                                                                                     
    .\DRIVER\Eeprom\
       eeprom_driver.obj                785     0                  0                 
    +--+--------------------------------+-------+------------------+--------------------+
       Total:                           785     0                  0                 
                                                                                     
    .\DRIVER\RlyDriver\
       rly_driver.obj                   311     24                 6                 
    +--+--------------------------------+-------+------------------+--------------------+
       Total:                           311     24                 6                 
                                                                                     
    .\DRIVER\Sci\
       sci_driver.obj                   653     13                 2315              
    +--+--------------------------------+-------+------------------+--------------------+
       Total:                           653     13                 2315              
                                                                                     
    .\DRIVER\Soc\
       Soc_tables.obj                   0       1195               19                
       Soc_cali.obj                     704     24                 198               
       Soc_data.obj                     411     12                 19                
       Soc.obj                          123     16                 7                 
    +--+--------------------------------+-------+------------------+--------------------+
       Total:                           1238    1247               243               
                                                                                     
    .\KERNEL\SOURCE\
       OS_CORE.obj                      116     19                 4016              
       OS_SHELL.obj                     116     0                  90                
       OS_EVENT.obj                     82      0                  0                 
       OS_TIMER.obj                     68      0                  0                 
    +--+--------------------------------+-------+------------------+--------------------+
       Total:                           382     19                 4106              
                                                                                     
    .\KERNEL\ports\
       OS_CPU_A.obj                     54      0                  0                 
       OS_CPU.obj                       41      0                  0                 
    +--+--------------------------------+-------+------------------+--------------------+
       Total:                           95      0                  0                 
                                                                                     
    .\MODULE\
       sincos.obj                       0       886                0                 
    +--+--------------------------------+-------+------------------+--------------------+
       Total:                           0       886                0                 
                                                                                     
    .\MODULE\BatteryModule\
       BatteryModule.obj                1956    232                145               
    +--+--------------------------------+-------+------------------+--------------------+
       Total:                           1956    232                145               
                                                                                     
    .\MODULE\InverterModule\
       InverterModule.obj               1007    92                 70                
    +--+--------------------------------+-------+------------------+--------------------+
       Total:                           1007    92                 70                
                                                                                     
    .\MODULE\Library\
       Library.obj                      1512    0                  0                 
    +--+--------------------------------+-------+------------------+--------------------+
       Total:                           1512    0                  0                 
                                                                                     
    .\MODULE\LineModule\
       LineModule.obj                   1273    239                155               
    +--+--------------------------------+-------+------------------+--------------------+
       Total:                           1273    239                155               
                                                                                     
    .\MODULE\OutputModule\
       OutputModule.obj                 896     152                60                
    +--+--------------------------------+-------+------------------+--------------------+
       Total:                           896     152                60                
                                                                                     
    .\TASK\
       InvLoadOPJob.obj                 2855    358                100               
       SupervisorJob.obj                2124    44                 15                
       GridJob.obj                      321     60                 18                
       InterfaceJob.obj                 206     16                 5                 
       BusBatProtJob.obj                191     4                  2                 
       DisplayJob.obj                   96      8                  3                 
       IdleJob.obj                      47      4                  1                 
       ParallelJob.obj                  10      5                  4                 
    +--+--------------------------------+-------+------------------+--------------------+
       Total:                           5850    499                148               
                                                                                     
    C:\ti\ccs1281\ccs\tools\compiler\ti-cgt-c2000_22.6.1.LTS\lib\rts2800_fpu32.lib
       fs_div28.asm.obj                 136     0                  0                 
       boot28.asm.obj                   86      0                  0                 
       exit.c.obj                       41      14                 6                 
       l_div28.asm.obj                  42      0                  0                 
       cpy_tbl.c.obj                    36      0                  0                 
       i_div28.asm.obj                  34      0                  0                 
       ll_cmp28.asm.obj                 30      0                  0                 
       memcpy.c.obj                     29      0                  0                 
       _lock.c.obj                      9       10                 4                 
       args_main.c.obj                  18      0                  0                 
       u_div28.asm.obj                  11      0                  0                 
       memset.c.obj                     7       0                  0                 
       pre_init.c.obj                   2       0                  0                 
       startup.c.obj                    1       0                  0                 
    +--+--------------------------------+-------+------------------+--------------------+
       Total:                           482     24                 10                
                                                                                     
       Stack:                           0       0                  512               
    +--+--------------------------------+-------+------------------+--------------------+
       Grand Total:                     60849   7055               30863             


GLOBAL DATA SYMBOLS: SORTED BY DATA PAGE

address     data page           name
--------    ----------------    ----
00000400      10 (00000400)     __stack

00000c00      30 (00000c00)     _CpuTimer0Regs
00000c08      30 (00000c00)     _CpuTimer1Regs
00000c10      30 (00000c00)     _CpuTimer2Regs

00000ce0      33 (00000cc0)     _PieCtrlRegs

00000d00      34 (00000d00)     _PieVectTable

00001000      40 (00001000)     _DmaRegs

00001400      50 (00001400)     _Cla1Regs

00001800      60 (00001800)     _AdcaResultRegs

00001880      62 (00001880)     _AdcbResultRegs

00001900      64 (00001900)     _AdccResultRegs

00001980      66 (00001980)     _AdcdResultRegs

00001a00      68 (00001a00)     _AdceResultRegs

00003000      c0 (00003000)     _Clb1LogicCfgRegs

00003100      c4 (00003100)     _Clb1LogicCtrlRegs

00003180      c6 (00003180)     _Clb1DataExchRegs

00003400      d0 (00003400)     _Clb2LogicCfgRegs

00003500      d4 (00003500)     _Clb2LogicCtrlRegs

00003580      d6 (00003580)     _Clb2DataExchRegs

00004000     100 (00004000)     _EPwm1Regs

00004100     104 (00004100)     _EPwm2Regs

00004200     108 (00004200)     _EPwm3Regs

00004300     10c (00004300)     _EPwm4Regs

00004400     110 (00004400)     _EPwm5Regs

00004500     114 (00004500)     _EPwm6Regs

00004600     118 (00004600)     _EPwm7Regs

00004700     11c (00004700)     _EPwm8Regs

00004800     120 (00004800)     _EPwm9Regs

00004900     124 (00004900)     _EPwm10Regs

00004a00     128 (00004a00)     _EPwm11Regs

00004b00     12c (00004b00)     _EPwm12Regs

00005100     144 (00005100)     _EQep1Regs

00005140     145 (00005140)     _EQep2Regs

00005180     146 (00005180)     _EQep3Regs

00005200     148 (00005200)     _ECap1Regs

00005240     149 (00005240)     _ECap2Regs

00005500     154 (00005500)     _Cmpss1Regs

00005540     155 (00005540)     _Cmpss2Regs

00005580     156 (00005580)     _Cmpss3Regs

000055c0     157 (000055c0)     _Cmpss4Regs

00005b00     16c (00005b00)     _Pga1Regs
00005b10     16c (00005b00)     _Pga2Regs
00005b20     16c (00005b00)     _Pga3Regs

00005c00     170 (00005c00)     _DacaRegs

00006100     184 (00006100)     _SpiaRegs
00006110     184 (00006100)     _SpibRegs

00006400     190 (00006400)     _PmbusaRegs

00006600     198 (00006600)     _FsiTxaRegs

00006680     19a (00006680)     _FsiRxaRegs

00006800     1a0 (00006800)     _LinaRegs

00006a00     1a8 (00006a00)     _AdccRegs

00006c00     1b0 (00006c00)     _AdcdRegs

00006e00     1b8 (00006e00)     _AdceRegs

00007000     1c0 (00007000)     _WdRegs

00007060     1c1 (00007040)     _NmiIntruptRegs
00007070     1c1 (00007040)     _XintRegs

00007200     1c8 (00007200)     _SciaRegs
00007210     1c8 (00007200)     _ScibRegs
00007220     1c8 (00007200)     _ScicRegs

00007300     1cc (00007300)     _I2caRegs

00007340     1cd (00007340)     _I2cbRegs

00007400     1d0 (00007400)     _AdcaRegs

00007600     1d8 (00007600)     _AdcbRegs

00007900     1e4 (00007900)     _InputXbarRegs
00007920     1e4 (00007900)     _XbarRegs

00007940     1e5 (00007940)     _SyncSocRegs
00007960     1e5 (00007940)     _ClbInputXbarRegs

00007980     1e6 (00007980)     _DmaClaSrcSelRegs

00007a00     1e8 (00007a00)     _EPwmXbarRegs

00007a40     1e9 (00007a40)     _ClbXbarRegs

00007a80     1ea (00007a80)     _OutputXbarRegs

00007bc0     1ef (00007bc0)     _ClbOutputXbarRegs

00007c00     1f0 (00007c00)     _GpioCtrlRegs

00007f00     1fc (00007f00)     _GpioDataRegs

00007f80     1fe (00007f80)     _GpioDataReadRegs

00007fe0     1ff (00007fc0)     _LfuRegs

00008000     200 (00008000)     _OSSystemStk

00009000     240 (00009000)     _wOscMode
00009001     240 (00009000)     _wOscSampRate
00009002     240 (00009000)     _wOscChMux
00009003     240 (00009000)     _wOscChNums
00009004     240 (00009000)     _wOscChLen
00009005     240 (00009000)     _wOscTrigLen
00009006     240 (00009000)     _wOscTrigSrc
00009007     240 (00009000)     _wOscTrigDir
00009008     240 (00009000)     _wOscTrigVal
00009009     240 (00009000)     _wOscSampCnt
0000900a     240 (00009000)     _wOscChCnt
0000900b     240 (00009000)     _wOscTrigEn
0000900c     240 (00009000)     _wOscTrigCnt
0000900d     240 (00009000)     _wOscHeadCnt
0000900e     240 (00009000)     _wOscUploadCnt
0000900f     240 (00009000)     _bOscTestEnTrig
00009010     240 (00009000)     _wOscTestData1
00009011     240 (00009000)     _wOscTestData2
00009012     240 (00009000)     _wOscTestData3
00009013     240 (00009000)     _wOscTestData4
00009014     240 (00009000)     _wOscTestData5
00009015     240 (00009000)     _wOscTestData6
00009016     240 (00009000)     _wOscTestData7
00009017     240 (00009000)     _wOscTestData8
00009018     240 (00009000)     _strOscCmd

00009040     241 (00009040)     _strOscData

0000a040     281 (0000a040)     _strSciDataList

0000a64f     299 (0000a640)     _sIdleCount
0000a650     299 (0000a640)     _wInvVoltAdj
0000a651     299 (0000a640)     _wInvVoltBias
0000a652     299 (0000a640)     _wInvCurrAdj
0000a653     299 (0000a640)     _wInvCurrBias
0000a654     299 (0000a640)     _wGridVoltAdj
0000a655     299 (0000a640)     _wGridVoltBias
0000a656     299 (0000a640)     _wOpVoltAdj
0000a657     299 (0000a640)     _wOpVoltBias
0000a658     299 (0000a640)     _wOpCurrAdj
0000a659     299 (0000a640)     _wOpCurrBias
0000a65a     299 (0000a640)     _wBatVolt2Adj
0000a65b     299 (0000a640)     _wBatVolt2Bias
0000a65c     299 (0000a640)     _wBusVoltAdj
0000a65d     299 (0000a640)     _wBusVoltBias
0000a65e     299 (0000a640)     _wBatVoltAdj
0000a65f     299 (0000a640)     _wBatVoltBias
0000a660     299 (0000a640)     _wAC12VoltAdj
0000a661     299 (0000a640)     _wAC12VoltBias
0000a662     299 (0000a640)     _wLV12VoltAdj
0000a663     299 (0000a640)     _wLV12VoltBias
0000a664     299 (0000a640)     _wLLCCurrAdj
0000a665     299 (0000a640)     _wLLCCurrBias
0000a666     299 (0000a640)     _wBatCurrAdj
0000a667     299 (0000a640)     _wBatCurrBias
0000a668     299 (0000a640)     _wB1VoltAdj
0000a669     299 (0000a640)     _wB1VoltBias
0000a66a     299 (0000a640)     _wB2VoltAdj
0000a66b     299 (0000a640)     _wB2VoltBias
0000a66c     299 (0000a640)     _wBVoltAdj
0000a66d     299 (0000a640)     _wBVoltBias
0000a66e     299 (0000a640)     _wPvVoltAdj
0000a66f     299 (0000a640)     _wPvVoltBias
0000a670     299 (0000a640)     _wPvLCurrAdj
0000a671     299 (0000a640)     _wPvLCurrBias
0000a672     299 (0000a640)     _wPvInCurrAdj
0000a673     299 (0000a640)     _wPvInCurrBias
0000a674     299 (0000a640)     _wPvInTzCurrAdj
0000a675     299 (0000a640)     _wPvInTzCurrBias
0000a676     299 (0000a640)     _wVerVoltAdj
0000a677     299 (0000a640)     _wVerVoltBias
0000a678     299 (0000a640)     _wAdcBiasStart
0000a679     299 (0000a640)     _wAdcBiasCntTemp
0000a67a     299 (0000a640)     _wAdcBiasCnt
0000a67b     299 (0000a640)     _s_wCnt
0000a67c     299 (0000a640)     _gi_wBusVolt8CAvg
0000a67e     299 (0000a640)     _s_dwBusSum

0000a680     29a (0000a680)     _fEepromStatus
0000a681     29a (0000a680)     _bEepromReadFlag
0000a682     29a (0000a680)     _bEepromSaveFlag
0000a683     29a (0000a680)     _wTestEepromLen1
0000a684     29a (0000a680)     _wTestEepromLen2
0000a685     29a (0000a680)     _wTestEepromLen3
0000a68a     29a (0000a680)     _uEepromCfg3

0000a6c0     29b (0000a6c0)     _uEepromCfg3Temp

0000a700     29c (0000a700)     _uEepromCfg1

0000a780     29e (0000a780)     _uEepromCfg1Temp

0000a800     2a0 (0000a800)     _uEepromCfg2

0000a9c0     2a7 (0000a9c0)     _uEepromCfg2Temp

0000ab76     2ad (0000ab40)     _udwTapRegsValue
0000ab78     2ad (0000ab40)     _CpuTimer0

0000ab80     2ae (0000ab80)     _fPowerFlowMsg
0000ab81     2ae (0000ab80)     _strBMSWIFIBatMeterStatus
0000ab82     2ae (0000ab80)     _g_uwModelVar
0000ab83     2ae (0000ab80)     _bModelRsvd00
0000ab84     2ae (0000ab80)     _bModelRsvd01
0000ab85     2ae (0000ab80)     _bModelRsvd02
0000ab86     2ae (0000ab80)     _bModelRsvd03
0000ab87     2ae (0000ab80)     _bModelRsvd04
0000ab88     2ae (0000ab80)     _bModelRsvd05
0000ab89     2ae (0000ab80)     _bModelRsvd06
0000ab8a     2ae (0000ab80)     _bModelRsvd07
0000ab8b     2ae (0000ab80)     _bModelRsvd08
0000ab8c     2ae (0000ab80)     _bModelRsvd09
0000ab8d     2ae (0000ab80)     _bModelRsvd10
0000ab8e     2ae (0000ab80)     _g_uwBootBV
0000ab8f     2ae (0000ab80)     _g_uwBootHV
0000ab90     2ae (0000ab80)     _wWattSumErr
0000ab91     2ae (0000ab80)     _uwPowerConversion
0000ab92     2ae (0000ab80)     _strInvPowerConversionData
0000ab98     2ae (0000ab80)     _strInverterSwapMcuData

0000abc0     2af (0000abc0)     _strWifiIotData

0000ac00     2b0 (0000ac00)     _strInvParameterData

0000ac40     2b1 (0000ac40)     _strInverterInformationData

0000acc0     2b3 (0000acc0)     _strInverterRealtimeData

0000ae70     2b9 (0000ae40)     _uwFanWorkMode
0000ae71     2b9 (0000ae40)     _wFanDuty
0000ae72     2b9 (0000ae40)     _wFanDutyPct
0000ae73     2b9 (0000ae40)     _wFanStatus
0000ae74     2b9 (0000ae40)     _wFanSpeedOnCount
0000ae75     2b9 (0000ae40)     _wFanSpeedOffCount
0000ae76     2b9 (0000ae40)     _uwFanSpeedCount1Delay
0000ae77     2b9 (0000ae40)     _uwFanSpeedCount2Delay
0000ae78     2b9 (0000ae40)     _wFanPerRealTime
0000ae79     2b9 (0000ae40)     _wFanSelfCheckCnt
0000ae7a     2b9 (0000ae40)     _wFanSpeedChk
0000ae7b     2b9 (0000ae40)     _wFanStartCount
0000ae7c     2b9 (0000ae40)     _wACoutFanPer
0000ae7d     2b9 (0000ae40)     _wInvTempFanPer
0000ae7e     2b9 (0000ae40)     _wPvBatCurrFanPer
0000ae7f     2b9 (0000ae40)     _wAcBatChgCurrFanPer

0000ae80     2ba (0000ae80)     _g_uwFBInvCtrlSts
0000ae81     2ba (0000ae80)     _gi_wInvPWMEn
0000ae82     2ba (0000ae80)     _g_wKpwm
0000ae83     2ba (0000ae80)     _g_wVref
0000ae84     2ba (0000ae80)     _g_wLoopOutput
0000ae85     2ba (0000ae80)     _g_wInvPWM
0000ae86     2ba (0000ae80)     _g_wR_PWMDirectionPre
0000ae87     2ba (0000ae80)     _g_wKv
0000ae88     2ba (0000ae80)     _g_wKi
0000ae89     2ba (0000ae80)     _g_wInvVoltCurrLimit
0000ae8a     2ba (0000ae80)     _g_wRInvVoltCntl
0000ae8b     2ba (0000ae80)     _g_wRInvCurrCntl
0000ae8c     2ba (0000ae80)     _g_wRLoadCurrCntl
0000ae8d     2ba (0000ae80)     _g_wSinValueR
0000ae8e     2ba (0000ae80)     _wShareCtrlEn
0000ae8f     2ba (0000ae80)     _gi_wROPShareCurrCntl
0000ae90     2ba (0000ae80)     _g_wRSinPointer
0000ae91     2ba (0000ae80)     _g_wRSinPointerTemp
0000ae92     2ba (0000ae80)     _g_wRSinPointerwThetaTemp
0000ae93     2ba (0000ae80)     _gi_wSinePointOneSix
0000ae94     2ba (0000ae80)     _gi_wSinePointOneFour
0000ae95     2ba (0000ae80)     _gi_wSinePointTwoSix
0000ae96     2ba (0000ae80)     _gi_wSinePointThreeSix
0000ae97     2ba (0000ae80)     _gi_wSinePointFourSix
0000ae98     2ba (0000ae80)     _gi_wSinePointFiveSix
0000ae99     2ba (0000ae80)     _gi_wSinePointMax
0000ae9a     2ba (0000ae80)     _gi_wSinePointMaxTwo
0000ae9b     2ba (0000ae80)     _wTestInvPwmCntSet
0000ae9c     2ba (0000ae80)     _wTestInvPwmCnt
0000ae9d     2ba (0000ae80)     _g_wRSinAmpTest
0000ae9e     2ba (0000ae80)     _g_wKpwmTest
0000aea0     2ba (0000ae80)     _pSinTab
0000aea2     2ba (0000ae80)     _pCosTab
0000aea4     2ba (0000ae80)     _g_dwInvVoltCtrlVo
0000aea6     2ba (0000ae80)     _g_dwRSinPionterQ15

0000aec0     2bb (0000aec0)     _g_strInvCurrCtrlPara

0000af00     2bc (0000af00)     _g_strDCDCCtrlPara

0000af40     2bd (0000af40)     _g_strInvVoltCtrlPara

0000b0e6     2c3 (0000b0c0)     _wAdcBias
0000b0ff     2c3 (0000b0c0)     _bRouteProt

0000b100     2c4 (0000b100)     _bSciRxBuf

0000b2c2     2cb (0000b2c0)     _g_uwBatVoltOverCnt
0000b2c3     2cb (0000b2c0)     _g_uwBatVoltOverRstCnt
0000b2c4     2cb (0000b2c0)     _g_uwBatSoftOCurrCnt
0000b2c5     2cb (0000b2c0)     _g_uwBatSoftOCurrRstCnt
0000b2c6     2cb (0000b2c0)     _g_uwDCDCCurrOverCnt
0000b2c7     2cb (0000b2c0)     _g_uwDCDCCurrOverRstCnt
0000b2c8     2cb (0000b2c0)     _g_uwLLCLPTempOverCnt
0000b2c9     2cb (0000b2c0)     _g_uwLLCLPTempOverRstCnt
0000b2ca     2cb (0000b2c0)     _g_uwLLCTraTempOverCnt
0000b2cb     2cb (0000b2c0)     _g_uwLLCTraTempOverRstCnt
0000b2cc     2cb (0000b2c0)     _g_uwBusVoltOverCnt
0000b2cd     2cb (0000b2c0)     _g_uwBusVoltOverRstCnt
0000b2ce     2cb (0000b2c0)     _g_uwBusVoltUnderCnt
0000b2cf     2cb (0000b2c0)     _g_uwBusVoltUnderRstCnt
0000b2d0     2cb (0000b2c0)     _g_uwBusSoftTimeOutCnt
0000b2d1     2cb (0000b2c0)     _g_uwBusSoftTimeOutRstCnt
0000b2d2     2cb (0000b2c0)     _g_uwInvSoftTimeOutCnt
0000b2d3     2cb (0000b2c0)     _g_uwInvSoftTimeOutRstCnt
0000b2d4     2cb (0000b2c0)     _g_uwInvVoltHighCnt
0000b2d5     2cb (0000b2c0)     _g_uwInvVoltHighRstCnt
0000b2d6     2cb (0000b2c0)     _g_uwInvCurrOverCnt
0000b2d7     2cb (0000b2c0)     _g_uwInvCurrOverRstCnt
0000b2d8     2cb (0000b2c0)     _g_uwInvHWCurrOverCnt
0000b2d9     2cb (0000b2c0)     _g_uwInvHWCurrOverRstCnt
0000b2da     2cb (0000b2c0)     _g_uwInvShortCnt
0000b2db     2cb (0000b2c0)     _g_uwInvShortRstCnt
0000b2dc     2cb (0000b2c0)     _g_uwInvCircirtTempOverCnt
0000b2dd     2cb (0000b2c0)     _g_uwInvCircirtTempOverRstCnt
0000b2de     2cb (0000b2c0)     _g_uwInvNtcConnectCnt
0000b2df     2cb (0000b2c0)     _g_uwInvNtcConnectRstCnt
0000b2e0     2cb (0000b2c0)     _g_uwOverLoadCnt
0000b2e1     2cb (0000b2c0)     _g_uwOverLoadRstCnt
0000b2e2     2cb (0000b2c0)     _g_uwOutputVoltLowCnt
0000b2e3     2cb (0000b2c0)     _g_uwOutputVoltLowRstCnt
0000b2e4     2cb (0000b2c0)     _g_uwOutputVoltHighCnt
0000b2e5     2cb (0000b2c0)     _g_uwOutputVoltHighRstCnt
0000b2e6     2cb (0000b2c0)     _g_uwBatHNtcConnectCnt
0000b2e7     2cb (0000b2c0)     _g_uwBatHNtcConnectRstCnt
0000b2e8     2cb (0000b2c0)     _g_uwBatLNtcConnectCnt
0000b2e9     2cb (0000b2c0)     _g_uwBatLNtcConnectRstCnt
0000b2ea     2cb (0000b2c0)     _g_uwGridCurrOverCnt
0000b2eb     2cb (0000b2c0)     _g_uwGridCurrOverRstCnt
0000b2ec     2cb (0000b2c0)     _g_uwOPCurrOverCnt
0000b2ed     2cb (0000b2c0)     _g_uwOPCurrOverRstCnt
0000b2ef     2cb (0000b2c0)     _T_ALARM_DATA
0000b2f4     2cb (0000b2c0)     _T_FAULT_DATA
0000b2fe     2cb (0000b2c0)     _fBusBatProtJob
0000b2ff     2cb (0000b2c0)     _uwBusBatProtStkChk

0000b300     2cc (0000b300)     _bTestRxBuff

0000b400     2d0 (0000b400)     _ViewBuf

0000b4ff     2d3 (0000b4c0)     _View1SFlash

0000b500     2d4 (0000b500)     _cGetDataSubArray

0000b5c8     2d7 (0000b5c0)     _wEnergyAhReal
0000b5c9     2d7 (0000b5c0)     _wEnergyAhMax
0000b5ca     2d7 (0000b5c0)     _wEnergyPct80Volt
0000b5cb     2d7 (0000b5c0)     _wEnergyPct20Volt
0000b5cc     2d7 (0000b5c0)     _wEnergyPct05Volt
0000b5cd     2d7 (0000b5c0)     _wEnergyCompCoeff
0000b5ce     2d7 (0000b5c0)     _wEnergyCompTemp
0000b5cf     2d7 (0000b5c0)     _wEnergyPct20TwoVolt
0000b5d0     2d7 (0000b5c0)     _wEnergySocNew
0000b5d1     2d7 (0000b5c0)     _wEnergySohNew
0000b5d2     2d7 (0000b5c0)     _wEnergyAhComp
0000b5d3     2d7 (0000b5c0)     _wEnergySocTemp
0000b5d4     2d7 (0000b5c0)     _wEnergyAhRated
0000b5d5     2d7 (0000b5c0)     _wEnergyAh0Pct5Rated
0000b5d6     2d7 (0000b5c0)     _wEnergyAh20PctRated
0000b5d7     2d7 (0000b5c0)     _wEnergyAh40PctRated
0000b5d8     2d7 (0000b5c0)     _wEnergyAh50PctRated
0000b5d9     2d7 (0000b5c0)     _wEnergyAh80PctRated
0000b5da     2d7 (0000b5c0)     _wEnergyAhStart
0000b5db     2d7 (0000b5c0)     _wEnergyAhEnd
0000b5dc     2d7 (0000b5c0)     _wEnergyAh01Pct
0000b5dd     2d7 (0000b5c0)     _wEnergyAh05Pct
0000b5de     2d7 (0000b5c0)     _wEnergyAh20Pct
0000b5df     2d7 (0000b5c0)     _wEnergyAh80Pct
0000b5e0     2d7 (0000b5c0)     _wEnergyAh99Pct
0000b5e1     2d7 (0000b5c0)     _wOcvPauseEnterCurr
0000b5e2     2d7 (0000b5c0)     _wOcvPauseExitCurr
0000b5e3     2d7 (0000b5c0)     _wOcvPauseEnterCnt
0000b5e4     2d7 (0000b5c0)     _wOcvPauseExitCnt
0000b5e5     2d7 (0000b5c0)     _fSoxStatus
0000b5f4     2d7 (0000b5c0)     _dwEnergyAhTime
0000b5f6     2d7 (0000b5c0)     _dwAhAcc
0000b5fa     2d7 (0000b5c0)     _sSocShow
0000b5fd     2d7 (0000b5c0)     _fDisplayJob
0000b5fe     2d7 (0000b5c0)     _uwDispStkChk
0000b5ff     2d7 (0000b5c0)     _uwLedDelayCount

0000b602     2d8 (0000b600)     _sCellVoltFilter

0000b640     2d9 (0000b640)     _sCurrentFilter

0000b680     2da (0000b680)     _sSocData

0000b6c6     2db (0000b6c0)     _g_uwPV1CtrlSts
0000b6c7     2db (0000b6c0)     _g_wPVPwmPeriod
0000b6c8     2db (0000b6c0)     _g_uwPv1DCDCCtrlSts
0000b6c9     2db (0000b6c0)     _g_wLoop1Cnt
0000b6ca     2db (0000b6c0)     _g_wPv1BatVoltAvg
0000b6cb     2db (0000b6c0)     _g_wPvVoltAvg
0000b6cc     2db (0000b6c0)     _g_wBatVoltErr1
0000b6cd     2db (0000b6c0)     _g_wPv1VoltErr
0000b6ce     2db (0000b6c0)     _g_wPv1BatVoltErr
0000b6cf     2db (0000b6c0)     _g_wPPv1VoltErr
0000b6d0     2db (0000b6c0)     _g_wBatVKp1
0000b6d1     2db (0000b6c0)     _g_wBatVKi1
0000b6d2     2db (0000b6c0)     _g_wPv1VKp
0000b6d3     2db (0000b6c0)     _g_wPv1VKi
0000b6d4     2db (0000b6c0)     _g_wPDCDCIErr1
0000b6d5     2db (0000b6c0)     _g_wDCDCIKp1
0000b6d6     2db (0000b6c0)     _g_wDCDCIKi1
0000b6d7     2db (0000b6c0)     _g_wPv1PWM
0000b6d8     2db (0000b6c0)     _g_wPvChgStatus
0000b6d9     2db (0000b6c0)     _g_wPvChgStatusCount
0000b6da     2db (0000b6c0)     _g_wPvChgPWMDie
0000b6db     2db (0000b6c0)     _uwSciPvBatChgLimit
0000b6dc     2db (0000b6c0)     _uwUserPvBatChgLimit
0000b6dd     2db (0000b6c0)     _g_wPvVoltRef
0000b6de     2db (0000b6c0)     _g_wPvChgBatVoltRef
0000b6df     2db (0000b6c0)     _g_wPv1PWMA
0000b6e0     2db (0000b6c0)     _g_wPv1PWMB
0000b6e1     2db (0000b6c0)     _g_wPv1PWMupLimit
0000b6e2     2db (0000b6c0)     _g_wPv1PWMupLimit2
0000b6e4     2db (0000b6c0)     _g_dwPv1BatVoltSum
0000b6e6     2db (0000b6c0)     _g_dwPv1VoltSum
0000b6e8     2db (0000b6c0)     _g_dwBat_P
0000b6ea     2db (0000b6c0)     _g_dwBat_I
0000b6ec     2db (0000b6c0)     _g_dwBatVmo1
0000b6ee     2db (0000b6c0)     _g_dwPv1_P
0000b6f0     2db (0000b6c0)     _g_dwPDCDCImo1
0000b6f2     2db (0000b6c0)     _g_dwCurr1_P
0000b6f4     2db (0000b6c0)     _g_dwCurr1_I
0000b6f6     2db (0000b6c0)     _g_dwCurr1Vmo
[...]
0     0008b59b  _swGetRSinPointer                 
0     0008b59f  _swGetInvVref                     
0     0008b5a3  _swGetInvVoltCntl                 
0     0008b5a7  _swGetInvRPInvPWM                 
0     0008b5ab  _swGetInvRNInvPWM                 
0     0008b5af  _swGetInvPWMEn                    
0     0008b5b3  _swGetInvPWM                      
0     0008b5b7  _swGetInvLPInvPWM                 
0     0008b5bb  _swGetInvLNInvPWM                 
0     0008b5bf  _swGetInvKpwm                     
0     0008b5c3  _swGetDCDCCtrlFBBusErr            
0     0008b5c7  _suwGetFBInvCtrlSts               
0     0008b5cb  _sSetRSinPointer                  
0     0008b5d2  _sSetInvVoltCtrlParaKv            
0     0008b5d6  _sSetInvVoltCtrlParaKi            
0     0008b5da  _sSetInvVoltCtrlParaCurrLimit     
0     0008b5de  _sSetInvPWMEn                     
0     0008b5e5  _sSetInvKpwm                      
0     0008b5ec  _sInvCurrCntlParaClr              
0     0008b602  _sClearFBRam                      
0     0008b609  _sInvVoltCntlParaClr              
0     0008b62c  _sInvertVoltCtrlParaClr           
0     0008b633  _sSetFBInvCtrlStsIsr              
0     0008b6af  _sSetFBInvCtrlSts                 
0     0008b6b6  _sInitInvVoltCntlPara             
0     0008b6ce  _sInvertVoltCtrlParaInit          
0     0008b6e4  _sClearFBRCurrRam                 
0     0008b6e4  _sInvCurrCntlVoltaLoopClr         
0     0008b6f0  _sInvCurrCntlCurrLoopClr          
0     0008b6fc  _sFBINVPFCInitial                 
0     0008b6fc  _sInitInvCurrCntlPara             
0     0008b71a  _sGetLoopOutput                   
0     0008b71e  _sSetVramArea                     
0     0008b72d  _sSendBitToVram                   
0     0008b75a  _sLcdDelay1us                     
0     0008b760  _sDisplayUpdateData               
0     0008b79e  _sDisplayUpdate                   
0     0008b7c7  _sDisplayHwInit                   
0     0008b83b  _sDisplayDevInit                  
0     0008b86d  _sClearVramArea                   
0     0008b875  _sBackLightOn                     
0     0008b87a  _sBackLightOff                    
0     0008b87f  _uwGetGridStkChk                  
0     0008b883  _sRSTIslandChk                    
0     0008b8dc  _sIslandRecover                   
0     0008b907  _sIslandDetect                    
0     0008b936  _sGridJobInit                     
0     0008b93b  _sGridChgBusVoltChk               
0     0008b95a  _sGridJob                         
0     0008b9a8  _sGetRatedGridPower               
0     0008b9ac  _sGetGridChgBusVoltFlag           
0     0008b9b0  _sCalReactiveCurr220V             
0     0008b9c0  _swGetFanWorkMode                 
0     0008b9c4  _swGetFanStatus                   
0     0008b9c8  _swGetFanDutyPct                  
0     0008b9cc  _swGetFanDuty                     
0     0008b9d0  _sSetFanDutyPct                   
0     0008b9d4  _sSetFanDuty                      
0     0008b9d8  _sFanSpeedChk                     
0     0008ba1a  _sFBFanSpeedCtrl                  
0     0008bac0  _sFBFanSpeedProc                  
0     0008bac6  _sFaultRstCntProc                 
0     0008bba9  _sFaultAlarmInit                  
0     0008bbb2  _suwSetDCDCConvPWMValue1          
0     0008bbb9  _suwSetDCDCConvPWMValue           
0     0008bbc0  _suwGetTrueflag                   
0     0008bbc4  _suwGetLLCSoftDutyRate            
0     0008bbc8  _suwGetLLCMinDutyTime             
0     0008bbcc  _suwGetLLCCtrlSts                 
0     0008bbd0  _suwGetHighSoftFinish             
0     0008bbd4  _suwGetGridChgBatLowCutFlag       
0     0008bbd8  _suwGetDCDCSoftDutyFinish         
0     0008bbdc  _suwGetDCDCLowPWMDutyLimit        
0     0008bbe0  _suwGetDCDCLowPWMDuty             
0     0008bbe4  _suwGetDCDCHighPWMDutyLimit       
0     0008bbe8  _suwGetDCDCHighPWMDuty            
0     0008bbec  _suwGetDCDCCtrlSts                
0     0008bbf0  _suwGetDCDCConvPWMValue1          
0     0008bbf4  _suwGetDCDCConvPWMValue           
0     0008bbf8  _suwGetDCDCConvPWMPeriod          
0     0008bbfc  _suwGetChgModeFlagEn              
0     0008bc00  _sSetTrueflag                     
0     0008bc07  _sSetLLCSoftDutyRate              
0     0008bc0e  _sSetLLCMinDutyTime               
0     0008bc15  _sSetLLCCtrlSts                   
0     0008bc1c  _sSetHighSoftFinish               
0     0008bc23  _sSetGridChgBatLowCutFlag         
0     0008bc2a  _sSetDCDCLowPWMDutyLimit          
0     0008bc31  _sSetDCDCHighPWMDutyLimit         
0     0008bc38  _sSetDCDCCtrlStsIsr               
0     0008bc4a  _sSetDCDCCtrlSts                  
0     0008bc51  _sSetChgModeFlagEn                
0     0008bc58  _sDCDCParaInit                    
0     0008bc5e  _sClrDCDCCtrlPara                 
0     0008bc97  _suwGetUserPvBatChgLimit          
0     0008bc9b  _suwGetSciPvBatChgLimit           
0     0008bc9f  _suwGetPvVoltRef                  
0     0008bca3  _suwGetPvChgBatVoltRef            
0     0008bca7  _suwGetPvBatChgLimit              
0     0008bcab  _suwGetPv1VKp                     
0     0008bcaf  _suwGetPv1VKi                     
0     0008bcb3  _suwGetPv1PWMupLimit2             
0     0008bcb7  _suwGetPv1PWMB                    
0     0008bcbb  _suwGetPV1PWM                     
0     0008bcbf  _suwGetPV1CtrlSts                 
0     0008bcc3  _suwGetDCDCIKp1                   
0     0008bcc7  _suwGetDCDCIKi1                   
0     0008bccb  _suwGetBatVKp1                    
0     0008bccf  _suwGetBatVKi1                    
0     0008bcd3  _sSetUserPvBatChgLimit            
0     0008bcda  _sSetSciPvBatChgLimit             
0     0008bce1  _sSetPvVoltRef                    
0     0008bce8  _sSetPvChgBatVoltRef              
0     0008bcef  _sSetPv1VKp                       
0     0008bcf6  _sSetPv1VKi                       
0     0008bcfd  _sSetPv1PWMupLimit2               
0     0008bd04  _sSetPv1PWM                       
0     0008bd0b  _sClrPv1CtrlPara                  
0     0008bd22  _sSetPV1CtrlStsIsr                
0     0008bd2b  _sSetPV1CtrlSts                   
0     0008bd32  _sSetDCDCIKp1                     
0     0008bd39  _sSetDCDCIKi1                     
0     0008bd40  _sSetBatVKp1                      
0     0008bd47  _sSetBatVKi1                      
0     0008bd4e  _sPvParaInit                      
0     0008bd4f  _sPV1OpenControl                  
0     0008bd6b  _XBAR_setOutputMuxConfig          
0     0008bd90  _XBAR_setEPWMMuxConfig            
0     0008bdbb  _XBAR_setCLBMuxConfig             
0     0008bde6  _XBAR_getInputFlagStatus          
0     0008be15  _XBAR_clearInputFlag              
0     0008be3d  _uwGetInterfaceStkChk             
0     0008be41  _swSetPassthroughDelay            
0     0008be45  _swSetPassthrough                 
0     0008be49  _swGetPassthrough                 
0     0008be4d  _sbGetInitializeFinished          
0     0008be52  _sInterfaceJobInit                
0     0008be78  _sDataUpdate                      
0     0008be7f  _sInterfaceJob                    
0     0008bf0b  _sbGetRouteProt                   
0     0008bf0f  _sSetRouteProt                    
0     0008bf13  _sSciRouting                      
0     0008bfd3  _suwGetPvMpptPause                
0     0008bfd9  _suwGetMpptVoltRef                
0     0008bfdd  _sSetPvVoltLoopSel                
0     0008bfe6  _sSetPvMpptPause                  
0     0008bfef  _sMPPTParaInit                    
0     0008c00f  _sBuckMpptMethod                  
0     0008c06d  _sBuckMpptDisturb                 
0     0008c096  _uwGetBusBatProtStkChk            
0     0008c09a  _sBusBatProtInit                  
0     0008c09e  _sBusBatProtJob                   
0     0008c155  _CMPSS_configRampLow              
0     0008c17d  _CMPSS_configRampHigh             
0     0008c1a1  _CMPSS_configRamp                 
0     0008c1c0  _CMPSS_configLatchOnPWMSYNC       
0     0008c1d5  _CMPSS_configFilterLow            
0     0008c1f1  _CMPSS_configFilterHigh           
0     0008c20d  _sOSTimerStop                     
0     0008c21d  _sOSTimerStart                    
0     0008c23d  _main                             
0     0008c2b6  FS$$DIV                           
0     0008c33e  _swSocCalibration                 
0     0008c362  _sSocMain                         
0     0008c3b5  _sGetCellCurr                     
0     0008c3ba  _OSFindHighPrio                   
0     0008c3e9  _OSSched                          
0     0008c402  _OSInitTCBList                    
0     0008c412  _OSInitSys                        
0     0008c41c  _OSInitRdyList                    
0     0008c42e  _OSTaskCreate                     
0     0008c452  _OSStkChk                         
0     0008c472  _OSStart                          
0     0008c485  _OSIntExit                        
0     0008c49b  _OSInit                           
0     0008c4a2  _sSetRlyPointer                   
0     0008c503  _sRlyDelayProc                    
0     0008c513  _uwGetDispStkChk                  
0     0008c517  _sLEDDisplay                      
0     0008c556  _sDisplayJobInit                  
0     0008c55a  _sDisplayJob                      
0     0008c573  _c_int00                          
0     0008c5c9  _OSMaskEventPend                  
0     0008c5f6  _OSEventSend                      
0     0008c612  _OSEventGet                       
0     0008c61b  _sSciPassthrough                  
0     0008c652  _OSStartHighRdy                   
0     0008c662  _OSCtxSw                          
0     0008c685  _OSIntCtxSw                       
0     0008c688  _sIdleJobInit                     
0     0008c68c  _sIdleJob                         
0     0008c6b7  L$$DIV                            
0     0008c6c6  L$$MOD                            
0     0008c6d4  UL$$DIV                           
0     0008c6db  UL$$MOD                           
0     0008c6e1  _OSTaskStkInit                    
0     0008c70a  C$$EXIT                           
0     0008c70a  _abort                            
0     0008c70c  _exit                             
0     0008c733  _copy_in                          
0     0008c757  I$$DIV                            
0     0008c768  I$$MOD                            
0     0008c779  _wGetRSinPointerwThetaTemp        
0     0008c77d  _uwGetOPRelayOn                   
0     0008c781  _uwGetGridRelayOn                 
0     0008c785  _uwGetBATSPSRlyOn                 
0     0008c789  _sSetRSinPionterQ15               
0     0008c78e  _sSetOPRelayOn                    
0     0008c792  _sSetGridRelayOn                  
0     0008c796  _sSetBATSPSRlyOn                  
0     0008c79a  _Interrupt_nmiHandler             
0     0008c7a4  _Interrupt_illegalOperationHandler
0     0008c7ae  _Interrupt_defaultHandler         
0     0008c7ba  LL$$CMP                           
0     0008c7cc  ULL$$CMP                          
0     0008c7d8  _swGetdwUq_Filt                   
0     0008c7dc  _swGetdwUq                        
0     0008c7e0  _swGetdwUd_Filt                   
0     0008c7e4  _swGetdwUd                        
0     0008c7e8  _swGetPreSinePeriodCntNew         
0     0008c7ec  _swGetPllTheta                    
0     0008c7f0  _swGetInvSinPointBias             
0     0008c7f4  _sPhaseLockInitial                
0     0008c7f5  _memcpy                           
0     0008c812  __args_main                       
0     0008c824  U$$DIV                            
0     0008c829  U$$MOD                            
0     0008c82f  _sParallelJobInit                 
0     0008c833  _sParallelJob                     
0     0008c839  __register_unlock                 
0     0008c83d  __register_lock                   
0     0008c841  __nop                             
0     0008c84a  _memset                           
0     0008c851  __system_pre_init                 
0     0008c858  _RamfuncsLoadStart                
0     0008dcc6  _RamfuncsLoadEnd                  
0     0008dcc8  ___cinit__                        
0     0008dcc8  cinit                             
0     0008e928  _cwDhgOCVMap                      
0     0008ec10  _PieVectTableInit                 
0     0008edd0  _strEepromDefaultTable2           
0     0008ef86  _cwChgOCVMap                      
0     0008f12a  _Figure13SEG_TAB                  
0     0008f1d3  _wNTCHsTempSampleTab              
0     0008f260  _strEepromDefaultTable1           
0     0008f2c0  _Seg13CodeTab                     
0     0008f2e5  _strEepromDefaultTable3           
0     0008f305  _SOC_TAB                          
1     00000c00  _CpuTimer0Regs                    
1     00000c08  _CpuTimer1Regs                    
1     00000c10  _CpuTimer2Regs                    
1     00000ce0  _PieCtrlRegs                      
1     00001000  _DmaRegs                          
1     00001400  _Cla1Regs                         
1     00001800  _AdcaResultRegs                   
1     00001880  _AdcbResultRegs                   
1     00001900  _AdccResultRegs                   
1     00001980  _AdcdResultRegs                   
1     00001a00  _AdceResultRegs                   
1     00003000  _Clb1LogicCfgRegs                 
1     00003100  _Clb1LogicCtrlRegs                
1     00003180  _Clb1DataExchRegs                 
1     00003400  _Clb2LogicCfgRegs                 
1     00003500  _Clb2LogicCtrlRegs                
1     00003580  _Clb2DataExchRegs                 
1     00004000  _EPwm1Regs                        
1     00004100  _EPwm2Regs                        
1     00004200  _EPwm3Regs                        
1     00004300  _EPwm4Regs                        
1     00004400  _EPwm5Regs                        
1     00004500  _EPwm6Regs                        
1     00004600  _EPwm7Regs                        
1     00004700  _EPwm8Regs                        
1     00004800  _EPwm9Regs                        
1     00004900  _EPwm10Regs                       
1     00004a00  _EPwm11Regs                       
1     00004b00  _EPwm12Regs                       
1     00005100  _EQep1Regs                        
1     00005140  _EQep2Regs                        
1     00005180  _EQep3Regs                        
1     00005200  _ECap1Regs                        
1     00005240  _ECap2Regs                        
1     00005500  _Cmpss1Regs                       
1     00005540  _Cmpss2Regs                       
1     00005580  _Cmpss3Regs                       
1     000055c0  _Cmpss4Regs                       
1     00005b00  _Pga1Regs                         
1     00005b10  _Pga2Regs                         
1     00005b20  _Pga3Regs                         
1     00005c00  _DacaRegs                         
1     00006100  _SpiaRegs                         
1     00006110  _SpibRegs                         
1     00006400  _PmbusaRegs                       
1     00006600  _FsiTxaRegs                       
1     00006680  _FsiRxaRegs                       
1     00006800  _LinaRegs                         
1     00006a00  _AdccRegs                         
1     00006c00  _AdcdRegs                         
1     00006e00  _AdceRegs                         
1     00007000  _WdRegs                           
1     00007060  _NmiIntruptRegs                   
1     00007070  _XintRegs                         
1     00007200  _SciaRegs                         
1     00007210  _ScibRegs                         
1     00007220  _ScicRegs                         
1     00007300  _I2caRegs                         
1     00007340  _I2cbRegs                         
1     00007400  _AdcaRegs                         
1     00007600  _AdcbRegs                         
1     00007900  _InputXbarRegs                    
1     00007920  _XbarRegs                         
1     00007940  _SyncSocRegs                      
1     00007960  _ClbInputXbarRegs                 
1     00007980  _DmaClaSrcSelRegs                 
1     00007a00  _EPwmXbarRegs                     
1     00007a40  _ClbXbarRegs                      
1     00007a80  _OutputXbarRegs                   
1     00007bc0  _ClbOutputXbarRegs                
1     00007c00  _GpioCtrlRegs                     
1     00007f00  _GpioDataRegs                     
1     00007f80  _GpioDataReadRegs                 
1     00007fe0  _LfuRegs                          
1     00042000  _AesaRegs                         
1     00042c00  _AesaSsRegs                       
1     00059400  _McanaSsRegs                      
1     00059600  _McanaRegs                        
1     00059800  _McanaErrorRegs                   
1     0005b400  _McanbSsRegs                      
1     0005b600  _McanbRegs                        
1     0005b800  _McanbErrorRegs                   
1     0005d000  _DevCfgRegs                       
1     0005d200  _ClkCfgRegs                       
1     0005d300  _CpuSysRegs                       
1     0005d400  _SysStatusRegs                    
1     0005d500  _PeriphAcRegs                     
1     0005d700  _AnalogSubsysRegs                 
1     0005e700  _Dcc0Regs                         
1     0005e740  _Dcc1Regs                         
1     0005e800  _EradGlobalRegs                   
1     0005e900  _EradHWBP1Regs                    
1     0005e908  _EradHWBP2Regs                    
1     0005e910  _EradHWBP3Regs                    
1     0005e918  _EradHWBP4Regs                    
1     0005e920  _EradHWBP5Regs                    
1     0005e928  _EradHWBP6Regs                    
1     0005e930  _EradHWBP7Regs                    
1     0005e938  _EradHWBP8Regs                    
1     0005e980  _EradCounter1Regs                 
1     0005e990  _EradCounter2Regs                 
1     0005e9a0  _EradCounter3Regs                 
1     0005e9b0  _EradCounter4Regs                 
1     0005ea00  _EradCRCGlobalRegs                
1     0005ea10  _EradCRC1Regs                     
1     0005ea20  _EradCRC2Regs                     
1     0005ea30  _EradCRC3Regs                     
1     0005ea40  _EradCRC4Regs                     
1     0005ea50  _EradCRC5Regs                     
1     0005ea60  _EradCRC6Regs                     
1     0005ea70  _EradCRC7Regs                     
1     0005ea80  _EradCRC8Regs                     
1     0005ead0  _EradPCTraceRegs                  
1     0005ec00  _Epg1Regs                         
1     0005ecd0  _Epg1MuxRegs                      
1     0005f000  _DcsmZ1Regs                       
1     0005f080  _DcsmZ2Regs                       
1     0005f0c0  _DcsmCommonRegs                   
1     0005f400  _MemCfgRegs                       
1     0005f500  _AccessProtectionRegs             
1     0005f540  _MemoryErrorRegs                  
1     0005f590  _TestErrorRegs                    
1     0005f800  _Flash0CtrlRegs                   
1     0005fb00  _Flash0EccRegs                    
1     0005fe00  _EradPCTraceBufferRegs            
1     00072168  _UidRegs                          
1     00078000  _DcsmZ1OtpRegs                    
1     00078200  _DcsmZ2OtpRegs                    
abs   00000200  __STACK_SIZE                      
abs   0000146e  _RamfuncsLoadSize                 
abs   0000146e  _RamfuncsRunSize                  
abs   ffffffff  .text                             
abs   ffffffff  ___TI_pprof_out_hndl              
abs   ffffffff  ___TI_prof_data_size              
abs   ffffffff  ___TI_prof_data_start             
abs   ffffffff  ___binit__                        
abs   ffffffff  ___c_args__                       
abs   ffffffff  ___etext__                        
abs   ffffffff  ___pinit__                        
abs   ffffffff  ___text__                         
abs   ffffffff  binit                             
abs   ffffffff  etext                             
abs   ffffffff  pinit                             

[3641 symbols]
